Archive member included to satisfy reference by file (symbol)

C:/ST/STM32CubeIDE_1.19.0/STM32CubeIDE/plugins/com.st.stm32cube.ide.mcu.externaltools.gnu-tools-for-stm32.13.3.rel1.win32_1.0.0.202411081344/tools/bin/../lib/gcc/arm-none-eabi/13.3.1/../../../../arm-none-eabi/lib/thumb/v7e-m+fp/hard\libc_nano.a(libc_a-exit.o)
                              C:/ST/STM32CubeIDE_1.19.0/STM32CubeIDE/plugins/com.st.stm32cube.ide.mcu.externaltools.gnu-tools-for-stm32.13.3.rel1.win32_1.0.0.202411081344/tools/bin/../lib/gcc/arm-none-eabi/13.3.1/../../../../arm-none-eabi/lib/thumb/v7e-m+fp/hard/crt0.o (exit)
C:/ST/STM32CubeIDE_1.19.0/STM32CubeIDE/plugins/com.st.stm32cube.ide.mcu.externaltools.gnu-tools-for-stm32.13.3.rel1.win32_1.0.0.202411081344/tools/bin/../lib/gcc/arm-none-eabi/13.3.1/../../../../arm-none-eabi/lib/thumb/v7e-m+fp/hard\libc_nano.a(libc_a-nano-vfprintf_float.o)
                              (_printf_float)
C:/ST/STM32CubeIDE_1.19.0/STM32CubeIDE/plugins/com.st.stm32cube.ide.mcu.externaltools.gnu-tools-for-stm32.13.3.rel1.win32_1.0.0.202411081344/tools/bin/../lib/gcc/arm-none-eabi/13.3.1/../../../../arm-none-eabi/lib/thumb/v7e-m+fp/hard\libc_nano.a(libc_a-nano-vfprintf_i.o)
                              C:/ST/STM32CubeIDE_1.19.0/STM32CubeIDE/plugins/com.st.stm32cube.ide.mcu.externaltools.gnu-tools-for-stm32.13.3.rel1.win32_1.0.0.202411081344/tools/bin/../lib/gcc/arm-none-eabi/13.3.1/../../../../arm-none-eabi/lib/thumb/v7e-m+fp/hard\libc_nano.a(libc_a-nano-vfprintf_float.o) (_printf_common)
C:/ST/STM32CubeIDE_1.19.0/STM32CubeIDE/plugins/com.st.stm32cube.ide.mcu.externaltools.gnu-tools-for-stm32.13.3.rel1.win32_1.0.0.202411081344/tools/bin/../lib/gcc/arm-none-eabi/13.3.1/../../../../arm-none-eabi/lib/thumb/v7e-m+fp/hard\libc_nano.a(libc_a-findfp.o)
                              C:/ST/STM32CubeIDE_1.19.0/STM32CubeIDE/plugins/com.st.stm32cube.ide.mcu.externaltools.gnu-tools-for-stm32.13.3.rel1.win32_1.0.0.202411081344/tools/bin/../lib/gcc/arm-none-eabi/13.3.1/../../../../arm-none-eabi/lib/thumb/v7e-m+fp/hard\libc_nano.a(libc_a-exit.o) (__stdio_exit_handler)
C:/ST/STM32CubeIDE_1.19.0/STM32CubeIDE/plugins/com.st.stm32cube.ide.mcu.externaltools.gnu-tools-for-stm32.13.3.rel1.win32_1.0.0.202411081344/tools/bin/../lib/gcc/arm-none-eabi/13.3.1/../../../../arm-none-eabi/lib/thumb/v7e-m+fp/hard\libc_nano.a(libc_a-fwalk.o)
                              C:/ST/STM32CubeIDE_1.19.0/STM32CubeIDE/plugins/com.st.stm32cube.ide.mcu.externaltools.gnu-tools-for-stm32.13.3.rel1.win32_1.0.0.202411081344/tools/bin/../lib/gcc/arm-none-eabi/13.3.1/../../../../arm-none-eabi/lib/thumb/v7e-m+fp/hard\libc_nano.a(libc_a-findfp.o) (_fwalk_sglue)
C:/ST/STM32CubeIDE_1.19.0/STM32CubeIDE/plugins/com.st.stm32cube.ide.mcu.externaltools.gnu-tools-for-stm32.13.3.rel1.win32_1.0.0.202411081344/tools/bin/../lib/gcc/arm-none-eabi/13.3.1/../../../../arm-none-eabi/lib/thumb/v7e-m+fp/hard\libc_nano.a(libc_a-sprintf.o)
                              ./Library_User/Display/Src/Display_Curtis.o (sprintf)
C:/ST/STM32CubeIDE_1.19.0/STM32CubeIDE/plugins/com.st.stm32cube.ide.mcu.externaltools.gnu-tools-for-stm32.13.3.rel1.win32_1.0.0.202411081344/tools/bin/../lib/gcc/arm-none-eabi/13.3.1/../../../../arm-none-eabi/lib/thumb/v7e-m+fp/hard\libc_nano.a(libc_a-stdio.o)
                              C:/ST/STM32CubeIDE_1.19.0/STM32CubeIDE/plugins/com.st.stm32cube.ide.mcu.externaltools.gnu-tools-for-stm32.13.3.rel1.win32_1.0.0.202411081344/tools/bin/../lib/gcc/arm-none-eabi/13.3.1/../../../../arm-none-eabi/lib/thumb/v7e-m+fp/hard\libc_nano.a(libc_a-findfp.o) (__sread)
C:/ST/STM32CubeIDE_1.19.0/STM32CubeIDE/plugins/com.st.stm32cube.ide.mcu.externaltools.gnu-tools-for-stm32.13.3.rel1.win32_1.0.0.202411081344/tools/bin/../lib/gcc/arm-none-eabi/13.3.1/../../../../arm-none-eabi/lib/thumb/v7e-m+fp/hard\libc_nano.a(libc_a-memcmp.o)
                              ./Library_User/VCU_State/VCU_State.o (memcmp)
C:/ST/STM32CubeIDE_1.19.0/STM32CubeIDE/plugins/com.st.stm32cube.ide.mcu.externaltools.gnu-tools-for-stm32.13.3.rel1.win32_1.0.0.202411081344/tools/bin/../lib/gcc/arm-none-eabi/13.3.1/../../../../arm-none-eabi/lib/thumb/v7e-m+fp/hard\libc_nano.a(libc_a-memset.o)
                              C:/ST/STM32CubeIDE_1.19.0/STM32CubeIDE/plugins/com.st.stm32cube.ide.mcu.externaltools.gnu-tools-for-stm32.13.3.rel1.win32_1.0.0.202411081344/tools/bin/../lib/gcc/arm-none-eabi/13.3.1/../../../../arm-none-eabi/lib/thumb/v7e-m+fp/hard/crt0.o (memset)
C:/ST/STM32CubeIDE_1.19.0/STM32CubeIDE/plugins/com.st.stm32cube.ide.mcu.externaltools.gnu-tools-for-stm32.13.3.rel1.win32_1.0.0.202411081344/tools/bin/../lib/gcc/arm-none-eabi/13.3.1/../../../../arm-none-eabi/lib/thumb/v7e-m+fp/hard\libc_nano.a(libc_a-localeconv.o)
[...]
Memory Configuration

Name             Origin             Length             Attributes
CCMRAM           0x10000000         0x00010000         xrw
RAM              0x20000000         0x00020000         xrw
FLASH            0x08000000         0x00080000         xr
*default*        0x00000000         0xffffffff

Linker script and memory map

LOAD C:/ST/STM32CubeIDE_1.19.0/STM32CubeIDE/plugins/com.st.stm32cube.ide.mcu.externaltools.gnu-tools-for-stm32.13.3.rel1.win32_1.0.0.202411081344/tools/bin/../lib/gcc/arm-none-eabi/13.3.1/thumb/v7e-m+fp/hard/crti.o
LOAD C:/ST/STM32CubeIDE_1.19.0/STM32CubeIDE/plugins/com.st.stm32cube.ide.mcu.externaltools.gnu-tools-for-stm32.13.3.rel1.win32_1.0.0.202411081344/tools/bin/../lib/gcc/arm-none-eabi/13.3.1/thumb/v7e-m+fp/hard/crtbegin.o
LOAD C:/ST/STM32CubeIDE_1.19.0/STM32CubeIDE/plugins/com.st.stm32cube.ide.mcu.externaltools.gnu-tools-for-stm32.13.3.rel1.win32_1.0.0.202411081344/tools/bin/../lib/gcc/arm-none-eabi/13.3.1/../../../../arm-none-eabi/lib/thumb/v7e-m+fp/hard/crt0.o
LOAD ./Core/Src/main.o
LOAD ./Core/Src/stm32f4xx_hal_msp.o
LOAD ./Core/Src/stm32f4xx_it.o
LOAD ./Core/Src/syscalls.o
LOAD ./Core/Src/sysmem.o
LOAD ./Core/Src/system_stm32f4xx.o
LOAD ./Core/Startup/startup_stm32f407vetx.o
LOAD ./Drivers/STM32F4xx_HAL_Driver/Src/stm32f4xx_hal.o
LOAD ./Drivers/STM32F4xx_HAL_Driver/Src/stm32f4xx_hal_can.o
LOAD ./Drivers/STM32F4xx_HAL_Driver/Src/stm32f4xx_hal_cortex.o
LOAD ./Drivers/STM32F4xx_HAL_Driver/Src/stm32f4xx_hal_dma.o
LOAD ./Drivers/STM32F4xx_HAL_Driver/Src/stm32f4xx_hal_dma_ex.o
LOAD ./Drivers/STM32F4xx_HAL_Driver/Src/stm32f4xx_hal_exti.o
LOAD ./Drivers/STM32F4xx_HAL_Driver/Src/stm32f4xx_hal_flash.o
LOAD ./Drivers/STM32F4xx_HAL_Driver/Src/stm32f4xx_hal_flash_ex.o
LOAD ./Drivers/STM32F4xx_HAL_Driver/Src/stm32f4xx_hal_flash_ramfunc.o
LOAD ./Drivers/STM32F4xx_HAL_Driver/Src/stm32f4xx_hal_gpio.o
LOAD ./Drivers/STM32F4xx_HAL_Driver/Src/stm32f4xx_hal_pcd.o
LOAD ./Drivers/STM32F4xx_HAL_Driver/Src/stm32f4xx_hal_pcd_ex.o
LOAD ./Drivers/STM32F4xx_HAL_Driver/Src/stm32f4xx_hal_pwr.o
LOAD ./Drivers/STM32F4xx_HAL_Driver/Src/stm32f4xx_hal_pwr_ex.o
LOAD ./Drivers/STM32F4xx_HAL_Driver/Src/stm32f4xx_hal_rcc.o
LOAD ./Drivers/STM32F4xx_HAL_Driver/Src/stm32f4xx_hal_rcc_ex.o
LOAD ./Drivers/STM32F4xx_HAL_Driver/Src/stm32f4xx_hal_spi.o
LOAD ./Drivers/STM32F4xx_HAL_Driver/Src/stm32f4xx_hal_uart.o
LOAD ./Drivers/STM32F4xx_HAL_Driver/Src/stm32f4xx_ll_usb.o
LOAD ./Library_User/BMS_Jihong/jikong_can.o
LOAD ./Library_User/Charger/Charge.o
LOAD ./Library_User/Controller_Slider/Can_Slider.o
LOAD ./Library_User/Display/Src/Display_Curtis.o
LOAD ./Library_User/Display/Src/ST7565.o
LOAD ./Library_User/Display/Src/glcdfont.o
LOAD ./Library_User/Led_Error/Led_Error.o
LOAD ./Library_User/VCU_State/VCU_State.o
LOAD ./Middlewares/ST/STM32_USB_Device_Library/Class/CDC/Src/usbd_cdc.o
LOAD ./Middlewares/ST/STM32_USB_Device_Library/Core/Src/usbd_core.o
LOAD ./Middlewares/ST/STM32_USB_Device_Library/Core/Src/usbd_ctlreq.o
LOAD ./Middlewares/ST/STM32_USB_Device_Library/Core/Src/usbd_ioreq.o
LOAD ./USB_DEVICE/App/usb_device.o
LOAD ./USB_DEVICE/App/usbd_cdc_if.o
LOAD ./USB_DEVICE/App/usbd_desc.o
LOAD ./USB_DEVICE/Target/usbd_conf.o
START GROUP
LOAD C:/ST/STM32CubeIDE_1.19.0/STM32CubeIDE/plugins/com.st.stm32cube.ide.mcu.externaltools.gnu-tools-for-stm32.13.3.rel1.win32_1.0.0.202411081344/tools/bin/../lib/gcc/arm-none-eabi/13.3.1/../../../../arm-none-eabi/lib/thumb/v7e-m+fp/hard\libc_nano.a
LOAD C:/ST/STM32CubeIDE_1.19.0/STM32CubeIDE/plugins/com.st.stm32cube.ide.mcu.externaltools.gnu-tools-for-stm32.13.3.rel1.win32_1.0.0.202411081344/tools/bin/../lib/gcc/arm-none-eabi/13.3.1/../../../../arm-none-eabi/lib/thumb/v7e-m+fp/hard\libm.a
END GROUP
START GROUP
LOAD C:/ST/STM32CubeIDE_1.19.0/STM32CubeIDE/plugins/com.st.stm32cube.ide.mcu.externaltools.gnu-tools-for-stm32.13.3.rel1.win32_1.0.0.202411081344/tools/bin/../lib/gcc/arm-none-eabi/13.3.1/thumb/v7e-m+fp/hard\libgcc.a
LOAD C:/ST/STM32CubeIDE_1.19.0/STM32CubeIDE/plugins/com.st.stm32cube.ide.mcu.externaltools.gnu-tools-for-stm32.13.3.rel1.win32_1.0.0.202411081344/tools/bin/../lib/gcc/arm-none-eabi/13.3.1/../../../../arm-none-eabi/lib/thumb/v7e-m+fp/hard\libc_nano.a
END GROUP
START GROUP
LOAD C:/ST/STM32CubeIDE_1.19.0/STM32CubeIDE/plugins/com.st.stm32cube.ide.mcu.externaltools.gnu-tools-for-stm32.13.3.rel1.win32_1.0.0.202411081344/tools/bin/../lib/gcc/arm-none-eabi/13.3.1/thumb/v7e-m+fp/hard\libgcc.a
LOAD C:/ST/STM32CubeIDE_1.19.0/STM32CubeIDE/plugins/com.st.stm32cube.ide.mcu.externaltools.gnu-tools-for-stm32.13.3.rel1.win32_1.0.0.202411081344/tools/bin/../lib/gcc/arm-none-eabi/13.3.1/../../../../arm-none-eabi/lib/thumb/v7e-m+fp/hard\libc_nano.a
LOAD C:/ST/STM32CubeIDE_1.19.0/STM32CubeIDE/plugins/com.st.stm32cube.ide.mcu.externaltools.gnu-tools-for-stm32.13.3.rel1.win32_1.0.0.202411081344/tools/bin/../lib/gcc/arm-none-eabi/13.3.1/../../../../arm-none-eabi/lib/thumb/v7e-m+fp/hard\libnosys.a
END GROUP
START GROUP
LOAD C:/ST/STM32CubeIDE_1.19.0/STM32CubeIDE/plugins/com.st.stm32cube.ide.mcu.externaltools.gnu-tools-for-stm32.13.3.rel1.win32_1.0.0.202411081344/tools/bin/../lib/gcc/arm-none-eabi/13.3.1/thumb/v7e-m+fp/hard\libgcc.a
LOAD C:/ST/STM32CubeIDE_1.19.0/STM32CubeIDE/plugins/com.st.stm32cube.ide.mcu.externaltools.gnu-tools-for-stm32.13.3.rel1.win32_1.0.0.202411081344/tools/bin/../lib/gcc/arm-none-eabi/13.3.1/../../../../arm-none-eabi/lib/thumb/v7e-m+fp/hard\libc_nano.a
LOAD C:/ST/STM32CubeIDE_1.19.0/STM32CubeIDE/plugins/com.st.stm32cube.ide.mcu.externaltools.gnu-tools-for-stm32.13.3.rel1.win32_1.0.0.202411081344/tools/bin/../lib/gcc/arm-none-eabi/13.3.1/../../../../arm-none-eabi/lib/thumb/v7e-m+fp/hard\libnosys.a
END GROUP
LOAD C:/ST/STM32CubeIDE_1.19.0/STM32CubeIDE/plugins/com.st.stm32cube.ide.mcu.externaltools.gnu-tools-for-stm32.13.3.rel1.win32_1.0.0.202411081344/tools/bin/../lib/gcc/arm-none-eabi/13.3.1/thumb/v7e-m+fp/hard/crtend.o
LOAD C:/ST/STM32CubeIDE_1.19.0/STM32CubeIDE/plugins/com.st.stm32cube.ide.mcu.externaltools.gnu-tools-for-stm32.13.3.rel1.win32_1.0.0.202411081344/tools/bin/../lib/gcc/arm-none-eabi/13.3.1/thumb/v7e-m+fp/hard/crtn.o
                0x20020000                        _estack = (ORIGIN (RAM) + LENGTH (RAM))
                0x00000200                        _Min_Heap_Size = 0x200
                0x00000400                        _Min_Stack_Size = 0x400

.isr_vector     0x08000000      0x188
                0x08000000                        . = ALIGN (0x4)
 *(.isr_vector)
 .isr_vector    0x08000000      0x188 ./Core/Startup/startup_stm32f407vetx.o
                0x08000000                g_pfnVectors
                0x08000188                        . = ALIGN (0x4)

.text           0x08000190    0x11018
                0x08000190                        . = ALIGN (0x4)
 *(.text)
 .text          0x08000190       0x40 C:/ST/STM32CubeIDE_1.19.0/STM32CubeIDE/plugins/com.st.stm32cube.ide.mcu.externaltools.gnu-tools-for-stm32.13.3.rel1.win32_1.0.0.202411081344/tools/bin/../lib/gcc/arm-none-eabi/13.3.1/thumb/v7e-m+fp/hard/crtbegin.o
 .text          0x080001d0       0xa0 C:/ST/STM32CubeIDE_1.19.0/STM32CubeIDE/plugins/com.st.stm32cube.ide.mcu.externaltools.gnu-tools-for-stm32.13.3.rel1.win32_1.0.0.202411081344/tools/bin/../lib/gcc/arm-none-eabi/13.3.1/../../../../arm-none-eabi/lib/thumb/v7e-m+fp/hard\libc_nano.a(libc_a-memchr.o)
                0x080001d0                memchr
 .text          0x08000270       0x10 C:/ST/STM32CubeIDE_1.19.0/STM32CubeIDE/plugins/com.st.stm32cube.ide.mcu.externaltools.gnu-tools-for-stm32.13.3.rel1.win32_1.0.0.202411081344/tools/bin/../lib/gcc/arm-none-eabi/13.3.1/../../../../arm-none-eabi/lib/thumb/v7e-m+fp/hard\libc_nano.a(libc_a-strlen.o)
                0x08000270                strlen
 .text          0x08000280      0x378 C:/ST/STM32CubeIDE_1.19.0/STM32CubeIDE/plugins/com.st.stm32cube.ide.mcu.externaltools.gnu-tools-for-stm32.13.3.rel1.win32_1.0.0.202411081344/tools/bin/../lib/gcc/arm-none-eabi/13.3.1/thumb/v7e-m+fp/hard\libgcc.a(_arm_addsubdf3.o)
                0x08000280                __aeabi_drsub
                0x08000288                __aeabi_dsub
                0x08000288                __subdf3
                0x0800028c                __aeabi_dadd
                0x0800028c                __adddf3
                0x08000504                __floatunsidf
                0x08000504                __aeabi_ui2d
                0x08000524                __floatsidf
                0x08000524                __aeabi_i2d
                0x08000548                __aeabi_f2d
                0x08000548                __extendsfdf2
                0x0800058c                __floatundidf
                0x0800058c                __aeabi_ul2d
                0x0800059c                __floatdidf
                0x0800059c                __aeabi_l2d
 .text          0x080005f8      0x424 C:/ST/STM32CubeIDE_1.19.0/STM32CubeIDE/plugins/com.st.stm32cube.ide.mcu.externaltools.gnu-tools-for-stm32.13.3.rel1.win32_1.0.0.202411081344/tools/bin/../lib/gcc/arm-none-eabi/13.3.1/thumb/v7e-m+fp/hard\libgcc.a(_arm_muldivdf3.o)
                0x080005f8                __aeabi_dmul
                0x080005f8                __muldf3
                0x0800084c                __divdf3
                0x0800084c                __aeabi_ddiv
 .text          0x08000a1c      0x110 C:/ST/STM32CubeIDE_1.19.0/STM32CubeIDE/plugins/com.st.stm32cube.ide.mcu.externaltools.gnu-tools-for-stm32.13.3.rel1.win32_1.0.0.202411081344/tools/bin/../lib/gcc/arm-none-eabi/13.3.1/thumb/v7e-m+fp/hard\libgcc.a(_arm_cmpdf2.o)
                0x08000a1c                __gtdf2
                0x08000a1c                __gedf2
                0x08000a24                __ltdf2
                0x08000a24                __ledf2
                0x08000a2c                __nedf2
                0x08000a2c                __eqdf2
                0x08000a2c                __cmpdf2
                0x08000aa8                __aeabi_cdrcmple
                0x08000ab8                __aeabi_cdcmpeq
                0x08000ab8                __aeabi_cdcmple
                0x08000ac8                __aeabi_dcmpeq
                0x08000adc                __aeabi_dcmplt
                0x08000af0                __aeabi_dcmple
                0x08000b04                __aeabi_dcmpge
                0x08000b18                __aeabi_dcmpgt
 .text          0x08000b2c       0x2c C:/ST/STM32CubeIDE_1.19.0/STM32CubeIDE/plugins/com.st.stm32cube.ide.mcu.externaltools.gnu-tools-for-stm32.13.3.rel1.win32_1.0.0.202411081344/tools/bin/../lib/gcc/arm-none-eabi/13.3.1/thumb/v7e-m+fp/hard\libgcc.a(_arm_unorddf2.o)
                0x08000b2c                __unorddf2
                0x08000b2c                __aeabi_dcmpun
 .text          0x08000b58       0x50 C:/ST/STM32CubeIDE_1.19.0/STM32CubeIDE/plugins/com.st.stm32cube.ide.mcu.externaltools.gnu-tools-for-stm32.13.3.rel1.win32_1.0.0.202411081344/tools/bin/../lib/gcc/arm-none-eabi/13.3.1/thumb/v7e-m+fp/hard\libgcc.a(_arm_fixdfsi.o)
                0x08000b58                __aeabi_d2iz
                0x08000b58                __fixdfsi
 .text          0x08000ba8       0xa0 C:/ST/STM32CubeIDE_1.19.0/STM32CubeIDE/plugins/com.st.stm32cube.ide.mcu.externaltools.gnu-tools-for-stm32.13.3.rel1.win32_1.0.0.202411081344/tools/bin/../lib/gcc/arm-none-eabi/13.3.1/thumb/v7e-m+fp/hard\libgcc.a(_arm_truncdfsf2.o)
                0x08000ba8                __truncdfsf2
                0x08000ba8                __aeabi_d2f
 .text          0x08000c48       0x30 C:/ST/STM32CubeIDE_1.19.0/STM32CubeIDE/plugins/com.st.stm32cube.ide.mcu.externaltools.gnu-tools-for-stm32.13.3.rel1.win32_1.0.0.202411081344/tools/bin/../lib/gcc/arm-none-eabi/13.3.1/thumb/v7e-m+fp/hard\libgcc.a(_aeabi_uldivmod.o)
                0x08000c48                __aeabi_uldivmod
 .text          0x08000c78      0x2f8 C:/ST/STM32CubeIDE_1.19.0/STM32CubeIDE/plugins/com.st.stm32cube.ide.mcu.externaltools.gnu-tools-for-stm32.13.3.rel1.win32_1.0.0.202411081344/tools/bin/../lib/gcc/arm-none-eabi/13.3.1/thumb/v7e-m+fp/hard\libgcc.a(_udivmoddi4.o)
                0x08000c78                __udivmoddi4
 .text          0x08000f70        0x4 C:/ST/STM32CubeIDE_1.19.0/STM32CubeIDE/plugins/com.st.stm32cube.ide.mcu.externaltools.gnu-tools-for-stm32.13.3.rel1.win32_1.0.0.202411081344/tools/bin/../lib/gcc/arm-none-eabi/13.3.1/thumb/v7e-m+fp/hard\libgcc.a(_dvmd_tls.o)
                0x08000f70                __aeabi_idiv0
                0x08000f70                __aeabi_ldiv0
 *(.text*)
 .text.debug_print
                0x08000f74       0x20 ./Core/Src/main.o
                0x08000f74                debug_print
 .text.main     0x08000f94       0x68 ./Core/Src/main.o
                0x08000f94                main
 .text.SystemClock_Config
                0x08000ffc       0xd4 ./Core/Src/main.o
                0x08000ffc                SystemClock_Config
 .text.MX_CAN1_Init
                0x080010d0       0x6c ./Core/Src/main.o
 .text.MX_SPI2_Init
                0x0800113c       0x6c ./Core/Src/main.o
 .text.MX_USART6_UART_Init
                0x080011a8       0x54 ./Core/Src/main.o
 .text.MX_GPIO_Init
                0x080011fc      0x1c0 ./Core/Src/main.o
 .text.HAL_GPIO_EXTI_Callback
                0x080013bc       0xd0 ./Core/Src/main.o
                0x080013bc                HAL_GPIO_EXTI_Callback
 .text.Error_Handler
                0x0800148c        0xc ./Core/Src/main.o
                0x0800148c                Error_Handler
 .text.HAL_MspInit
                0x08001498       0x50 ./Core/Src/stm32f4xx_hal_msp.o
                0x08001498                HAL_MspInit
 .text.HAL_CAN_MspInit
                0x080014e8       0xb0 ./Core/Src/stm32f4xx_hal_msp.o
                0x080014e8                HAL_CAN_MspInit
 .text.HAL_SPI_MspInit
                0x08001598       0x90 ./Core/Src/stm32f4xx_hal_msp.o
                0x08001598                HAL_SPI_MspInit
 .text.HAL_UART_MspInit
                0x08001628       0x90 ./Core/Src/stm32f4xx_hal_msp.o
                0x08001628                HAL_UART_MspInit
 .text.NMI_Handler
                0x080016b8        0x8 ./Core/Src/stm32f4xx_it.o
                0x080016b8                NMI_Handler
 .text.HardFault_Handler
                0x080016c0        0x8 ./Core/Src/stm32f4xx_it.o
                0x080016c0                HardFault_Handler
 .text.MemManage_Handler
                0x080016c8        0x8 ./Core/Src/stm32f4xx_it.o
                0x080016c8                MemManage_Handler
 .text.BusFault_Handler
                0x080016d0        0x8 ./Core/Src/stm32f4xx_it.o
                0x080016d0                BusFault_Handler
 .text.UsageFault_Handler
                0x080016d8        0x8 ./Core/Src/stm32f4xx_it.o
                0x080016d8                UsageFault_Handler
 .text.SVC_Handler
                0x080016e0        0xe ./Core/Src/stm32f4xx_it.o
                0x080016e0                SVC_Handler
 .text.DebugMon_Handler
                0x080016ee        0xe ./Core/Src/stm32f4xx_it.o
                0x080016ee                DebugMon_Handler
 .text.PendSV_Handler
                0x080016fc        0xe ./Core/Src/stm32f4xx_it.o
                0x080016fc                PendSV_Handler
 .text.SysTick_Handler
                0x0800170a        0xc ./Core/Src/stm32f4xx_it.o
                0x0800170a                SysTick_Handler
 *fill*         0x08001716        0x2 
 .text.CAN1_RX0_IRQHandler
                0x08001718       0x14 ./Core/Src/stm32f4xx_it.o
                0x08001718                CAN1_RX0_IRQHandler
 .text.CAN1_RX1_IRQHandler
                0x0800172c       0x14 ./Core/Src/stm32f4xx_it.o
                0x0800172c                CAN1_RX1_IRQHandler
 .text.EXTI15_10_IRQHandler
                0x08001740       0x20 ./Core/Src/stm32f4xx_it.o
                0x08001740                EXTI15_10_IRQHandler
 .text.OTG_FS_IRQHandler
                0x08001760       0x14 ./Core/Src/stm32f4xx_it.o
                0x08001760                OTG_FS_IRQHandler
 .text._getpid  0x08001774       0x10 ./Core/Src/syscalls.o
                0x08001774                _getpid
 .text._kill    0x08001784       0x20 ./Core/Src/syscalls.o
                0x08001784                _kill
 .text._exit    0x080017a4       0x16 ./Core/Src/syscalls.o
                0x080017a4                _exit
 .text._read    0x080017ba       0x3a ./Core/Src/syscalls.o
                0x080017ba                _read
 .text._write   0x080017f4       0x38 ./Core/Src/syscalls.o
                0x080017f4                _write
 .text._close   0x0800182c       0x18 ./Core/Src/syscalls.o
                0x0800182c                _close
 .text._fstat   0x08001844       0x20 ./Core/Src/syscalls.o
                0x08001844                _fstat
 .text._isatty  0x08001864       0x16 ./Core/Src/syscalls.o
                0x08001864                _isatty
 .text._lseek   0x0800187a       0x1a ./Core/Src/syscalls.o
                0x0800187a                _lseek
 .text._sbrk    0x08001894       0x6c ./Core/Src/sysmem.o
                0x08001894                _sbrk
 .text.SystemInit
                0x08001900       0x24 ./Core/Src/system_stm32f4xx.o
                0x08001900                SystemInit
 .text.Reset_Handler
                0x08001924       0x50 ./Core/Startup/startup_stm32f407vetx.o
                0x08001924                Reset_Handler
 .text.Default_Handler
                0x08001974        0x2 ./Core/Startup/startup_stm32f407vetx.o
                0x08001974                RTC_Alarm_IRQHandler
                0x08001974                HASH_RNG_IRQHandler
                0x08001974                EXTI2_IRQHandler
                0x08001974                TIM8_CC_IRQHandler
                0x08001974                TIM1_CC_IRQHandler
                0x08001974                DMA2_Stream5_IRQHandler
                0x08001974                DMA1_Stream5_IRQHandler
                0x08001974                PVD_IRQHandler
                0x08001974                SDIO_IRQHandler
                0x08001974                TAMP_STAMP_IRQHandler
                0x08001974                CAN2_RX1_IRQHandler
                0x08001974                EXTI3_IRQHandler
                0x08001974                TIM8_TRG_COM_TIM14_IRQHandler
                0x08001974                TIM1_UP_TIM10_IRQHandler
                0x08001974                TIM8_UP_TIM13_IRQHandler
                0x08001974                I2C3_ER_IRQHandler
                0x08001974                EXTI0_IRQHandler
                0x08001974                I2C2_EV_IRQHandler
                0x08001974                DMA1_Stream2_IRQHandler
                0x08001974                FPU_IRQHandler
                0x08001974                OTG_HS_WKUP_IRQHandler
                0x08001974                CAN2_SCE_IRQHandler
                0x08001974                DMA2_Stream2_IRQHandler
                0x08001974                SPI1_IRQHandler
                0x08001974                TIM6_DAC_IRQHandler
                0x08001974                TIM1_BRK_TIM9_IRQHandler
                0x08001974                DCMI_IRQHandler
                0x08001974                CAN2_RX0_IRQHandler
                0x08001974                DMA2_Stream3_IRQHandler
                0x08001974                USART6_IRQHandler
                0x08001974                USART3_IRQHandler
                0x08001974                UART5_IRQHandler
                0x08001974                DMA2_Stream0_IRQHandler
                0x08001974                TIM4_IRQHandler
                0x08001974                I2C1_EV_IRQHandler
                0x08001974                DMA1_Stream6_IRQHandler
                0x08001974                DMA1_Stream1_IRQHandler
                0x08001974                UART4_IRQHandler
                0x08001974                TIM3_IRQHandler
                0x08001974                RCC_IRQHandler
                0x08001974                TIM8_BRK_TIM12_IRQHandler
                0x08001974                Default_Handler
                0x08001974                ADC_IRQHandler
                0x08001974                DMA1_Stream7_IRQHandler
                0x08001974                TIM7_IRQHandler
                0x08001974                CAN2_TX_IRQHandler
                0x08001974                TIM5_IRQHandler
                0x08001974                DMA2_Stream7_IRQHandler
                0x08001974                I2C3_EV_IRQHandler
                0x08001974                EXTI9_5_IRQHandler
                0x08001974                RTC_WKUP_IRQHandler
                0x08001974                ETH_WKUP_IRQHandler
                0x08001974                SPI2_IRQHandler
                0x08001974                OTG_HS_EP1_IN_IRQHandler
                0x08001974                DMA1_Stream0_IRQHandler
                0x08001974                CAN1_TX_IRQHandler
                0x08001974                EXTI4_IRQHandler
                0x08001974                FSMC_IRQHandler
                0x08001974                ETH_IRQHandler
                0x08001974                OTG_HS_EP1_OUT_IRQHandler
                0x08001974                WWDG_IRQHandler
                0x08001974                TIM2_IRQHandler
                0x08001974                OTG_FS_WKUP_IRQHandler
                0x08001974                TIM1_TRG_COM_TIM11_IRQHandler
                0x08001974                OTG_HS_IRQHandler
                0x08001974                EXTI1_IRQHandler
                0x08001974                USART2_IRQHandler
                0x08001974                I2C2_ER_IRQHandler
                0x08001974                DMA2_Stream1_IRQHandler
                0x08001974                CAN1_SCE_IRQHandler
                0x08001974                FLASH_IRQHandler
                0x08001974                DMA2_Stream4_IRQHandler
                0x08001974                USART1_IRQHandler
                0x08001974                SPI3_IRQHandler
                0x08001974                DMA1_Stream4_IRQHandler
                0x08001974                I2C1_ER_IRQHandler
                0x08001974                DMA2_Stream6_IRQHandler
                0x08001974                DMA1_Stream3_IRQHandler
 *fill*         0x08001976        0x2 
 .text.HAL_Init
                0x08001978       0x44 ./Drivers/STM32F4xx_HAL_Driver/Src/stm32f4xx_hal.o
                0x08001978                HAL_Init
 .text.HAL_InitTick
                0x080019bc       0x60 ./Drivers/STM32F4xx_HAL_Driver/Src/stm32f4xx_hal.o
                0x080019bc                HAL_InitTick
 .text.HAL_IncTick
                0x08001a1c       0x28 ./Drivers/STM32F4xx_HAL_Driver/Src/stm32f4xx_hal.o
                0x08001a1c                HAL_IncTick
 .text.HAL_GetTick
                0x08001a44       0x18 ./Drivers/STM32F4xx_HAL_Driver/Src/stm32f4xx_hal.o
                0x08001a44                HAL_GetTick
 .text.HAL_Delay
                0x08001a5c       0x48 ./Drivers/STM32F4xx_HAL_Driver/Src/stm32f4xx_hal.o
                0x08001a5c                HAL_Delay
 .text.HAL_CAN_Init
                0x08001aa4      0x1f6 ./Drivers/STM32F4xx_HAL_Driver/Src/stm32f4xx_hal_can.o
                0x08001aa4                HAL_CAN_Init
 *fill*         0x08001c9a        0x2 
 .text.HAL_CAN_ConfigFilter
                0x08001c9c      0x1bc ./Drivers/STM32F4xx_HAL_Driver/Src/stm32f4xx_hal_can.o
                0x08001c9c                HAL_CAN_ConfigFilter
 .text.HAL_CAN_Start
                0x08001e58       0x88 ./Drivers/STM32F4xx_HAL_Driver/Src/stm32f4xx_hal_can.o
                0x08001e58                HAL_CAN_Start
 .text.HAL_CAN_AddTxMessage
                0x08001ee0      0x1a0 ./Drivers/STM32F4xx_HAL_Driver/Src/stm32f4xx_hal_can.o
                0x08001ee0                HAL_CAN_AddTxMessage
 .text.HAL_CAN_GetRxMessage
                0x08002080      0x244 ./Drivers/STM32F4xx_HAL_Driver/Src/stm32f4xx_hal_can.o
                0x08002080                HAL_CAN_GetRxMessage
 .text.HAL_CAN_GetRxFifoFillLevel
                0x080022c4       0x50 ./Drivers/STM32F4xx_HAL_Driver/Src/stm32f4xx_hal_can.o
                0x080022c4                HAL_CAN_GetRxFifoFillLevel
 .text.HAL_CAN_ActivateNotification
                0x08002314       0x4c ./Drivers/STM32F4xx_HAL_Driver/Src/stm32f4xx_hal_can.o
                0x08002314                HAL_CAN_ActivateNotification
 .text.HAL_CAN_IRQHandler
                0x08002360      0x36e ./Drivers/STM32F4xx_HAL_Driver/Src/stm32f4xx_hal_can.o
                0x08002360                HAL_CAN_IRQHandler
 .text.HAL_CAN_TxMailbox0CompleteCallback
                0x080026ce       0x14 ./Drivers/STM32F4xx_HAL_Driver/Src/stm32f4xx_hal_can.o
                0x080026ce                HAL_CAN_TxMailbox0CompleteCallback
 .text.HAL_CAN_TxMailbox1CompleteCallback
                0x080026e2       0x14 ./Drivers/STM32F4xx_HAL_Driver/Src/stm32f4xx_hal_can.o
                0x080026e2                HAL_CAN_TxMailbox1CompleteCallback
 .text.HAL_CAN_TxMailbox2CompleteCallback
                0x080026f6       0x14 ./Drivers/STM32F4xx_HAL_Driver/Src/stm32f4xx_hal_can.o
                0x080026f6                HAL_CAN_TxMailbox2CompleteCallback
 .text.HAL_CAN_TxMailbox0AbortCallback
                0x0800270a       0x14 ./Drivers/STM32F4xx_HAL_Driver/Src/stm32f4xx_hal_can.o
                0x0800270a                HAL_CAN_TxMailbox0AbortCallback
 .text.HAL_CAN_TxMailbox1AbortCallback
                0x0800271e       0x14 ./Drivers/STM32F4xx_HAL_Driver/Src/stm32f4xx_hal_can.o
                0x0800271e                HAL_CAN_TxMailbox1AbortCallback
 .text.HAL_CAN_TxMailbox2AbortCallback
                0x08002732       0x14 ./Drivers/STM32F4xx_HAL_Driver/Src/stm32f4xx_hal_can.o
                0x08002732                HAL_CAN_TxMailbox2AbortCallback
 .text.HAL_CAN_RxFifo0FullCallback
                0x08002746       0x14 ./Drivers/STM32F4xx_HAL_Driver/Src/stm32f4xx_hal_can.o
                0x08002746                HAL_CAN_RxFifo0FullCallback
 .text.HAL_CAN_RxFifo1FullCallback
                0x0800275a       0x14 ./Drivers/STM32F4xx_HAL_Driver/Src/stm32f4xx_hal_can.o
                0x0800275a                HAL_CAN_RxFifo1FullCallback
 .text.HAL_CAN_SleepCallback
                0x0800276e       0x14 ./Drivers/STM32F4xx_HAL_Driver/Src/stm32f4xx_hal_can.o
                0x0800276e                HAL_CAN_SleepCallback
 .text.HAL_CAN_WakeUpFromRxMsgCallback
                0x08002782       0x14 ./Drivers/STM32F4xx_HAL_Driver/Src/stm32f4xx_hal_can.o
                0x08002782                HAL_CAN_WakeUpFromRxMsgCallback
 .text.HAL_CAN_ErrorCallback
                0x08002796       0x14 ./Drivers/STM32F4xx_HAL_Driver/Src/stm32f4xx_hal_can.o
                0x08002796                HAL_CAN_ErrorCallback
 *fill*         0x080027aa        0x2 
 .text.__NVIC_SetPriorityGrouping
                0x080027ac       0x48 ./Drivers/STM32F4xx_HAL_Driver/Src/stm32f4xx_hal_cortex.o
 .text.__NVIC_GetPriorityGrouping
                0x080027f4       0x1c ./Drivers/STM32F4xx_HAL_Driver/Src/stm32f4xx_hal_cortex.o
 .text.__NVIC_EnableIRQ
                0x08002810       0x3c ./Drivers/STM32F4xx_HAL_Driver/Src/stm32f4xx_hal_cortex.o
 .text.__NVIC_SetPriority
                0x0800284c       0x54 ./Drivers/STM32F4xx_HAL_Driver/Src/stm32f4xx_hal_cortex.o
 .text.NVIC_EncodePriority
                0x080028a0       0x66 ./Drivers/STM32F4xx_HAL_Driver/Src/stm32f4xx_hal_cortex.o
 *fill*         0x08002906        0x2 
 .text.SysTick_Config
                0x08002908       0x44 ./Drivers/STM32F4xx_HAL_Driver/Src/stm32f4xx_hal_cortex.o
 .text.HAL_NVIC_SetPriorityGrouping
                0x0800294c       0x16 ./Drivers/STM32F4xx_HAL_Driver/Src/stm32f4xx_hal_cortex.o
                0x0800294c                HAL_NVIC_SetPriorityGrouping
 .text.HAL_NVIC_SetPriority
                0x08002962       0x38 ./Drivers/STM32F4xx_HAL_Driver/Src/stm32f4xx_hal_cortex.o
                0x08002962                HAL_NVIC_SetPriority
 .text.HAL_NVIC_EnableIRQ
                0x0800299a       0x1c ./Drivers/STM32F4xx_HAL_Driver/Src/stm32f4xx_hal_cortex.o
                0x0800299a                HAL_NVIC_EnableIRQ
 .text.HAL_SYSTICK_Config
                0x080029b6       0x18 ./Drivers/STM32F4xx_HAL_Driver/Src/stm32f4xx_hal_cortex.o
                0x080029b6                HAL_SYSTICK_Config
 *fill*         0x080029ce        0x2 
 .text.HAL_GPIO_Init
                0x080029d0      0x338 ./Drivers/STM32F4xx_HAL_Driver/Src/stm32f4xx_hal_gpio.o
                0x080029d0                HAL_GPIO_Init
 .text.HAL_GPIO_ReadPin
                0x08002d08       0x30 ./Drivers/STM32F4xx_HAL_Driver/Src/stm32f4xx_hal_gpio.o
                0x08002d08                HAL_GPIO_ReadPin
 .text.HAL_GPIO_WritePin
                0x08002d38       0x32 ./Drivers/STM32F4xx_HAL_Driver/Src/stm32f4xx_hal_gpio.o
                0x08002d38                HAL_GPIO_WritePin
 *fill*         0x08002d6a        0x2 
 .text.HAL_GPIO_EXTI_IRQHandler
                0x08002d6c       0x30 ./Drivers/STM32F4xx_HAL_Driver/Src/stm32f4xx_hal_gpio.o
                0x08002d6c                HAL_GPIO_EXTI_IRQHandler
 .text.HAL_PCD_Init
                0x08002d9c      0x21e ./Drivers/STM32F4xx_HAL_Driver/Src/stm32f4xx_hal_pcd.o
                0x08002d9c                HAL_PCD_Init
 .text.HAL_PCD_Start
                0x08002fba       0x6a ./Drivers/STM32F4xx_HAL_Driver/Src/stm32f4xx_hal_pcd.o
                0x08002fba                HAL_PCD_Start
 .text.HAL_PCD_IRQHandler
                0x08003024      0x942 ./Drivers/STM32F4xx_HAL_Driver/Src/stm32f4xx_hal_pcd.o
                0x08003024                HAL_PCD_IRQHandler
 .text.HAL_PCD_SetAddress
                0x08003966       0x48 ./Drivers/STM32F4xx_HAL_Driver/Src/stm32f4xx_hal_pcd.o
                0x08003966                HAL_PCD_SetAddress
 .text.HAL_PCD_EP_Open
                0x080039ae       0xd4 ./Drivers/STM32F4xx_HAL_Driver/Src/stm32f4xx_hal_pcd.o
                0x080039ae                HAL_PCD_EP_Open
 .text.HAL_PCD_EP_Close
                0x08003a82       0x94 ./Drivers/STM32F4xx_HAL_Driver/Src/stm32f4xx_hal_pcd.o
                0x08003a82                HAL_PCD_EP_Close
 .text.HAL_PCD_EP_Receive
                0x08003b16       0x76 ./Drivers/STM32F4xx_HAL_Driver/Src/stm32f4xx_hal_pcd.o
                0x08003b16                HAL_PCD_EP_Receive
 .text.HAL_PCD_EP_GetRxCount
                0x08003b8c       0x30 ./Drivers/STM32F4xx_HAL_Driver/Src/stm32f4xx_hal_pcd.o
                0x08003b8c                HAL_PCD_EP_GetRxCount
 .text.HAL_PCD_EP_Transmit
                0x08003bbc       0x74 ./Drivers/STM32F4xx_HAL_Driver/Src/stm32f4xx_hal_pcd.o
                0x08003bbc                HAL_PCD_EP_Transmit
 .text.HAL_PCD_EP_SetStall
                0x08003c30       0xc6 ./Drivers/STM32F4xx_HAL_Driver/Src/stm32f4xx_hal_pcd.o
                0x08003c30                HAL_PCD_EP_SetStall
 .text.HAL_PCD_EP_ClrStall
                0x08003cf6       0xac ./Drivers/STM32F4xx_HAL_Driver/Src/stm32f4xx_hal_pcd.o
                0x08003cf6                HAL_PCD_EP_ClrStall
 .text.HAL_PCD_EP_Abort
                0x08003da2       0x62 ./Drivers/STM32F4xx_HAL_Driver/Src/stm32f4xx_hal_pcd.o
                0x08003da2                HAL_PCD_EP_Abort
 .text.PCD_WriteEmptyTxFifo
                0x08003e04      0x118 ./Drivers/STM32F4xx_HAL_Driver/Src/stm32f4xx_hal_pcd.o
 .text.PCD_EP_OutXfrComplete_int
                0x08003f1c      0x1d0 ./Drivers/STM32F4xx_HAL_Driver/Src/stm32f4xx_hal_pcd.o
 .text.PCD_EP_OutSetupPacket_int
                0x080040ec       0x8c ./Drivers/STM32F4xx_HAL_Driver/Src/stm32f4xx_hal_pcd.o
 .text.HAL_PCDEx_SetTxFiFo
                0x08004178       0x8e ./Drivers/STM32F4xx_HAL_Driver/Src/stm32f4xx_hal_pcd_ex.o
                0x08004178                HAL_PCDEx_SetTxFiFo
 .text.HAL_PCDEx_SetRxFiFo
                0x08004206       0x22 ./Drivers/STM32F4xx_HAL_Driver/Src/stm32f4xx_hal_pcd_ex.o
                0x08004206                HAL_PCDEx_SetRxFiFo
 .text.HAL_PCDEx_LPM_Callback
                0x08004228       0x18 ./Drivers/STM32F4xx_HAL_Driver/Src/stm32f4xx_hal_pcd_ex.o
                0x08004228                HAL_PCDEx_LPM_Callback
 .text.HAL_RCC_OscConfig
                0x08004240      0x4f0 ./Drivers/STM32F4xx_HAL_Driver/Src/stm32f4xx_hal_rcc.o
                0x08004240                HAL_RCC_OscConfig
 .text.HAL_RCC_ClockConfig
                0x08004730      0x1cc ./Drivers/STM32F4xx_HAL_Driver/Src/stm32f4xx_hal_rcc.o
                0x08004730                HAL_RCC_ClockConfig
 .text.HAL_RCC_GetSysClockFreq
                0x080048fc      0x18c ./Drivers/STM32F4xx_HAL_Driver/Src/stm32f4xx_hal_rcc.o
                0x080048fc                HAL_RCC_GetSysClockFreq
 .text.HAL_RCC_GetHCLKFreq
                0x08004a88       0x18 ./Drivers/STM32F4xx_HAL_Driver/Src/stm32f4xx_hal_rcc.o
                0x08004a88                HAL_RCC_GetHCLKFreq
 .text.HAL_RCC_GetPCLK1Freq
                0x08004aa0       0x28 ./Drivers/STM32F4xx_HAL_Driver/Src/stm32f4xx_hal_rcc.o
                0x08004aa0                HAL_RCC_GetPCLK1Freq
 .text.HAL_RCC_GetPCLK2Freq
                0x08004ac8       0x28 ./Drivers/STM32F4xx_HAL_Driver/Src/stm32f4xx_hal_rcc.o
                0x08004ac8                HAL_RCC_GetPCLK2Freq
 .text.HAL_SPI_Init
                0x08004af0      0x112 ./Drivers/STM32F4xx_HAL_Driver/Src/stm32f4xx_hal_spi.o
                0x08004af0                HAL_SPI_Init
 .text.HAL_SPI_TransmitReceive
                0x08004c02      0x352 ./Drivers/STM32F4xx_HAL_Driver/Src/stm32f4xx_hal_spi.o
                0x08004c02                HAL_SPI_TransmitReceive
 .text.SPI_WaitFlagStateUntilTimeout
                0x08004f54      0x110 ./Drivers/STM32F4xx_HAL_Driver/Src/stm32f4xx_hal_spi.o
 .text.SPI_EndRxTxTransaction
                0x08005064       0xa8 ./Drivers/STM32F4xx_HAL_Driver/Src/stm32f4xx_hal_spi.o
 .text.HAL_UART_Init
                0x0800510c       0xa0 ./Drivers/STM32F4xx_HAL_Driver/Src/stm32f4xx_hal_uart.o
                0x0800510c                HAL_UART_Init
 .text.UART_SetConfig
                0x080051ac      0x4e8 ./Drivers/STM32F4xx_HAL_Driver/Src/stm32f4xx_hal_uart.o
 .text.USB_CoreInit
                0x08005694       0xc8 ./Drivers/STM32F4xx_HAL_Driver/Src/stm32f4xx_ll_usb.o
                0x08005694                USB_CoreInit
 .text.USB_SetTurnaroundTime
                0x0800575c      0x144 ./Drivers/STM32F4xx_HAL_Driver/Src/stm32f4xx_ll_usb.o
                0x0800575c                USB_SetTurnaroundTime
 .text.USB_EnableGlobalInt
                0x080058a0       0x22 ./Drivers/STM32F4xx_HAL_Driver/Src/stm32f4xx_ll_usb.o
                0x080058a0                USB_EnableGlobalInt
 .text.USB_DisableGlobalInt
                0x080058c2       0x22 ./Drivers/STM32F4xx_HAL_Driver/Src/stm32f4xx_ll_usb.o
                0x080058c2                USB_DisableGlobalInt
 .text.USB_SetCurrentMode
                0x080058e4       0x98 ./Drivers/STM32F4xx_HAL_Driver/Src/stm32f4xx_ll_usb.o
                0x080058e4                USB_SetCurrentMode
 .text.USB_DevInit
                0x0800597c      0x2c8 ./Drivers/STM32F4xx_HAL_Driver/Src/stm32f4xx_ll_usb.o
                0x0800597c                USB_DevInit
 .text.USB_FlushTxFifo
                0x08005c44       0x64 ./Drivers/STM32F4xx_HAL_Driver/Src/stm32f4xx_ll_usb.o
                0x08005c44                USB_FlushTxFifo
 .text.USB_FlushRxFifo
                0x08005ca8       0x5c ./Drivers/STM32F4xx_HAL_Driver/Src/stm32f4xx_ll_usb.o
                0x08005ca8                USB_FlushRxFifo
 .text.USB_SetDevSpeed
                0x08005d04       0x32 ./Drivers/STM32F4xx_HAL_Driver/Src/stm32f4xx_ll_usb.o
                0x08005d04                USB_SetDevSpeed
 .text.USB_GetDevSpeed
                0x08005d36       0x4a ./Drivers/STM32F4xx_HAL_Driver/Src/stm32f4xx_ll_usb.o
                0x08005d36                USB_GetDevSpeed
 .text.USB_ActivateEndpoint
                0x08005d80      0x10e ./Drivers/STM32F4xx_HAL_Driver/Src/stm32f4xx_ll_usb.o
                0x08005d80                USB_ActivateEndpoint
 *fill*         0x08005e8e        0x2 
 .text.USB_DeactivateEndpoint
                0x08005e90      0x1b8 ./Drivers/STM32F4xx_HAL_Driver/Src/stm32f4xx_ll_usb.o
                0x08005e90                USB_DeactivateEndpoint
 .text.USB_EPStartXfer
                0x08006048      0x53c ./Drivers/STM32F4xx_HAL_Driver/Src/stm32f4xx_ll_usb.o
                0x08006048                USB_EPStartXfer
 .text.USB_EPStopXfer
                0x08006584      0x154 ./Drivers/STM32F4xx_HAL_Driver/Src/stm32f4xx_ll_usb.o
                0x08006584                USB_EPStopXfer
 .text.USB_WritePacket
                0x080066d8       0x7c ./Drivers/STM32F4xx_HAL_Driver/Src/stm32f4xx_ll_usb.o
                0x080066d8                USB_WritePacket
 .text.USB_ReadPacket
                0x08006754       0xb0 ./Drivers/STM32F4xx_HAL_Driver/Src/stm32f4xx_ll_usb.o
                0x08006754                USB_ReadPacket
 .text.USB_EPSetStall
                0x08006804       0xdc ./Drivers/STM32F4xx_HAL_Driver/Src/stm32f4xx_ll_usb.o
                0x08006804                USB_EPSetStall
 .text.USB_EPClearStall
                0x080068e0       0xcc ./Drivers/STM32F4xx_HAL_Driver/Src/stm32f4xx_ll_usb.o
                0x080068e0                USB_EPClearStall
 .text.USB_SetDevAddress
                0x080069ac       0x4c ./Drivers/STM32F4xx_HAL_Driver/Src/stm32f4xx_ll_usb.o
                0x080069ac                USB_SetDevAddress
 .text.USB_DevConnect
                0x080069f8       0x42 ./Drivers/STM32F4xx_HAL_Driver/Src/stm32f4xx_ll_usb.o
                0x080069f8                USB_DevConnect
 .text.USB_DevDisconnect
                0x08006a3a       0x42 ./Drivers/STM32F4xx_HAL_Driver/Src/stm32f4xx_ll_usb.o
                0x08006a3a                USB_DevDisconnect
 .text.USB_ReadInterrupts
                0x08006a7c       0x26 ./Drivers/STM32F4xx_HAL_Driver/Src/stm32f4xx_ll_usb.o
                0x08006a7c                USB_ReadInterrupts
 .text.USB_ReadDevAllOutEpInterrupt
                0x08006aa2       0x34 ./Drivers/STM32F4xx_HAL_Driver/Src/stm32f4xx_ll_usb.o
                0x08006aa2                USB_ReadDevAllOutEpInterrupt
 .text.USB_ReadDevAllInEpInterrupt
                0x08006ad6       0x34 ./Drivers/STM32F4xx_HAL_Driver/Src/stm32f4xx_ll_usb.o
                0x08006ad6                USB_ReadDevAllInEpInterrupt
 .text.USB_ReadDevOutEPInterrupt
                0x08006b0a       0x3c ./Drivers/STM32F4xx_HAL_Driver/Src/stm32f4xx_ll_usb.o
                0x08006b0a                USB_ReadDevOutEPInterrupt
 .text.USB_ReadDevInEPInterrupt
                0x08006b46       0x5c ./Drivers/STM32F4xx_HAL_Driver/Src/stm32f4xx_ll_usb.o
                0x08006b46                USB_ReadDevInEPInterrupt
 .text.USB_GetMode
                0x08006ba2       0x1c ./Drivers/STM32F4xx_HAL_Driver/Src/stm32f4xx_ll_usb.o
                0x08006ba2                USB_GetMode
 .text.USB_ActivateSetup
                0x08006bbe       0x46 ./Drivers/STM32F4xx_HAL_Driver/Src/stm32f4xx_ll_usb.o
                0x08006bbe                USB_ActivateSetup
 .text.USB_EP0_OutStart
                0x08006c04       0xbc ./Drivers/STM32F4xx_HAL_Driver/Src/stm32f4xx_ll_usb.o
                0x08006c04                USB_EP0_OutStart
 .text.USB_CoreReset
                0x08006cc0       0x70 ./Drivers/STM32F4xx_HAL_Driver/Src/stm32f4xx_ll_usb.o
 .text.BMS_Jikong_Init
                0x08006d30       0x4c ./Library_User/BMS_Jihong/jikong_can.o
                0x08006d30                BMS_Jikong_Init
 .text.HAL_CAN_RxFifo1MsgPendingCallback
                0x08006d7c       0x44 ./Library_User/BMS_Jihong/jikong_can.o
                0x08006d7c                HAL_CAN_RxFifo1MsgPendingCallback
 .text.BMS_Jikong_Process
                0x08006dc0      0x798 ./Library_User/BMS_Jihong/jikong_can.o
                0x08006dc0                BMS_Jikong_Process
 .text.Can_Slider_Init
                0x08007558       0x50 ./Library_User/Controller_Slider/Can_Slider.o
                0x08007558                Can_Slider_Init
 .text.HAL_CAN_RxFifo0MsgPendingCallback
                0x080075a8       0x44 ./Library_User/Controller_Slider/Can_Slider.o
                0x080075a8                HAL_CAN_RxFifo0MsgPendingCallback
 .text.Can_Slider_Process
                0x080075ec       0x48 ./Library_User/Controller_Slider/Can_Slider.o
                0x080075ec                Can_Slider_Process
 .text.Can_Slider_1_Process
                0x08007634       0x76 ./Library_User/Controller_Slider/Can_Slider.o
                0x08007634                Can_Slider_1_Process
 *fill*         0x080076aa        0x6 
 .text.Can_Slider_2_Process
                0x080076b0       0xb0 ./Library_User/Controller_Slider/Can_Slider.o
                0x080076b0                Can_Slider_2_Process
 .text.Can_Vcu_Send_Slider
                0x08007760       0x3c ./Library_User/Controller_Slider/Can_Slider.o
                0x08007760                Can_Vcu_Send_Slider
 .text.vcu_state_to_main_menu
                0x0800779c       0x60 ./Library_User/Display/Src/Display_Curtis.o
 .text.is_detail_menu_allowed
                0x080077fc       0x2c ./Library_User/Display/Src/Display_Curtis.o
 .text.find_next_allowed_detail_menu
                0x08007828       0xcc ./Library_User/Display/Src/Display_Curtis.o
 .text.find_prev_allowed_detail_menu
                0x080078f4       0xd0 ./Library_User/Display/Src/Display_Curtis.o
 .text.display_can_info_1
                0x080079c4      0x1d4 ./Library_User/Display/Src/Display_Curtis.o
                0x080079c4                display_can_info_1
 .text.display_can_info_2
                0x08007b98      0x2c8 ./Library_User/Display/Src/Display_Curtis.o
                0x08007b98                display_can_info_2
 .text.display_throttle_control
                0x08007e60      0x55c ./Library_User/Display/Src/Display_Curtis.o
                0x08007e60                display_throttle_control
 .text.display_bms_info
                0x080083bc      0x190 ./Library_User/Display/Src/Display_Curtis.o
                0x080083bc                display_bms_info
 .text.display_alm_bms
                0x0800854c      0x4d0 ./Library_User/Display/Src/Display_Curtis.o
                0x0800854c                display_alm_bms
 .text.display_io_info
                0x08008a1c      0x42c ./Library_User/Display/Src/Display_Curtis.o
                0x08008a1c                display_io_info
 .text.display_bms_batt_st2
                0x08008e48       0xd4 ./Library_User/Display/Src/Display_Curtis.o
                0x08008e48                display_bms_batt_st2
 .text.display_bms_all_temp
                0x08008f1c      0x130 ./Library_User/Display/Src/Display_Curtis.o
                0x08008f1c                display_bms_all_temp
 .text.display_bms_err_info
                0x0800904c      0x1e4 ./Library_User/Display/Src/Display_Curtis.o
                0x0800904c                display_bms_err_info
 .text.display_bms_info_sys
                0x08009230       0xe0 ./Library_User/Display/Src/Display_Curtis.o
                0x08009230                display_bms_info_sys
 .text.display_bms_sw_sta
                0x08009310      0x19c ./Library_User/Display/Src/Display_Curtis.o
                0x08009310                display_bms_sw_sta
 .text.draw_cellvol_page
                0x080094ac      0x140 ./Library_User/Display/Src/Display_Curtis.o
 .text.display_bms_cellvol
                0x080095ec        0xe ./Library_User/Display/Src/Display_Curtis.o
                0x080095ec                display_bms_cellvol
 .text.display_bms_cellvol_2
                0x080095fa        0xe ./Library_User/Display/Src/Display_Curtis.o
                0x080095fa                display_bms_cellvol_2
 .text.display_bms_chg_info
                0x08009608       0xf8 ./Library_User/Display/Src/Display_Curtis.o
                0x08009608                display_bms_chg_info
 .text.display_main_init
                0x08009700      0x110 ./Library_User/Display/Src/Display_Curtis.o
                0x08009700                display_main_init
 .text.display_main_waiting
                0x08009810      0x1a8 ./Library_User/Display/Src/Display_Curtis.o
                0x08009810                display_main_waiting
 .text.display_main_can
                0x080099b8       0xec ./Library_User/Display/Src/Display_Curtis.o
                0x080099b8                display_main_can
 .text.display_main_physical
                0x08009aa4      0x13c ./Library_User/Display/Src/Display_Curtis.o
                0x08009aa4                display_main_physical
 .text.display_main_charge
                0x08009be0      0x154 ./Library_User/Display/Src/Display_Curtis.o
                0x08009be0                display_main_charge
 .text.display_main_idle
                0x08009d34      0x100 ./Library_User/Display/Src/Display_Curtis.o
                0x08009d34                display_main_idle
 .text.display_main_error
                0x08009e34       0xfc ./Library_User/Display/Src/Display_Curtis.o
                0x08009e34                display_main_error
 .text.process_button
                0x08009f30      0xa00 ./Library_User/Display/Src/Display_Curtis.o
                0x08009f30                process_button
 .text.process_menu
                0x0800a930      0x240 ./Library_User/Display/Src/Display_Curtis.o
                0x0800a930                process_menu
 .text.ST7565_updateBoundingBox
                0x0800ab70       0x78 ./Library_User/Display/Src/ST7565.o
 .text.ST7565_drawstring_anywhere
                0x0800abe8       0x4a ./Library_User/Display/Src/ST7565.o
                0x0800abe8                ST7565_drawstring_anywhere
 *fill*         0x0800ac32        0x2 
 .text.ST7565_drawchar_anywhere
                0x0800ac34       0xa4 ./Library_User/Display/Src/ST7565.o
                0x0800ac34                ST7565_drawchar_anywhere
 .text.ST7565_drawrect
                0x0800acd8       0xbc ./Library_User/Display/Src/ST7565.o
                0x0800acd8                ST7565_drawrect
 .text.updateDisplay
                0x0800ad94       0x8c ./Library_User/Display/Src/ST7565.o
                0x0800ad94                updateDisplay
 .text.ST7565_setpixel
                0x0800ae20       0x84 ./Library_User/Display/Src/ST7565.o
                0x0800ae20                ST7565_setpixel
 .text.ST7565_init
                0x0800aea4       0xd4 ./Library_User/Display/Src/ST7565.o
                0x0800aea4                ST7565_init
 .text.ST7565_command
                0x0800af78       0x64 ./Library_User/Display/Src/ST7565.o
                0x0800af78                ST7565_command
 .text.ST7565_data
                0x0800afdc       0x64 ./Library_User/Display/Src/ST7565.o
                0x0800afdc                ST7565_data
 .text.ST7565_set_brightness
                0x0800b040       0x26 ./Library_User/Display/Src/ST7565.o
                0x0800b040                ST7565_set_brightness
 *fill*         0x0800b066        0x2 
 .text.collect_errors
                0x0800b068      0x198 ./Library_User/Led_Error/Led_Error.o
 .text.blink_led
                0x0800b200       0xaa ./Library_User/Led_Error/Led_Error.o
 *fill*         0x0800b2aa        0x2 
 .text.led_process
                0x0800b2ac      0x260 ./Library_User/Led_Error/Led_Error.o
                0x0800b2ac                led_process
 .text.VCU_StateTask
                0x0800b50c       0xd0 ./Library_User/VCU_State/VCU_State.o
                0x0800b50c                VCU_StateTask
 .text.VCU_StateGet
                0x0800b5dc       0x18 ./Library_User/VCU_State/VCU_State.o
                0x0800b5dc                VCU_StateGet
 .text.VCU_StateOutputs
                0x0800b5f4       0x14 ./Library_User/VCU_State/VCU_State.o
                0x0800b5f4                VCU_StateOutputs
 .text.VCU_UpdateInputs
                0x0800b608       0xdc ./Library_User/VCU_State/VCU_State.o
 .text.VCU_HasCriticalFault
                0x0800b6e4       0x40 ./Library_User/VCU_State/VCU_State.o
 .text.VCU_ApplyOutputs
                0x0800b724       0x2c ./Library_User/VCU_State/VCU_State.o
 .text.VCU_UpdateSelectModeOutput
                0x0800b750       0x44 ./Library_User/VCU_State/VCU_State.o
 .text.VCU_OnEnterState
                0x0800b794       0x1c ./Library_User/VCU_State/VCU_State.o
 .text.VCU_OnExitState
                0x0800b7b0       0x1c ./Library_User/VCU_State/VCU_State.o
 .text.VCU_TransitionTo
                0x0800b7cc       0x44 ./Library_User/VCU_State/VCU_State.o
 .text.VCU_StateHandleInit
                0x0800b810       0x64 ./Library_User/VCU_State/VCU_State.o
 .text.VCU_StateHandleWaiting
                0x0800b874       0x60 ./Library_User/VCU_State/VCU_State.o
 .text.VCU_StateHandleCan
                0x0800b8d4       0x4c ./Library_User/VCU_State/VCU_State.o
 .text.VCU_StateHandlePhysical
                0x0800b920       0x48 ./Library_User/VCU_State/VCU_State.o
 .text.VCU_StateHandleCharge
                0x0800b968       0x3c ./Library_User/VCU_State/VCU_State.o
 .text.VCU_StateHandleIdle
                0x0800b9a4       0x3c ./Library_User/VCU_State/VCU_State.o
 .text.VCU_StateHandleError
                0x0800b9e0       0x28 ./Library_User/VCU_State/VCU_State.o
 .text.VCU_ChargerModeEnter
                0x0800ba08        0xe ./Library_User/VCU_State/VCU_State.o
 .text.VCU_ChargerModeProcess
                0x0800ba16        0xe ./Library_User/VCU_State/VCU_State.o
 .text.VCU_ChargerModeExit
                0x0800ba24        0xe ./Library_User/VCU_State/VCU_State.o
 *fill*         0x0800ba32        0x2 
 .text.VCU_GetAllowedDetailMenuMask
                0x0800ba34       0x80 ./Library_User/VCU_State/VCU_State.o
                0x0800ba34                VCU_GetAllowedDetailMenuMask
 .text.USBD_CDC_Init
                0x0800bab4      0x1f0 ./Middlewares/ST/STM32_USB_Device_Library/Class/CDC/Src/usbd_cdc.o
 .text.USBD_CDC_DeInit
                0x0800bca4      0x104 ./Middlewares/ST/STM32_USB_Device_Library/Class/CDC/Src/usbd_cdc.o
 .text.USBD_CDC_Setup
                0x0800bda8      0x1b8 ./Middlewares/ST/STM32_USB_Device_Library/Class/CDC/Src/usbd_cdc.o
 .text.USBD_CDC_DataIn
                0x0800bf60       0xfe ./Middlewares/ST/STM32_USB_Device_Library/Class/CDC/Src/usbd_cdc.o
 .text.USBD_CDC_DataOut
                0x0800c05e       0x70 ./Middlewares/ST/STM32_USB_Device_Library/Class/CDC/Src/usbd_cdc.o
 .text.USBD_CDC_EP0_RxReady
                0x0800c0ce       0x74 ./Middlewares/ST/STM32_USB_Device_Library/Class/CDC/Src/usbd_cdc.o
 *fill*         0x0800c142        0x2 
 .text.USBD_CDC_GetFSCfgDesc
                0x0800c144       0x70 ./Middlewares/ST/STM32_USB_Device_Library/Class/CDC/Src/usbd_cdc.o
 .text.USBD_CDC_GetHSCfgDesc
                0x0800c1b4       0x70 ./Middlewares/ST/STM32_USB_Device_Library/Class/CDC/Src/usbd_cdc.o
 .text.USBD_CDC_GetOtherSpeedCfgDesc
                0x0800c224       0x70 ./Middlewares/ST/STM32_USB_Device_Library/Class/CDC/Src/usbd_cdc.o
 .text.USBD_CDC_GetDeviceQualifierDescriptor
                0x0800c294       0x20 ./Middlewares/ST/STM32_USB_Device_Library/Class/CDC/Src/usbd_cdc.o
                0x0800c294                USBD_CDC_GetDeviceQualifierDescriptor
 .text.USBD_CDC_RegisterInterface
                0x0800c2b4       0x34 ./Middlewares/ST/STM32_USB_Device_Library/Class/CDC/Src/usbd_cdc.o
                0x0800c2b4                USBD_CDC_RegisterInterface
 .text.USBD_CDC_SetTxBuffer
                0x0800c2e8       0x44 ./Middlewares/ST/STM32_USB_Device_Library/Class/CDC/Src/usbd_cdc.o
                0x0800c2e8                USBD_CDC_SetTxBuffer
 .text.USBD_CDC_SetRxBuffer
                0x0800c32c       0x3a ./Middlewares/ST/STM32_USB_Device_Library/Class/CDC/Src/usbd_cdc.o
                0x0800c32c                USBD_CDC_SetRxBuffer
 *fill*         0x0800c366        0x2 
 .text.USBD_CDC_TransmitPacket
                0x0800c368       0x80 ./Middlewares/ST/STM32_USB_Device_Library/Class/CDC/Src/usbd_cdc.o
                0x0800c368                USBD_CDC_TransmitPacket
 .text.USBD_CDC_ReceivePacket
                0x0800c3e8       0x6c ./Middlewares/ST/STM32_USB_Device_Library/Class/CDC/Src/usbd_cdc.o
                0x0800c3e8                USBD_CDC_ReceivePacket
 .text.USBD_Init
                0x0800c454       0x60 ./Middlewares/ST/STM32_USB_Device_Library/Core/Src/usbd_core.o
                0x0800c454                USBD_Init
 .text.USBD_RegisterClass
                0x0800c4b4       0x6c ./Middlewares/ST/STM32_USB_Device_Library/Core/Src/usbd_core.o
                0x0800c4b4                USBD_RegisterClass
 .text.USBD_Start
                0x0800c520       0x18 ./Middlewares/ST/STM32_USB_Device_Library/Core/Src/usbd_core.o
                0x0800c520                USBD_Start
 .text.USBD_RunTestMode
                0x0800c538       0x16 ./Middlewares/ST/STM32_USB_Device_Library/Core/Src/usbd_core.o
                0x0800c538                USBD_RunTestMode
 .text.USBD_SetClassConfig
                0x0800c54e       0x38 ./Middlewares/ST/STM32_USB_Device_Library/Core/Src/usbd_core.o
                0x0800c54e                USBD_SetClassConfig
 .text.USBD_ClrClassConfig
                0x0800c586       0x34 ./Middlewares/ST/STM32_USB_Device_Library/Core/Src/usbd_core.o
                0x0800c586                USBD_ClrClassConfig
 .text.USBD_LL_SetupStage
                0x0800c5ba       0xaa ./Middlewares/ST/STM32_USB_Device_Library/Core/Src/usbd_core.o
                0x0800c5ba                USBD_LL_SetupStage
 .text.USBD_LL_DataOutStage
                0x0800c664      0x178 ./Middlewares/ST/STM32_USB_Device_Library/Core/Src/usbd_core.o
                0x0800c664                USBD_LL_DataOutStage
 .text.USBD_LL_DataInStage
                0x0800c7dc      0x176 ./Middlewares/ST/STM32_USB_Device_Library/Core/Src/usbd_core.o
                0x0800c7dc                USBD_LL_DataInStage
 .text.USBD_LL_Reset
                0x0800c952       0xa6 ./Middlewares/ST/STM32_USB_Device_Library/Core/Src/usbd_core.o
                0x0800c952                USBD_LL_Reset
 .text.USBD_LL_SetSpeed
                0x0800c9f8       0x20 ./Middlewares/ST/STM32_USB_Device_Library/Core/Src/usbd_core.o
                0x0800c9f8                USBD_LL_SetSpeed
 .text.USBD_LL_Suspend
                0x0800ca18       0x38 ./Middlewares/ST/STM32_USB_Device_Library/Core/Src/usbd_core.o
                0x0800ca18                USBD_LL_Suspend
 .text.USBD_LL_Resume
                0x0800ca50       0x30 ./Middlewares/ST/STM32_USB_Device_Library/Core/Src/usbd_core.o
                0x0800ca50                USBD_LL_Resume
 .text.USBD_LL_SOF
                0x0800ca80       0x40 ./Middlewares/ST/STM32_USB_Device_Library/Core/Src/usbd_core.o
                0x0800ca80                USBD_LL_SOF
 .text.USBD_LL_IsoINIncomplete
                0x0800cac0       0x64 ./Middlewares/ST/STM32_USB_Device_Library/Core/Src/usbd_core.o
                0x0800cac0                USBD_LL_IsoINIncomplete
 .text.USBD_LL_IsoOUTIncomplete
                0x0800cb24       0x64 ./Middlewares/ST/STM32_USB_Device_Library/Core/Src/usbd_core.o
                0x0800cb24                USBD_LL_IsoOUTIncomplete
 .text.USBD_LL_DevConnected
                0x0800cb88       0x16 ./Middlewares/ST/STM32_USB_Device_Library/Core/Src/usbd_core.o
                0x0800cb88                USBD_LL_DevConnected
 .text.USBD_LL_DevDisconnected
                0x0800cb9e       0x46 ./Middlewares/ST/STM32_USB_Device_Library/Core/Src/usbd_core.o
                0x0800cb9e                USBD_LL_DevDisconnected
 .text.USBD_CoreFindIF
                0x0800cbe4       0x1a ./Middlewares/ST/STM32_USB_Device_Library/Core/Src/usbd_core.o
                0x0800cbe4                USBD_CoreFindIF
 .text.USBD_CoreFindEP
                0x0800cbfe       0x1a ./Middlewares/ST/STM32_USB_Device_Library/Core/Src/usbd_core.o
                0x0800cbfe                USBD_CoreFindEP
 .text.USBD_GetEpDesc
                0x0800cc18       0x70 ./Middlewares/ST/STM32_USB_Device_Library/Core/Src/usbd_core.o
                0x0800cc18                USBD_GetEpDesc
 .text.USBD_GetNextDesc
                0x0800cc88       0x38 ./Middlewares/ST/STM32_USB_Device_Library/Core/Src/usbd_core.o
                0x0800cc88                USBD_GetNextDesc
 .text.SWAPBYTE
                0x0800ccc0       0x3e ./Middlewares/ST/STM32_USB_Device_Library/Core/Src/usbd_ctlreq.o
 *fill*         0x0800ccfe        0x2 
 .text.USBD_StdDevReq
                0x0800cd00       0xe4 ./Middlewares/ST/STM32_USB_Device_Library/Core/Src/usbd_ctlreq.o
                0x0800cd00                USBD_StdDevReq
 .text.USBD_StdItfReq
                0x0800cde4       0xd8 ./Middlewares/ST/STM32_USB_Device_Library/Core/Src/usbd_ctlreq.o
                0x0800cde4                USBD_StdItfReq
 .text.USBD_StdEPReq
                0x0800cebc      0x33e ./Middlewares/ST/STM32_USB_Device_Library/Core/Src/usbd_ctlreq.o
                0x0800cebc                USBD_StdEPReq
 *fill*         0x0800d1fa        0x2 
 .text.USBD_GetDescriptor
                0x0800d1fc      0x2d4 ./Middlewares/ST/STM32_USB_Device_Library/Core/Src/usbd_ctlreq.o
 .text.USBD_SetAddress
                0x0800d4d0       0x88 ./Middlewares/ST/STM32_USB_Device_Library/Core/Src/usbd_ctlreq.o
 .text.USBD_SetConfig
                0x0800d558      0x154 ./Middlewares/ST/STM32_USB_Device_Library/Core/Src/usbd_ctlreq.o
 .text.USBD_GetConfig
                0x0800d6ac       0x6c ./Middlewares/ST/STM32_USB_Device_Library/Core/Src/usbd_ctlreq.o
 .text.USBD_GetStatus
                0x0800d718       0x68 ./Middlewares/ST/STM32_USB_Device_Library/Core/Src/usbd_ctlreq.o
 .text.USBD_SetFeature
                0x0800d780       0x52 ./Middlewares/ST/STM32_USB_Device_Library/Core/Src/usbd_ctlreq.o
 .text.USBD_ClrFeature
                0x0800d7d2       0x44 ./Middlewares/ST/STM32_USB_Device_Library/Core/Src/usbd_ctlreq.o
 .text.USBD_ParseSetupRequest
                0x0800d816       0x74 ./Middlewares/ST/STM32_USB_Device_Library/Core/Src/usbd_ctlreq.o
                0x0800d816                USBD_ParseSetupRequest
 .text.USBD_CtlError
                0x0800d88a       0x22 ./Middlewares/ST/STM32_USB_Device_Library/Core/Src/usbd_ctlreq.o
                0x0800d88a                USBD_CtlError
 .text.USBD_GetString
                0x0800d8ac       0xa4 ./Middlewares/ST/STM32_USB_Device_Library/Core/Src/usbd_ctlreq.o
                0x0800d8ac                USBD_GetString
 .text.USBD_GetLen
                0x0800d950       0x34 ./Middlewares/ST/STM32_USB_Device_Library/Core/Src/usbd_ctlreq.o
 .text.USBD_CtlSendData
                0x0800d984       0x3c ./Middlewares/ST/STM32_USB_Device_Library/Core/Src/usbd_ioreq.o
                0x0800d984                USBD_CtlSendData
 .text.USBD_CtlContinueSendData
                0x0800d9c0       0x22 ./Middlewares/ST/STM32_USB_Device_Library/Core/Src/usbd_ioreq.o
                0x0800d9c0                USBD_CtlContinueSendData
 .text.USBD_CtlPrepareRx
                0x0800d9e2       0x42 ./Middlewares/ST/STM32_USB_Device_Library/Core/Src/usbd_ioreq.o
                0x0800d9e2                USBD_CtlPrepareRx
 .text.USBD_CtlContinueRx
                0x0800da24       0x22 ./Middlewares/ST/STM32_USB_Device_Library/Core/Src/usbd_ioreq.o
                0x0800da24                USBD_CtlContinueRx
 .text.USBD_CtlSendStatus
                0x0800da46       0x26 ./Middlewares/ST/STM32_USB_Device_Library/Core/Src/usbd_ioreq.o
                0x0800da46                USBD_CtlSendStatus
 .text.USBD_CtlReceiveStatus
                0x0800da6c       0x26 ./Middlewares/ST/STM32_USB_Device_Library/Core/Src/usbd_ioreq.o
                0x0800da6c                USBD_CtlReceiveStatus
 *fill*         0x0800da92        0x2 
 .text.MX_USB_DEVICE_Init
                0x0800da94       0x60 ./USB_DEVICE/App/usb_device.o
                0x0800da94                MX_USB_DEVICE_Init
 .text.CDC_Init_FS
                0x0800daf4       0x28 ./USB_DEVICE/App/usbd_cdc_if.o
 .text.CDC_DeInit_FS
                0x0800db1c       0x10 ./USB_DEVICE/App/usbd_cdc_if.o
 .text.CDC_Control_FS
                0x0800db2c       0xbc ./USB_DEVICE/App/usbd_cdc_if.o
 .text.CDC_Receive_FS
                0x0800dbe8       0x28 ./USB_DEVICE/App/usbd_cdc_if.o
 .text.CDC_Transmit_FS
                0x0800dc10       0x4c ./USB_DEVICE/App/usbd_cdc_if.o
                0x0800dc10                CDC_Transmit_FS
 .text.CDC_TransmitCplt_FS
                0x0800dc5c       0x22 ./USB_DEVICE/App/usbd_cdc_if.o
 *fill*         0x0800dc7e        0x2 
 .text.USBD_FS_DeviceDescriptor
                0x0800dc80       0x24 ./USB_DEVICE/App/usbd_desc.o
                0x0800dc80                USBD_FS_DeviceDescriptor
 .text.USBD_FS_LangIDStrDescriptor
                0x0800dca4       0x24 ./USB_DEVICE/App/usbd_desc.o
                0x0800dca4                USBD_FS_LangIDStrDescriptor
 .text.USBD_FS_ProductStrDescriptor
                0x0800dcc8       0x3c ./USB_DEVICE/App/usbd_desc.o
                0x0800dcc8                USBD_FS_ProductStrDescriptor
 .text.USBD_FS_ManufacturerStrDescriptor
                0x0800dd04       0x28 ./USB_DEVICE/App/usbd_desc.o
                0x0800dd04                USBD_FS_ManufacturerStrDescriptor
 .text.USBD_FS_SerialStrDescriptor
                0x0800dd2c       0x24 ./USB_DEVICE/App/usbd_desc.o
                0x0800dd2c                USBD_FS_SerialStrDescriptor
 .text.USBD_FS_ConfigStrDescriptor
                0x0800dd50       0x3c ./USB_DEVICE/App/usbd_desc.o
                0x0800dd50                USBD_FS_ConfigStrDescriptor
 .text.USBD_FS_InterfaceStrDescriptor
                0x0800dd8c       0x3c ./USB_DEVICE/App/usbd_desc.o
                0x0800dd8c                USBD_FS_InterfaceStrDescriptor
 .text.Get_SerialNum
                0x0800ddc8       0x58 ./USB_DEVICE/App/usbd_desc.o
 .text.IntToUnicode
                0x0800de20       0x7e ./USB_DEVICE/App/usbd_desc.o
 *fill*         0x0800de9e        0x2 
 .text.HAL_PCD_MspInit
                0x0800dea0       0xa8 ./USB_DEVICE/Target/usbd_conf.o
                0x0800dea0                HAL_PCD_MspInit
 .text.HAL_PCD_SetupStageCallback
                0x0800df48       0x24 ./USB_DEVICE/Target/usbd_conf.o
                0x0800df48                HAL_PCD_SetupStageCallback
 .text.HAL_PCD_DataOutStageCallback
                0x0800df6c       0x36 ./USB_DEVICE/Target/usbd_conf.o
                0x0800df6c                HAL_PCD_DataOutStageCallback
 .text.HAL_PCD_DataInStageCallback
                0x0800dfa2       0x34 ./USB_DEVICE/Target/usbd_conf.o
                0x0800dfa2                HAL_PCD_DataInStageCallback
 .text.HAL_PCD_SOFCallback
                0x0800dfd6       0x1c ./USB_DEVICE/Target/usbd_conf.o
                0x0800dfd6                HAL_PCD_SOFCallback
 .text.HAL_PCD_ResetCallback
                0x0800dff2       0x50 ./USB_DEVICE/Target/usbd_conf.o
                0x0800dff2                HAL_PCD_ResetCallback
 *fill*         0x0800e042        0x2 
 .text.HAL_PCD_SuspendCallback
                0x0800e044       0x4c ./USB_DEVICE/Target/usbd_conf.o
                0x0800e044                HAL_PCD_SuspendCallback
 .text.HAL_PCD_ResumeCallback
                0x0800e090       0x1c ./USB_DEVICE/Target/usbd_conf.o
                0x0800e090                HAL_PCD_ResumeCallback
 .text.HAL_PCD_ISOOUTIncompleteCallback
                0x0800e0ac       0x24 ./USB_DEVICE/Target/usbd_conf.o
                0x0800e0ac                HAL_PCD_ISOOUTIncompleteCallback
 .text.HAL_PCD_ISOINIncompleteCallback
                0x0800e0d0       0x24 ./USB_DEVICE/Target/usbd_conf.o
                0x0800e0d0                HAL_PCD_ISOINIncompleteCallback
 .text.HAL_PCD_ConnectCallback
                0x0800e0f4       0x1c ./USB_DEVICE/Target/usbd_conf.o
                0x0800e0f4                HAL_PCD_ConnectCallback
 .text.HAL_PCD_DisconnectCallback
                0x0800e110       0x1c ./USB_DEVICE/Target/usbd_conf.o
                0x0800e110                HAL_PCD_DisconnectCallback
 .text.USBD_LL_Init
                0x0800e12c       0x98 ./USB_DEVICE/Target/usbd_conf.o
                0x0800e12c                USBD_LL_Init
 .text.USBD_LL_Start
                0x0800e1c4       0x36 ./USB_DEVICE/Target/usbd_conf.o
                0x0800e1c4                USBD_LL_Start
 .text.USBD_LL_OpenEP
                0x0800e1fa       0x4c ./USB_DEVICE/Target/usbd_conf.o
                0x0800e1fa                USBD_LL_OpenEP
 .text.USBD_LL_CloseEP
                0x0800e246       0x3e ./USB_DEVICE/Target/usbd_conf.o
                0x0800e246                USBD_LL_CloseEP
 .text.USBD_LL_StallEP
                0x0800e284       0x3e ./USB_DEVICE/Target/usbd_conf.o
                0x0800e284                USBD_LL_StallEP
 .text.USBD_LL_ClearStallEP
                0x0800e2c2       0x3e ./USB_DEVICE/Target/usbd_conf.o
                0x0800e2c2                USBD_LL_ClearStallEP
 .text.USBD_LL_IsStallEP
                0x0800e300       0x58 ./USB_DEVICE/Target/usbd_conf.o
                0x0800e300                USBD_LL_IsStallEP
 .text.USBD_LL_SetUSBAddress
                0x0800e358       0x3e ./USB_DEVICE/Target/usbd_conf.o
                0x0800e358                USBD_LL_SetUSBAddress
 .text.USBD_LL_Transmit
                0x0800e396       0x42 ./USB_DEVICE/Target/usbd_conf.o
                0x0800e396                USBD_LL_Transmit
 .text.USBD_LL_PrepareReceive
                0x0800e3d8       0x42 ./USB_DEVICE/Target/usbd_conf.o
                0x0800e3d8                USBD_LL_PrepareReceive
 .text.USBD_LL_GetRxDataSize
                0x0800e41a       0x26 ./USB_DEVICE/Target/usbd_conf.o
                0x0800e41a                USBD_LL_GetRxDataSize
 .text.USBD_static_malloc
                0x0800e440       0x1c ./USB_DEVICE/Target/usbd_conf.o
                0x0800e440                USBD_static_malloc
 .text.USBD_static_free
                0x0800e45c       0x14 ./USB_DEVICE/Target/usbd_conf.o
                0x0800e45c                USBD_static_free
 .text.USBD_Get_USB_Status
                0x0800e470       0x58 ./USB_DEVICE/Target/usbd_conf.o
                0x0800e470                USBD_Get_USB_Status
 .text.__cvt    0x0800e4c8       0xca C:/ST/STM32CubeIDE_1.19.0/STM32CubeIDE/plugins/com.st.stm32cube.ide.mcu.externaltools.gnu-tools-for-stm32.13.3.rel1.win32_1.0.0.202411081344/tools/bin/../lib/gcc/arm-none-eabi/13.3.1/../../../../arm-none-eabi/lib/thumb/v7e-m+fp/hard\libc_nano.a(libc_a-nano-vfprintf_float.o)
                0x0800e4c8                __cvt
 .text.__exponent
                0x0800e592       0x74 C:/ST/STM32CubeIDE_1.19.0/STM32CubeIDE/plugins/com.st.stm32cube.ide.mcu.externaltools.gnu-tools-for-stm32.13.3.rel1.win32_1.0.0.202411081344/tools/bin/../lib/gcc/arm-none-eabi/13.3.1/../../../../arm-none-eabi/lib/thumb/v7e-m+fp/hard\libc_nano.a(libc_a-nano-vfprintf_float.o)
                0x0800e592                __exponent
 *fill*         0x0800e606        0x2 
 .text._printf_float
                0x0800e608      0x454 C:/ST/STM32CubeIDE_1.19.0/STM32CubeIDE/plugins/com.st.stm32cube.ide.mcu.externaltools.gnu-tools-for-stm32.13.3.rel1.win32_1.0.0.202411081344/tools/bin/../lib/gcc/arm-none-eabi/13.3.1/../../../../arm-none-eabi/lib/thumb/v7e-m+fp/hard\libc_nano.a(libc_a-nano-vfprintf_float.o)
                0x0800e608                _printf_float
 .text._printf_common
                0x0800ea5c       0xda C:/ST/STM32CubeIDE_1.19.0/STM32CubeIDE/plugins/com.st.stm32cube.ide.mcu.externaltools.gnu-tools-for-stm32.13.3.rel1.win32_1.0.0.202411081344/tools/bin/../lib/gcc/arm-none-eabi/13.3.1/../../../../arm-none-eabi/lib/thumb/v7e-m+fp/hard\libc_nano.a(libc_a-nano-vfprintf_i.o)
                0x0800ea5c                _printf_common
 *fill*         0x0800eb36        0x2 
 .text._printf_i
                0x0800eb38      0x23c C:/ST/STM32CubeIDE_1.19.0/STM32CubeIDE/plugins/com.st.stm32cube.ide.mcu.externaltools.gnu-tools-for-stm32.13.3.rel1.win32_1.0.0.202411081344/tools/bin/../lib/gcc/arm-none-eabi/13.3.1/../../../../arm-none-eabi/lib/thumb/v7e-m+fp/hard\libc_nano.a(libc_a-nano-vfprintf_i.o)
                0x0800eb38                _printf_i
 .text.std      0x0800ed74       0x6c C:/ST/STM32CubeIDE_1.19.0/STM32CubeIDE/plugins/com.st.stm32cube.ide.mcu.externaltools.gnu-tools-for-stm32.13.3.rel1.win32_1.0.0.202411081344/tools/bin/../lib/gcc/arm-none-eabi/13.3.1/../../../../arm-none-eabi/lib/thumb/v7e-m+fp/hard\libc_nano.a(libc_a-findfp.o)
 .text.stdio_exit_handler
                0x0800ede0       0x18 C:/ST/STM32CubeIDE_1.19.0/STM32CubeIDE/plugins/com.st.stm32cube.ide.mcu.externaltools.gnu-tools-for-stm32.13.3.rel1.win32_1.0.0.202411081344/tools/bin/../lib/gcc/arm-none-eabi/13.3.1/../../../../arm-none-eabi/lib/thumb/v7e-m+fp/hard\libc_nano.a(libc_a-findfp.o)
 .text.cleanup_stdio
                0x0800edf8       0x40 C:/ST/STM32CubeIDE_1.19.0/STM32CubeIDE/plugins/com.st.stm32cube.ide.mcu.externaltools.gnu-tools-for-stm32.13.3.rel1.win32_1.0.0.202411081344/tools/bin/../lib/gcc/arm-none-eabi/13.3.1/../../../../arm-none-eabi/lib/thumb/v7e-m+fp/hard\libc_nano.a(libc_a-findfp.o)
 .text.global_stdio_init.part.0
                0x0800ee38       0x3c C:/ST/STM32CubeIDE_1.19.0/STM32CubeIDE/plugins/com.st.stm32cube.ide.mcu.externaltools.gnu-tools-for-stm32.13.3.rel1.win32_1.0.0.202411081344/tools/bin/../lib/gcc/arm-none-eabi/13.3.1/../../../../arm-none-eabi/lib/thumb/v7e-m+fp/hard\libc_nano.a(libc_a-findfp.o)
 .text.__sfp_lock_acquire
                0x0800ee74        0xc C:/ST/STM32CubeIDE_1.19.0/STM32CubeIDE/plugins/com.st.stm32cube.ide.mcu.externaltools.gnu-tools-for-stm32.13.3.rel1.win32_1.0.0.202411081344/tools/bin/../lib/gcc/arm-none-eabi/13.3.1/../../../../arm-none-eabi/lib/thumb/v7e-m+fp/hard\libc_nano.a(libc_a-findfp.o)
                0x0800ee74                __sfp_lock_acquire
 .text.__sfp_lock_release
                0x0800ee80        0xc C:/ST/STM32CubeIDE_1.19.0/STM32CubeIDE/plugins/com.st.stm32cube.ide.mcu.externaltools.gnu-tools-for-stm32.13.3.rel1.win32_1.0.0.202411081344/tools/bin/../lib/gcc/arm-none-eabi/13.3.1/../../../../arm-none-eabi/lib/thumb/v7e-m+fp/hard\libc_nano.a(libc_a-findfp.o)
                0x0800ee80                __sfp_lock_release
 .text.__sinit  0x0800ee8c       0x30 C:/ST/STM32CubeIDE_1.19.0/STM32CubeIDE/plugins/com.st.stm32cube.ide.mcu.externaltools.gnu-tools-for-stm32.13.3.rel1.win32_1.0.0.202411081344/tools/bin/../lib/gcc/arm-none-eabi/13.3.1/../../../../arm-none-eabi/lib/thumb/v7e-m+fp/hard\libc_nano.a(libc_a-findfp.o)
                0x0800ee8c                __sinit
 .text._fwalk_sglue
                0x0800eebc       0x3c C:/ST/STM32CubeIDE_1.19.0/STM32CubeIDE/plugins/com.st.stm32cube.ide.mcu.externaltools.gnu-tools-for-stm32.13.3.rel1.win32_1.0.0.202411081344/tools/bin/../lib/gcc/arm-none-eabi/13.3.1/../../../../arm-none-eabi/lib/thumb/v7e-m+fp/hard\libc_nano.a(libc_a-fwalk.o)
                0x0800eebc                _fwalk_sglue
 .text.sprintf  0x0800eef8       0x44 C:/ST/STM32CubeIDE_1.19.0/STM32CubeIDE/plugins/com.st.stm32cube.ide.mcu.externaltools.gnu-tools-for-stm32.13.3.rel1.win32_1.0.0.202411081344/tools/bin/../lib/gcc/arm-none-eabi/13.3.1/../../../../arm-none-eabi/lib/thumb/v7e-m+fp/hard\libc_nano.a(libc_a-sprintf.o)
                0x0800eef8                siprintf
                0x0800eef8                sprintf
 .text.__sread  0x0800ef3c       0x22 C:/ST/STM32CubeIDE_1.19.0/STM32CubeIDE/plugins/com.st.stm32cube.ide.mcu.externaltools.gnu-tools-for-stm32.13.3.rel1.win32_1.0.0.202411081344/tools/bin/../lib/gcc/arm-none-eabi/13.3.1/../../../../arm-none-eabi/lib/thumb/v7e-m+fp/hard\libc_nano.a(libc_a-stdio.o)
                0x0800ef3c                __sread
 .text.__swrite
                0x0800ef5e       0x38 C:/ST/STM32CubeIDE_1.19.0/STM32CubeIDE/plugins/com.st.stm32cube.ide.mcu.externaltools.gnu-tools-for-stm32.13.3.rel1.win32_1.0.0.202411081344/tools/bin/../lib/gcc/arm-none-eabi/13.3.1/../../../../arm-none-eabi/lib/thumb/v7e-m+fp/hard\libc_nano.a(libc_a-stdio.o)
                0x0800ef5e                __swrite
 .text.__sseek  0x0800ef96       0x24 C:/ST/STM32CubeIDE_1.19.0/STM32CubeIDE/plugins/com.st.stm32cube.ide.mcu.externaltools.gnu-tools-for-stm32.13.3.rel1.win32_1.0.0.202411081344/tools/bin/../lib/gcc/arm-none-eabi/13.3.1/../../../../arm-none-eabi/lib/thumb/v7e-m+fp/hard\libc_nano.a(libc_a-stdio.o)
                0x0800ef96                __sseek
 .text.__sclose
                0x0800efba        0x8 C:/ST/STM32CubeIDE_1.19.0/STM32CubeIDE/plugins/com.st.stm32cube.ide.mcu.externaltools.gnu-tools-for-stm32.13.3.rel1.win32_1.0.0.202411081344/tools/bin/../lib/gcc/arm-none-eabi/13.3.1/../../../../arm-none-eabi/lib/thumb/v7e-m+fp/hard\libc_nano.a(libc_a-stdio.o)
                0x0800efba                __sclose
 .text.memcmp   0x0800efc2       0x20 C:/ST/STM32CubeIDE_1.19.0/STM32CubeIDE/plugins/com.st.stm32cube.ide.mcu.externaltools.gnu-tools-for-stm32.13.3.rel1.win32_1.0.0.202411081344/tools/bin/../lib/gcc/arm-none-eabi/13.3.1/../../../../arm-none-eabi/lib/thumb/v7e-m+fp/hard\libc_nano.a(libc_a-memcmp.o)
                0x0800efc2                memcmp
 .text.memset   0x0800efe2       0x10 C:/ST/STM32CubeIDE_1.19.0/STM32CubeIDE/plugins/com.st.stm32cube.ide.mcu.externaltools.gnu-tools-for-stm32.13.3.rel1.win32_1.0.0.202411081344/tools/bin/../lib/gcc/arm-none-eabi/13.3.1/../../../../arm-none-eabi/lib/thumb/v7e-m+fp/hard\libc_nano.a(libc_a-memset.o)
                0x0800efe2                memset
 *fill*         0x0800eff2        0x2 
 .text._localeconv_r
                0x0800eff4        0x8 C:/ST/STM32CubeIDE_1.19.0/STM32CubeIDE/plugins/com.st.stm32cube.ide.mcu.externaltools.gnu-tools-for-stm32.13.3.rel1.win32_1.0.0.202411081344/tools/bin/../lib/gcc/arm-none-eabi/13.3.1/../../../../arm-none-eabi/lib/thumb/v7e-m+fp/hard\libc_nano.a(libc_a-localeconv.o)
                0x0800eff4                _localeconv_r
 .text._close_r
                0x0800effc       0x20 C:/ST/STM32CubeIDE_1.19.0/STM32CubeIDE/plugins/com.st.stm32cube.ide.mcu.externaltools.gnu-tools-for-stm32.13.3.rel1.win32_1.0.0.202411081344/tools/bin/../lib/gcc/arm-none-eabi/13.3.1/../../../../arm-none-eabi/lib/thumb/v7e-m+fp/hard\libc_nano.a(libc_a-closer.o)
                0x0800effc                _close_r
 .text._lseek_r
                0x0800f01c       0x24 C:/ST/STM32CubeIDE_1.19.0/STM32CubeIDE/plugins/com.st.stm32cube.ide.mcu.externaltools.gnu-tools-for-stm32.13.3.rel1.win32_1.0.0.202411081344/tools/bin/../lib/gcc/arm-none-eabi/13.3.1/../../../../arm-none-eabi/lib/thumb/v7e-m+fp/hard\libc_nano.a(libc_a-lseekr.o)
                0x0800f01c                _lseek_r
 .text._read_r  0x0800f040       0x24 C:/ST/STM32CubeIDE_1.19.0/STM32CubeIDE/plugins/com.st.stm32cube.ide.mcu.externaltools.gnu-tools-for-stm32.13.3.rel1.win32_1.0.0.202411081344/tools/bin/../lib/gcc/arm-none-eabi/13.3.1/../../../../arm-none-eabi/lib/thumb/v7e-m+fp/hard\libc_nano.a(libc_a-readr.o)
                0x0800f040                _read_r
 .text._write_r
                0x0800f064       0x24 C:/ST/STM32CubeIDE_1.19.0/STM32CubeIDE/plugins/com.st.stm32cube.ide.mcu.externaltools.gnu-tools-for-stm32.13.3.rel1.win32_1.0.0.202411081344/tools/bin/../lib/gcc/arm-none-eabi/13.3.1/../../../../arm-none-eabi/lib/thumb/v7e-m+fp/hard\libc_nano.a(libc_a-writer.o)
                0x0800f064                _write_r
 .text.__errno  0x0800f088        0xc C:/ST/STM32CubeIDE_1.19.0/STM32CubeIDE/plugins/com.st.stm32cube.ide.mcu.externaltools.gnu-tools-for-stm32.13.3.rel1.win32_1.0.0.202411081344/tools/bin/../lib/gcc/arm-none-eabi/13.3.1/../../../../arm-none-eabi/lib/thumb/v7e-m+fp/hard\libc_nano.a(libc_a-errno.o)
                0x0800f088                __errno
 .text.__libc_init_array
                0x0800f094       0x48 C:/ST/STM32CubeIDE_1.19.0/STM32CubeIDE/plugins/com.st.stm32cube.ide.mcu.externaltools.gnu-tools-for-stm32.13.3.rel1.win32_1.0.0.202411081344/tools/bin/../lib/gcc/arm-none-eabi/13.3.1/../../../../arm-none-eabi/lib/thumb/v7e-m+fp/hard\libc_nano.a(libc_a-init.o)
                0x0800f094                __libc_init_array
 .text.__retarget_lock_init_recursive
                0x0800f0dc        0x2 C:/ST/STM32CubeIDE_1.19.0/STM32CubeIDE/plugins/com.st.stm32cube.ide.mcu.externaltools.gnu-tools-for-stm32.13.3.rel1.win32_1.0.0.202411081344/tools/bin/../lib/gcc/arm-none-eabi/13.3.1/../../../../arm-none-eabi/lib/thumb/v7e-m+fp/hard\libc_nano.a(libc_a-lock.o)
                0x0800f0dc                __retarget_lock_init_recursive
 .text.__retarget_lock_acquire_recursive
                0x0800f0de        0x2 C:/ST/STM32CubeIDE_1.19.0/STM32CubeIDE/plugins/com.st.stm32cube.ide.mcu.externaltools.gnu-tools-for-stm32.13.3.rel1.win32_1.0.0.202411081344/tools/bin/../lib/gcc/arm-none-eabi/13.3.1/../../../../arm-none-eabi/lib/thumb/v7e-m+fp/hard\libc_nano.a(libc_a-lock.o)
                0x0800f0de                __retarget_lock_acquire_recursive
 .text.__retarget_lock_release_recursive
                0x0800f0e0        0x2 C:/ST/STM32CubeIDE_1.19.0/STM32CubeIDE/plugins/com.st.stm32cube.ide.mcu.externaltools.gnu-tools-for-stm32.13.3.rel1.win32_1.0.0.202411081344/tools/bin/../lib/gcc/arm-none-eabi/13.3.1/../../../../arm-none-eabi/lib/thumb/v7e-m+fp/hard\libc_nano.a(libc_a-lock.o)
                0x0800f0e0                __retarget_lock_release_recursive
 .text.strcpy   0x0800f0e2       0x10 C:/ST/STM32CubeIDE_1.19.0/STM32CubeIDE/plugins/com.st.stm32cube.ide.mcu.externaltools.gnu-tools-for-stm32.13.3.rel1.win32_1.0.0.202411081344/tools/bin/../lib/gcc/arm-none-eabi/13.3.1/../../../../arm-none-eabi/lib/thumb/v7e-m+fp/hard\libc_nano.a(libc_a-strcpy.o)
                0x0800f0e2                strcpy
 .text.quorem   0x0800f0f2      0x110 C:/ST/STM32CubeIDE_1.19.0/STM32CubeIDE/plugins/com.st.stm32cube.ide.mcu.externaltools.gnu-tools-for-stm32.13.3.rel1.win32_1.0.0.202411081344/tools/bin/../lib/gcc/arm-none-eabi/13.3.1/../../../../arm-none-eabi/lib/thumb/v7e-m+fp/hard\libc_nano.a(libc_a-dtoa.o)
 *fill*         0x0800f202        0x6 
 .text._dtoa_r  0x0800f208      0xba0 C:/ST/STM32CubeIDE_1.19.0/STM32CubeIDE/plugins/com.st.stm32cube.ide.mcu.externaltools.gnu-tools-for-stm32.13.3.rel1.win32_1.0.0.202411081344/tools/bin/../lib/gcc/arm-none-eabi/13.3.1/../../../../arm-none-eabi/lib/thumb/v7e-m+fp/hard\libc_nano.a(libc_a-dtoa.o)
                0x0800f208                _dtoa_r
 .text._free_r  0x0800fda8       0x94 C:/ST/STM32CubeIDE_1.19.0/STM32CubeIDE/plugins/com.st.stm32cube.ide.mcu.externaltools.gnu-tools-for-stm32.13.3.rel1.win32_1.0.0.202411081344/tools/bin/../lib/gcc/arm-none-eabi/13.3.1/../../../../arm-none-eabi/lib/thumb/v7e-m+fp/hard\libc_nano.a(libc_a-freer.o)
                0x0800fda8                _free_r
 .text.malloc   0x0800fe3c       0x10 C:/ST/STM32CubeIDE_1.19.0/STM32CubeIDE/plugins/com.st.stm32cube.ide.mcu.externaltools.gnu-tools-for-stm32.13.3.rel1.win32_1.0.0.202411081344/tools/bin/../lib/gcc/arm-none-eabi/13.3.1/../../../../arm-none-eabi/lib/thumb/v7e-m+fp/hard\libc_nano.a(libc_a-malloc.o)
                0x0800fe3c                malloc
 .text.sbrk_aligned
                0x0800fe4c       0x44 C:/ST/STM32CubeIDE_1.19.0/STM32CubeIDE/plugins/com.st.stm32cube.ide.mcu.externaltools.gnu-tools-for-stm32.13.3.rel1.win32_1.0.0.202411081344/tools/bin/../lib/gcc/arm-none-eabi/13.3.1/../../../../arm-none-eabi/lib/thumb/v7e-m+fp/hard\libc_nano.a(libc_a-mallocr.o)
 .text._malloc_r
                0x0800fe90      0x100 C:/ST/STM32CubeIDE_1.19.0/STM32CubeIDE/plugins/com.st.stm32cube.ide.mcu.externaltools.gnu-tools-for-stm32.13.3.rel1.win32_1.0.0.202411081344/tools/bin/../lib/gcc/arm-none-eabi/13.3.1/../../../../arm-none-eabi/lib/thumb/v7e-m+fp/hard\libc_nano.a(libc_a-mallocr.o)
                0x0800fe90                _malloc_r
 .text.__malloc_lock
                0x0800ff90        0xc C:/ST/STM32CubeIDE_1.19.0/STM32CubeIDE/plugins/com.st.stm32cube.ide.mcu.externaltools.gnu-tools-for-stm32.13.3.rel1.win32_1.0.0.202411081344/tools/bin/../lib/gcc/arm-none-eabi/13.3.1/../../../../arm-none-eabi/lib/thumb/v7e-m+fp/hard\libc_nano.a(libc_a-mlock.o)
                0x0800ff90                __malloc_lock
 .text.__malloc_unlock
                0x0800ff9c        0xc C:/ST/STM32CubeIDE_1.19.0/STM32CubeIDE/plugins/com.st.stm32cube.ide.mcu.externaltools.gnu-tools-for-stm32.13.3.rel1.win32_1.0.0.202411081344/tools/bin/../lib/gcc/arm-none-eabi/13.3.1/../../../../arm-none-eabi/lib/thumb/v7e-m+fp/hard\libc_nano.a(libc_a-mlock.o)
                0x0800ff9c                __malloc_unlock
 .text._Balloc  0x0800ffa8       0x80 C:/ST/STM32CubeIDE_1.19.0/STM32CubeIDE/plugins/com.st.stm32cube.ide.mcu.externaltools.gnu-tools-for-stm32.13.3.rel1.win32_1.0.0.202411081344/tools/bin/../lib/gcc/arm-none-eabi/13.3.1/../../../../arm-none-eabi/lib/thumb/v7e-m+fp/hard\libc_nano.a(libc_a-mprec.o)
                0x0800ffa8                _Balloc
 .text._Bfree   0x08010028       0x44 C:/ST/STM32CubeIDE_1.19.0/STM32CubeIDE/plugins/com.st.stm32cube.ide.mcu.externaltools.gnu-tools-for-stm32.13.3.rel1.win32_1.0.0.202411081344/tools/bin/../lib/gcc/arm-none-eabi/13.3.1/../../../../arm-none-eabi/lib/thumb/v7e-m+fp/hard\libc_nano.a(libc_a-mprec.o)
                0x08010028                _Bfree
 .text.__multadd
                0x0801006c       0x8c C:/ST/STM32CubeIDE_1.19.0/STM32CubeIDE/plugins/com.st.stm32cube.ide.mcu.externaltools.gnu-tools-for-stm32.13.3.rel1.win32_1.0.0.202411081344/tools/bin/../lib/gcc/arm-none-eabi/13.3.1/../../../../arm-none-eabi/lib/thumb/v7e-m+fp/hard\libc_nano.a(libc_a-mprec.o)
                0x0801006c                __multadd
 .text.__hi0bits
                0x080100f8       0x3e C:/ST/STM32CubeIDE_1.19.0/STM32CubeIDE/plugins/com.st.stm32cube.ide.mcu.externaltools.gnu-tools-for-stm32.13.3.rel1.win32_1.0.0.202411081344/tools/bin/../lib/gcc/arm-none-eabi/13.3.1/../../../../arm-none-eabi/lib/thumb/v7e-m+fp/hard\libc_nano.a(libc_a-mprec.o)
                0x080100f8                __hi0bits
 .text.__lo0bits
                0x08010136       0x5a C:/ST/STM32CubeIDE_1.19.0/STM32CubeIDE/plugins/com.st.stm32cube.ide.mcu.externaltools.gnu-tools-for-stm32.13.3.rel1.win32_1.0.0.202411081344/tools/bin/../lib/gcc/arm-none-eabi/13.3.1/../../../../arm-none-eabi/lib/thumb/v7e-m+fp/hard\libc_nano.a(libc_a-mprec.o)
                0x08010136                __lo0bits
 .text.__i2b    0x08010190       0x2c C:/ST/STM32CubeIDE_1.19.0/STM32CubeIDE/plugins/com.st.stm32cube.ide.mcu.externaltools.gnu-tools-for-stm32.13.3.rel1.win32_1.0.0.202411081344/tools/bin/../lib/gcc/arm-none-eabi/13.3.1/../../../../arm-none-eabi/lib/thumb/v7e-m+fp/hard\libc_nano.a(libc_a-mprec.o)
                0x08010190                __i2b
 .text.__multiply
                0x080101bc      0x144 C:/ST/STM32CubeIDE_1.19.0/STM32CubeIDE/plugins/com.st.stm32cube.ide.mcu.externaltools.gnu-tools-for-stm32.13.3.rel1.win32_1.0.0.202411081344/tools/bin/../lib/gcc/arm-none-eabi/13.3.1/../../../../arm-none-eabi/lib/thumb/v7e-m+fp/hard\libc_nano.a(libc_a-mprec.o)
                0x080101bc                __multiply
 .text.__pow5mult
                0x08010300       0xb4 C:/ST/STM32CubeIDE_1.19.0/STM32CubeIDE/plugins/com.st.stm32cube.ide.mcu.externaltools.gnu-tools-for-stm32.13.3.rel1.win32_1.0.0.202411081344/tools/bin/../lib/gcc/arm-none-eabi/13.3.1/../../../../arm-none-eabi/lib/thumb/v7e-m+fp/hard\libc_nano.a(libc_a-mprec.o)
                0x08010300                __pow5mult
 .text.__lshift
                0x080103b4       0xd8 C:/ST/STM32CubeIDE_1.19.0/STM32CubeIDE/plugins/com.st.stm32cube.ide.mcu.externaltools.gnu-tools-for-stm32.13.3.rel1.win32_1.0.0.202411081344/tools/bin/../lib/gcc/arm-none-eabi/13.3.1/../../../../arm-none-eabi/lib/thumb/v7e-m+fp/hard\libc_nano.a(libc_a-mprec.o)
                0x080103b4                __lshift
 .text.__mcmp   0x0801048c       0x36 C:/ST/STM32CubeIDE_1.19.0/STM32CubeIDE/plugins/com.st.stm32cube.ide.mcu.externaltools.gnu-tools-for-stm32.13.3.rel1.win32_1.0.0.202411081344/tools/bin/../lib/gcc/arm-none-eabi/13.3.1/../../../../arm-none-eabi/lib/thumb/v7e-m+fp/hard\libc_nano.a(libc_a-mprec.o)
                0x0801048c                __mcmp
 *fill*         0x080104c2        0x2 
 .text.__mdiff  0x080104c4      0x128 C:/ST/STM32CubeIDE_1.19.0/STM32CubeIDE/plugins/com.st.stm32cube.ide.mcu.externaltools.gnu-tools-for-stm32.13.3.rel1.win32_1.0.0.202411081344/tools/bin/../lib/gcc/arm-none-eabi/13.3.1/../../../../arm-none-eabi/lib/thumb/v7e-m+fp/hard\libc_nano.a(libc_a-mprec.o)
                0x080104c4                __mdiff
 .text.__d2b    0x080105ec       0xb0 C:/ST/STM32CubeIDE_1.19.0/STM32CubeIDE/plugins/com.st.stm32cube.ide.mcu.externaltools.gnu-tools-for-stm32.13.3.rel1.win32_1.0.0.202411081344/tools/bin/../lib/gcc/arm-none-eabi/13.3.1/../../../../arm-none-eabi/lib/thumb/v7e-m+fp/hard\libc_nano.a(libc_a-mprec.o)
                0x080105ec                __d2b
 .text.__ssputs_r
                0x0801069c       0xb6 C:/ST/STM32CubeIDE_1.19.0/STM32CubeIDE/plugins/com.st.stm32cube.ide.mcu.externaltools.gnu-tools-for-stm32.13.3.rel1.win32_1.0.0.202411081344/tools/bin/../lib/gcc/arm-none-eabi/13.3.1/../../../../arm-none-eabi/lib/thumb/v7e-m+fp/hard\libc_nano.a(libc_a-nano-svfprintf.o)
                0x0801069c                __ssputs_r
 *fill*         0x08010752        0x2 
 .text._svfprintf_r
                0x08010754      0x1f8 C:/ST/STM32CubeIDE_1.19.0/STM32CubeIDE/plugins/com.st.stm32cube.ide.mcu.externaltools.gnu-tools-for-stm32.13.3.rel1.win32_1.0.0.202411081344/tools/bin/../lib/gcc/arm-none-eabi/13.3.1/../../../../arm-none-eabi/lib/thumb/v7e-m+fp/hard\libc_nano.a(libc_a-nano-svfprintf.o)
                0x08010754                _svfiprintf_r
                0x08010754                _svfprintf_r
 .text.__sflush_r
                0x0801094c      0x108 C:/ST/STM32CubeIDE_1.19.0/STM32CubeIDE/plugins/com.st.stm32cube.ide.mcu.externaltools.gnu-tools-for-stm32.13.3.rel1.win32_1.0.0.202411081344/tools/bin/../lib/gcc/arm-none-eabi/13.3.1/../../../../arm-none-eabi/lib/thumb/v7e-m+fp/hard\libc_nano.a(libc_a-fflush.o)
                0x0801094c                __sflush_r
 .text._fflush_r
                0x08010a54       0x50 C:/ST/STM32CubeIDE_1.19.0/STM32CubeIDE/plugins/com.st.stm32cube.ide.mcu.externaltools.gnu-tools-for-stm32.13.3.rel1.win32_1.0.0.202411081344/tools/bin/../lib/gcc/arm-none-eabi/13.3.1/../../../../arm-none-eabi/lib/thumb/v7e-m+fp/hard\libc_nano.a(libc_a-fflush.o)
                0x08010a54                _fflush_r
 .text.memmove  0x08010aa4       0x34 C:/ST/STM32CubeIDE_1.19.0/STM32CubeIDE/plugins/com.st.stm32cube.ide.mcu.externaltools.gnu-tools-for-stm32.13.3.rel1.win32_1.0.0.202411081344/tools/bin/../lib/gcc/arm-none-eabi/13.3.1/../../../../arm-none-eabi/lib/thumb/v7e-m+fp/hard\libc_nano.a(libc_a-memmove.o)
                0x08010aa4                memmove
 .text._sbrk_r  0x08010ad8       0x20 C:/ST/STM32CubeIDE_1.19.0/STM32CubeIDE/plugins/com.st.stm32cube.ide.mcu.externaltools.gnu-tools-for-stm32.13.3.rel1.win32_1.0.0.202411081344/tools/bin/../lib/gcc/arm-none-eabi/13.3.1/../../../../arm-none-eabi/lib/thumb/v7e-m+fp/hard\libc_nano.a(libc_a-sbrkr.o)
                0x08010ad8                _sbrk_r
 .text.memcpy   0x08010af8       0x1c C:/ST/STM32CubeIDE_1.19.0/STM32CubeIDE/plugins/com.st.stm32cube.ide.mcu.externaltools.gnu-tools-for-stm32.13.3.rel1.win32_1.0.0.202411081344/tools/bin/../lib/gcc/arm-none-eabi/13.3.1/../../../../arm-none-eabi/lib/thumb/v7e-m+fp/hard\libc_nano.a(libc_a-memcpy-stub.o)
                0x08010af8                memcpy
 .text.__assert_func
                0x08010b14       0x3c C:/ST/STM32CubeIDE_1.19.0/STM32CubeIDE/plugins/com.st.stm32cube.ide.mcu.externaltools.gnu-tools-for-stm32.13.3.rel1.win32_1.0.0.202411081344/tools/bin/../lib/gcc/arm-none-eabi/13.3.1/../../../../arm-none-eabi/lib/thumb/v7e-m+fp/hard\libc_nano.a(libc_a-assert.o)
                0x08010b14                __assert_func
 .text._calloc_r
                0x08010b50       0x28 C:/ST/STM32CubeIDE_1.19.0/STM32CubeIDE/plugins/com.st.stm32cube.ide.mcu.externaltools.gnu-tools-for-stm32.13.3.rel1.win32_1.0.0.202411081344/tools/bin/../lib/gcc/arm-none-eabi/13.3.1/../../../../arm-none-eabi/lib/thumb/v7e-m+fp/hard\libc_nano.a(libc_a-callocr.o)
                0x08010b50                _calloc_r
 .text.__ascii_mbtowc
                0x08010b78       0x24 C:/ST/STM32CubeIDE_1.19.0/STM32CubeIDE/plugins/com.st.stm32cube.ide.mcu.externaltools.gnu-tools-for-stm32.13.3.rel1.win32_1.0.0.202411081344/tools/bin/../lib/gcc/arm-none-eabi/13.3.1/../../../../arm-none-eabi/lib/thumb/v7e-m+fp/hard\libc_nano.a(libc_a-mbtowc_r.o)
                0x08010b78                __ascii_mbtowc
 .text._realloc_r
                0x08010b9c       0x5c C:/ST/STM32CubeIDE_1.19.0/STM32CubeIDE/plugins/com.st.stm32cube.ide.mcu.externaltools.gnu-tools-for-stm32.13.3.rel1.win32_1.0.0.202411081344/tools/bin/../lib/gcc/arm-none-eabi/13.3.1/../../../../arm-none-eabi/lib/thumb/v7e-m+fp/hard\libc_nano.a(libc_a-reallocr.o)
                0x08010b9c                _realloc_r
 .text.__ascii_wctomb
                0x08010bf8       0x1a C:/ST/STM32CubeIDE_1.19.0/STM32CubeIDE/plugins/com.st.stm32cube.ide.mcu.externaltools.gnu-tools-for-stm32.13.3.rel1.win32_1.0.0.202411081344/tools/bin/../lib/gcc/arm-none-eabi/13.3.1/../../../../arm-none-eabi/lib/thumb/v7e-m+fp/hard\libc_nano.a(libc_a-wctomb_r.o)
                0x08010bf8                __ascii_wctomb
 *fill*         0x08010c12        0x2 
 .text.fprintf  0x08010c14       0x24 C:/ST/STM32CubeIDE_1.19.0/STM32CubeIDE/plugins/com.st.stm32cube.ide.mcu.externaltools.gnu-tools-for-stm32.13.3.rel1.win32_1.0.0.202411081344/tools/bin/../lib/gcc/arm-none-eabi/13.3.1/../../../../arm-none-eabi/lib/thumb/v7e-m+fp/hard\libc_nano.a(libc_a-fprintf.o)
                0x08010c14                fiprintf
                0x08010c14                fprintf
 .text.abort    0x08010c38        0xe C:/ST/STM32CubeIDE_1.19.0/STM32CubeIDE/plugins/com.st.stm32cube.ide.mcu.externaltools.gnu-tools-for-stm32.13.3.rel1.win32_1.0.0.202411081344/tools/bin/../lib/gcc/arm-none-eabi/13.3.1/../../../../arm-none-eabi/lib/thumb/v7e-m+fp/hard\libc_nano.a(libc_a-abort.o)
                0x08010c38                abort
 .text._malloc_usable_size_r
                0x08010c46       0x10 C:/ST/STM32CubeIDE_1.19.0/STM32CubeIDE/plugins/com.st.stm32cube.ide.mcu.externaltools.gnu-tools-for-stm32.13.3.rel1.win32_1.0.0.202411081344/tools/bin/../lib/gcc/arm-none-eabi/13.3.1/../../../../arm-none-eabi/lib/thumb/v7e-m+fp/hard\libc_nano.a(libc_a-msizer.o)
                0x08010c46                _malloc_usable_size_r
 .text.__sfputc_r
                0x08010c56       0x2e C:/ST/STM32CubeIDE_1.19.0/STM32CubeIDE/plugins/com.st.stm32cube.ide.mcu.externaltools.gnu-tools-for-stm32.13.3.rel1.win32_1.0.0.202411081344/tools/bin/../lib/gcc/arm-none-eabi/13.3.1/../../../../arm-none-eabi/lib/thumb/v7e-m+fp/hard\libc_nano.a(libc_a-nano-vfprintf.o)
 .text.__sfputs_r
                0x08010c84       0x24 C:/ST/STM32CubeIDE_1.19.0/STM32CubeIDE/plugins/com.st.stm32cube.ide.mcu.externaltools.gnu-tools-for-stm32.13.3.rel1.win32_1.0.0.202411081344/tools/bin/../lib/gcc/arm-none-eabi/13.3.1/../../../../arm-none-eabi/lib/thumb/v7e-m+fp/hard\libc_nano.a(libc_a-nano-vfprintf.o)
                0x08010c84                __sfputs_r
 .text._vfprintf_r
                0x08010ca8      0x230 C:/ST/STM32CubeIDE_1.19.0/STM32CubeIDE/plugins/com.st.stm32cube.ide.mcu.externaltools.gnu-tools-for-stm32.13.3.rel1.win32_1.0.0.202411081344/tools/bin/../lib/gcc/arm-none-eabi/13.3.1/../../../../arm-none-eabi/lib/thumb/v7e-m+fp/hard\libc_nano.a(libc_a-nano-vfprintf.o)
                0x08010ca8                _vfprintf_r
                0x08010ca8                _vfiprintf_r
 .text.__swbuf_r
                0x08010ed8       0x7c C:/ST/STM32CubeIDE_1.19.0/STM32CubeIDE/plugins/com.st.stm32cube.ide.mcu.externaltools.gnu-tools-for-stm32.13.3.rel1.win32_1.0.0.202411081344/tools/bin/../lib/gcc/arm-none-eabi/13.3.1/../../../../arm-none-eabi/lib/thumb/v7e-m+fp/hard\libc_nano.a(libc_a-wbuf.o)
                0x08010ed8                __swbuf_r
 .text.__swsetup_r
                0x08010f54       0xac C:/ST/STM32CubeIDE_1.19.0/STM32CubeIDE/plugins/com.st.stm32cube.ide.mcu.externaltools.gnu-tools-for-stm32.13.3.rel1.win32_1.0.0.202411081344/tools/bin/../lib/gcc/arm-none-eabi/13.3.1/../../../../arm-none-eabi/lib/thumb/v7e-m+fp/hard\libc_nano.a(libc_a-wsetup.o)
                0x08010f54                __swsetup_r
 .text._raise_r
                0x08011000       0x50 C:/ST/STM32CubeIDE_1.19.0/STM32CubeIDE/plugins/com.st.stm32cube.ide.mcu.externaltools.gnu-tools-for-stm32.13.3.rel1.win32_1.0.0.202411081344/tools/bin/../lib/gcc/arm-none-eabi/13.3.1/../../../../arm-none-eabi/lib/thumb/v7e-m+fp/hard\libc_nano.a(libc_a-signal.o)
                0x08011000                _raise_r
 .text.raise    0x08011050       0x10 C:/ST/STM32CubeIDE_1.19.0/STM32CubeIDE/plugins/com.st.stm32cube.ide.mcu.externaltools.gnu-tools-for-stm32.13.3.rel1.win32_1.0.0.202411081344/tools/bin/../lib/gcc/arm-none-eabi/13.3.1/../../../../arm-none-eabi/lib/thumb/v7e-m+fp/hard\libc_nano.a(libc_a-signal.o)
                0x08011050                raise
 .text._kill_r  0x08011060       0x24 C:/ST/STM32CubeIDE_1.19.0/STM32CubeIDE/plugins/com.st.stm32cube.ide.mcu.externaltools.gnu-tools-for-stm32.13.3.rel1.win32_1.0.0.202411081344/tools/bin/../lib/gcc/arm-none-eabi/13.3.1/../../../../arm-none-eabi/lib/thumb/v7e-m+fp/hard\libc_nano.a(libc_a-signalr.o)
                0x08011060                _kill_r
 .text._getpid_r
                0x08011084        0x4 C:/ST/STM32CubeIDE_1.19.0/STM32CubeIDE/plugins/com.st.stm32cube.ide.mcu.externaltools.gnu-tools-for-stm32.13.3.rel1.win32_1.0.0.202411081344/tools/bin/../lib/gcc/arm-none-eabi/13.3.1/../../../../arm-none-eabi/lib/thumb/v7e-m+fp/hard\libc_nano.a(libc_a-signalr.o)
                0x08011084                _getpid_r
 .text.__swhatbuf_r
                0x08011088       0x4c C:/ST/STM32CubeIDE_1.19.0/STM32CubeIDE/plugins/com.st.stm32cube.ide.mcu.externaltools.gnu-tools-for-stm32.13.3.rel1.win32_1.0.0.202411081344/tools/bin/../lib/gcc/arm-none-eabi/13.3.1/../../../../arm-none-eabi/lib/thumb/v7e-m+fp/hard\libc_nano.a(libc_a-makebuf.o)
                0x08011088                __swhatbuf_r
 .text.__smakebuf_r