Archive member included to satisfy reference by file (symbol)

C:/ST/STM32CubeIDE_1.19.0/STM32CubeIDE/plugins/com.st.stm32cube.ide.mcu.externaltools.gnu-tools-for-stm32.13.3.rel1.win32_1.0.0.202411081344/tools/bin/../lib/gcc/arm-none-eabi/13.3.1/../../../../arm-none-eabi/lib/thumb/v7e-m+fp/hard\libc_nano.a(libc_a-atoi.o)
                              ./Library_User/GNSS/gps_rmc.o (atoi)
C:/ST/STM32CubeIDE_1.19.0/STM32CubeIDE/plugins/com.st.stm32cube.ide.mcu.externaltools.gnu-tools-for-stm32.13.3.rel1.win32_1.0.0.202411081344/tools/bin/../lib/gcc/arm-none-eabi/13.3.1/../../../../arm-none-eabi/lib/thumb/v7e-m+fp/hard\libc_nano.a(libc_a-exit.o)
                              C:/ST/STM32CubeIDE_1.19.0/STM32CubeIDE/plugins/com.st.stm32cube.ide.mcu.externaltools.gnu-tools-for-stm32.13.3.rel1.win32_1.0.0.202411081344/tools/bin/../lib/gcc/arm-none-eabi/13.3.1/../../../../arm-none-eabi/lib/thumb/v7e-m+fp/hard/crt0.o (exit)
C:/ST/STM32CubeIDE_1.19.0/STM32CubeIDE/plugins/com.st.stm32cube.ide.mcu.externaltools.gnu-tools-for-stm32.13.3.rel1.win32_1.0.0.202411081344/tools/bin/../lib/gcc/arm-none-eabi/13.3.1/../../../../arm-none-eabi/lib/thumb/v7e-m+fp/hard\libc_nano.a(libc_a-malloc.o)
                              ./Library_User/Boat/Log/queue.o (malloc)
C:/ST/STM32CubeIDE_1.19.0/STM32CubeIDE/plugins/com.st.stm32cube.ide.mcu.externaltools.gnu-tools-for-stm32.13.3.rel1.win32_1.0.0.202411081344/tools/bin/../lib/gcc/arm-none-eabi/13.3.1/../../../../arm-none-eabi/lib/thumb/v7e-m+fp/hard\libc_nano.a(libc_a-mallocr.o)
                              C:/ST/STM32CubeIDE_1.19.0/STM32CubeIDE/plugins/com.st.stm32cube.ide.mcu.externaltools.gnu-tools-for-stm32.13.3.rel1.win32_1.0.0.202411081344/tools/bin/../lib/gcc/arm-none-eabi/13.3.1/../../../../arm-none-eabi/lib/thumb/v7e-m+fp/hard\libc_nano.a(libc_a-malloc.o) (_malloc_r)
C:/ST/STM32CubeIDE_1.19.0/STM32CubeIDE/plugins/com.st.stm32cube.ide.mcu.externaltools.gnu-tools-for-stm32.13.3.rel1.win32_1.0.0.202411081344/tools/bin/../lib/gcc/arm-none-eabi/13.3.1/../../../../arm-none-eabi/lib/thumb/v7e-m+fp/hard\libc_nano.a(libc_a-mlock.o)
                              C:/ST/STM32CubeIDE_1.19.0/STM32CubeIDE/plugins/com.st.stm32cube.ide.mcu.externaltools.gnu-tools-for-stm32.13.3.rel1.win32_1.0.0.202411081344/tools/bin/../lib/gcc/arm-none-eabi/13.3.1/../../../../arm-none-eabi/lib/thumb/v7e-m+fp/hard\libc_nano.a(libc_a-mallocr.o) (__malloc_lock)
C:/ST/STM32CubeIDE_1.19.0/STM32CubeIDE/plugins/com.st.stm32cube.ide.mcu.externaltools.gnu-tools-for-stm32.13.3.rel1.win32_1.0.0.202411081344/tools/bin/../lib/gcc/arm-none-eabi/13.3.1/../../../../arm-none-eabi/lib/thumb/v7e-m+fp/hard\libc_nano.a(libc_a-rand.o)
                              ./Library_User/Network/Mqtt/mqtt_client.o (rand)
C:/ST/STM32CubeIDE_1.19.0/STM32CubeIDE/plugins/com.st.stm32cube.ide.mcu.externaltools.gnu-tools-for-stm32.13.3.rel1.win32_1.0.0.202411081344/tools/bin/../lib/gcc/arm-none-eabi/13.3.1/../../../../arm-none-eabi/lib/thumb/v7e-m+fp/hard\libc_nano.a(libc_a-strtol.o)
                              C:/ST/STM32CubeIDE_1.19.0/STM32CubeIDE/plugins/com.st.stm32cube.ide.mcu.externaltools.gnu-tools-for-stm32.13.3.rel1.win32_1.0.0.202411081344/tools/bin/../lib/gcc/arm-none-eabi/13.3.1/../../../../arm-none-eabi/lib/thumb/v7e-m+fp/hard\libc_nano.a(libc_a-atoi.o) (_strtol_r)
C:/ST/STM32CubeIDE_1.19.0/STM32CubeIDE/plugins/com.st.stm32cube.ide.mcu.externaltools.gnu-tools-for-stm32.13.3.rel1.win32_1.0.0.202411081344/tools/bin/../lib/gcc/arm-none-eabi/13.3.1/../../../../arm-none-eabi/lib/thumb/v7e-m+fp/hard\libc_nano.a(libc_a-ctype_.o)
                              ./Library_User/GNSS/gps_rmc.o (_ctype_)
C:/ST/STM32CubeIDE_1.19.0/STM32CubeIDE/plugins/com.st.stm32cube.ide.mcu.externaltools.gnu-tools-for-stm32.13.3.rel1.win32_1.0.0.202411081344/tools/bin/../lib/gcc/arm-none-eabi/13.3.1/../../../../arm-none-eabi/lib/thumb/v7e-m+fp/hard\libc_nano.a(libc_a-nano-vfprintf_float.o)
                              (_printf_float)
C:/ST/STM32CubeIDE_1.19.0/STM32CubeIDE/plugins/com.st.stm32cube.ide.mcu.externaltools.gnu-tools-for-stm32.13.3.rel1.win32_1.0.0.202411081344/tools/bin/../lib/gcc/arm-none-eabi/13.3.1/../../../../arm-none-eabi/lib/thumb/v7e-m+fp/hard\libc_nano.a(libc_a-nano-vfprintf_i.o)
                              C:/ST/STM32CubeIDE_1.19.0/STM32CubeIDE/plugins/com.st.stm32cube.ide.mcu.externaltools.gnu-tools-for-stm32.13.3.rel1.win32_1.0.0.202411081344/tools/bin/../lib/gcc/arm-none-eabi/13.3.1/../../../../arm-none-eabi/lib/thumb/v7e-m+fp/hard\libc_nano.a(libc_a-nano-vfprintf_float.o) (_printf_common)
C:/ST/STM32CubeIDE_1.19.0/STM32CubeIDE/plugins/com.st.stm32cube.ide.mcu.externaltools.gnu-tools-for-stm32.13.3.rel1.win32_1.0.0.202411081344/tools/bin/../lib/gcc/arm-none-eabi/13.3.1/../../../../arm-none-eabi/lib/thumb/v7e-m+fp/hard\libc_nano.a(libc_a-findfp.o)
[...]
Memory Configuration

Name             Origin             Length             Attributes
CCMRAM           0x10000000         0x00010000         xrw
RAM              0x20000000         0x00020000         xrw
FLASH            0x08000000         0x00030000         xr
*default*        0x00000000         0xffffffff

Linker script and memory map

LOAD C:/ST/STM32CubeIDE_1.19.0/STM32CubeIDE/plugins/com.st.stm32cube.ide.mcu.externaltools.gnu-tools-for-stm32.13.3.rel1.win32_1.0.0.202411081344/tools/bin/../lib/gcc/arm-none-eabi/13.3.1/thumb/v7e-m+fp/hard/crti.o
LOAD C:/ST/STM32CubeIDE_1.19.0/STM32CubeIDE/plugins/com.st.stm32cube.ide.mcu.externaltools.gnu-tools-for-stm32.13.3.rel1.win32_1.0.0.202411081344/tools/bin/../lib/gcc/arm-none-eabi/13.3.1/thumb/v7e-m+fp/hard/crtbegin.o
LOAD C:/ST/STM32CubeIDE_1.19.0/STM32CubeIDE/plugins/com.st.stm32cube.ide.mcu.externaltools.gnu-tools-for-stm32.13.3.rel1.win32_1.0.0.202411081344/tools/bin/../lib/gcc/arm-none-eabi/13.3.1/../../../../arm-none-eabi/lib/thumb/v7e-m+fp/hard/crt0.o
LOAD ./Core/Src/bootloader.o
LOAD ./Core/Src/clock.o
LOAD ./Core/Src/ds1302.o
LOAD ./Core/Src/dwt_delay.o
LOAD ./Core/Src/global.o
LOAD ./Core/Src/main.o
LOAD ./Core/Src/realtime.o
LOAD ./Core/Src/stm32f4xx_hal_msp.o
LOAD ./Core/Src/stm32f4xx_it.o
LOAD ./Core/Src/syscalls.o
LOAD ./Core/Src/sysmem.o
LOAD ./Core/Src/system_stm32f4xx.o
LOAD ./Core/Src/system_update.o
LOAD ./Core/Src/wdt.o
LOAD ./Core/Startup/startup_stm32f407vetx.o
LOAD ./Drivers/STM32F4xx_HAL_Driver/Src/stm32f4xx_hal.o
LOAD ./Drivers/STM32F4xx_HAL_Driver/Src/stm32f4xx_hal_adc.o
LOAD ./Drivers/STM32F4xx_HAL_Driver/Src/stm32f4xx_hal_adc_ex.o
LOAD ./Drivers/STM32F4xx_HAL_Driver/Src/stm32f4xx_hal_can.o
LOAD ./Drivers/STM32F4xx_HAL_Driver/Src/stm32f4xx_hal_cortex.o
LOAD ./Drivers/STM32F4xx_HAL_Driver/Src/stm32f4xx_hal_dma.o
LOAD ./Drivers/STM32F4xx_HAL_Driver/Src/stm32f4xx_hal_dma_ex.o
LOAD ./Drivers/STM32F4xx_HAL_Driver/Src/stm32f4xx_hal_exti.o
LOAD ./Drivers/STM32F4xx_HAL_Driver/Src/stm32f4xx_hal_flash.o
LOAD ./Drivers/STM32F4xx_HAL_Driver/Src/stm32f4xx_hal_flash_ex.o
LOAD ./Drivers/STM32F4xx_HAL_Driver/Src/stm32f4xx_hal_flash_ramfunc.o
LOAD ./Drivers/STM32F4xx_HAL_Driver/Src/stm32f4xx_hal_gpio.o
LOAD ./Drivers/STM32F4xx_HAL_Driver/Src/stm32f4xx_hal_iwdg.o
LOAD ./Drivers/STM32F4xx_HAL_Driver/Src/stm32f4xx_hal_pwr.o
LOAD ./Drivers/STM32F4xx_HAL_Driver/Src/stm32f4xx_hal_pwr_ex.o
LOAD ./Drivers/STM32F4xx_HAL_Driver/Src/stm32f4xx_hal_rcc.o
LOAD ./Drivers/STM32F4xx_HAL_Driver/Src/stm32f4xx_hal_rcc_ex.o
LOAD ./Drivers/STM32F4xx_HAL_Driver/Src/stm32f4xx_hal_spi.o
LOAD ./Drivers/STM32F4xx_HAL_Driver/Src/stm32f4xx_hal_tim.o
LOAD ./Drivers/STM32F4xx_HAL_Driver/Src/stm32f4xx_hal_tim_ex.o
LOAD ./Drivers/STM32F4xx_HAL_Driver/Src/stm32f4xx_hal_uart.o
LOAD ./Drivers/STM32F4xx_HAL_Driver/Src/stm32f4xx_ll_adc.o
LOAD ./Library_User/BMS_Jihong/jikong_can.o
LOAD ./Library_User/Boat/Frame/boat_frame.o
LOAD ./Library_User/Boat/Log/boat_log.o
LOAD ./Library_User/Boat/Log/queue.o
LOAD ./Library_User/Controller_Slider/Src/Can_Slider.o
LOAD ./Library_User/Display/Src/Display_Curtis.o
LOAD ./Library_User/Display/Src/ST7565.o
LOAD ./Library_User/Display/Src/glcdfont.o
LOAD ./Library_User/GNSS/example_usage.o
LOAD ./Library_User/GNSS/gnss_uart_dma.o
LOAD ./Library_User/GNSS/gps_rmc.o
LOAD ./Library_User/Led_Error/Led_Error.o
LOAD ./Library_User/ModbusRTU/modbus_msg_handle.o
LOAD ./Library_User/ModbusRTU/modbus_rtu_interface.o
LOAD ./Library_User/ModbusRTU/modbus_slave_base.o
LOAD ./Library_User/ModbusRTU/modbus_slave_comp.o
LOAD ./Library_User/Network/Mqtt/mqtt_client.o
LOAD ./Library_User/Network/Mqtt/mqtt_connect.o
LOAD ./Library_User/Network/Mqtt/mqtt_funtion.o
LOAD ./Library_User/Network/Mqtt/mqtt_interface.o
LOAD ./Library_User/Network/Mqtt/mqtt_publish.o
LOAD ./Library_User/Network/Mqtt/mqtt_subscrice.o
LOAD ./Library_User/Network/Mqtt/mqtt_unsubscrice.o
LOAD ./Library_User/Network/Sim/sim.o
LOAD ./Library_User/Network/Sim/sim_io.o
LOAD ./Library_User/Network/Sim/sim_utils.o
LOAD ./Library_User/Network/network.o
LOAD ./Library_User/Network/remote_boat.o
LOAD ./Library_User/Network/remote_firmware.o
LOAD ./Library_User/Storage/24Cxx.o
LOAD ./Library_User/Storage/extern_flash.o
LOAD ./Library_User/Storage/extern_rom.o
LOAD ./Library_User/Storage/soft_i2c_1.o
LOAD ./Library_User/Storage/spif.o
LOAD ./Library_User/VCU_State/VCU_State.o
START GROUP
LOAD C:/ST/STM32CubeIDE_1.19.0/STM32CubeIDE/plugins/com.st.stm32cube.ide.mcu.externaltools.gnu-tools-for-stm32.13.3.rel1.win32_1.0.0.202411081344/tools/bin/../lib/gcc/arm-none-eabi/13.3.1/../../../../arm-none-eabi/lib/thumb/v7e-m+fp/hard\libc_nano.a
LOAD C:/ST/STM32CubeIDE_1.19.0/STM32CubeIDE/plugins/com.st.stm32cube.ide.mcu.externaltools.gnu-tools-for-stm32.13.3.rel1.win32_1.0.0.202411081344/tools/bin/../lib/gcc/arm-none-eabi/13.3.1/../../../../arm-none-eabi/lib/thumb/v7e-m+fp/hard\libm.a
END GROUP
START GROUP
LOAD C:/ST/STM32CubeIDE_1.19.0/STM32CubeIDE/plugins/com.st.stm32cube.ide.mcu.externaltools.gnu-tools-for-stm32.13.3.rel1.win32_1.0.0.202411081344/tools/bin/../lib/gcc/arm-none-eabi/13.3.1/thumb/v7e-m+fp/hard\libgcc.a
LOAD C:/ST/STM32CubeIDE_1.19.0/STM32CubeIDE/plugins/com.st.stm32cube.ide.mcu.externaltools.gnu-tools-for-stm32.13.3.rel1.win32_1.0.0.202411081344/tools/bin/../lib/gcc/arm-none-eabi/13.3.1/../../../../arm-none-eabi/lib/thumb/v7e-m+fp/hard\libc_nano.a
END GROUP
START GROUP
LOAD C:/ST/STM32CubeIDE_1.19.0/STM32CubeIDE/plugins/com.st.stm32cube.ide.mcu.externaltools.gnu-tools-for-stm32.13.3.rel1.win32_1.0.0.202411081344/tools/bin/../lib/gcc/arm-none-eabi/13.3.1/thumb/v7e-m+fp/hard\libgcc.a
LOAD C:/ST/STM32CubeIDE_1.19.0/STM32CubeIDE/plugins/com.st.stm32cube.ide.mcu.externaltools.gnu-tools-for-stm32.13.3.rel1.win32_1.0.0.202411081344/tools/bin/../lib/gcc/arm-none-eabi/13.3.1/../../../../arm-none-eabi/lib/thumb/v7e-m+fp/hard\libc_nano.a
LOAD C:/ST/STM32CubeIDE_1.19.0/STM32CubeIDE/plugins/com.st.stm32cube.ide.mcu.externaltools.gnu-tools-for-stm32.13.3.rel1.win32_1.0.0.202411081344/tools/bin/../lib/gcc/arm-none-eabi/13.3.1/../../../../arm-none-eabi/lib/thumb/v7e-m+fp/hard\libnosys.a
END GROUP
START GROUP
LOAD C:/ST/STM32CubeIDE_1.19.0/STM32CubeIDE/plugins/com.st.stm32cube.ide.mcu.externaltools.gnu-tools-for-stm32.13.3.rel1.win32_1.0.0.202411081344/tools/bin/../lib/gcc/arm-none-eabi/13.3.1/thumb/v7e-m+fp/hard\libgcc.a
LOAD C:/ST/STM32CubeIDE_1.19.0/STM32CubeIDE/plugins/com.st.stm32cube.ide.mcu.externaltools.gnu-tools-for-stm32.13.3.rel1.win32_1.0.0.202411081344/tools/bin/../lib/gcc/arm-none-eabi/13.3.1/../../../../arm-none-eabi/lib/thumb/v7e-m+fp/hard\libc_nano.a
LOAD C:/ST/STM32CubeIDE_1.19.0/STM32CubeIDE/plugins/com.st.stm32cube.ide.mcu.externaltools.gnu-tools-for-stm32.13.3.rel1.win32_1.0.0.202411081344/tools/bin/../lib/gcc/arm-none-eabi/13.3.1/../../../../arm-none-eabi/lib/thumb/v7e-m+fp/hard\libnosys.a
END GROUP
LOAD C:/ST/STM32CubeIDE_1.19.0/STM32CubeIDE/plugins/com.st.stm32cube.ide.mcu.externaltools.gnu-tools-for-stm32.13.3.rel1.win32_1.0.0.202411081344/tools/bin/../lib/gcc/arm-none-eabi/13.3.1/thumb/v7e-m+fp/hard/crtend.o
LOAD C:/ST/STM32CubeIDE_1.19.0/STM32CubeIDE/plugins/com.st.stm32cube.ide.mcu.externaltools.gnu-tools-for-stm32.13.3.rel1.win32_1.0.0.202411081344/tools/bin/../lib/gcc/arm-none-eabi/13.3.1/thumb/v7e-m+fp/hard/crtn.o
                0x2001fff8                        _bflag = ((ORIGIN (RAM) + LENGTH (RAM)) - 0x8)
                0x2001fff8                        _estack = _bflag
                0x00000200                        _Min_Heap_Size = 0x200
                0x00000400                        _Min_Stack_Size = 0x400

.isr_vector     0x08000000      0x188
                0x08000000                        . = ALIGN (0x4)
 *(.isr_vector)
 .isr_vector    0x08000000      0x188 ./Core/Startup/startup_stm32f407vetx.o
                0x08000000                g_pfnVectors
                0x08000188                        . = ALIGN (0x4)

.text           0x08000190    0x16a9c
                0x08000190                        . = ALIGN (0x4)
 *(.text)
 .text          0x08000190       0x40 C:/ST/STM32CubeIDE_1.19.0/STM32CubeIDE/plugins/com.st.stm32cube.ide.mcu.externaltools.gnu-tools-for-stm32.13.3.rel1.win32_1.0.0.202411081344/tools/bin/../lib/gcc/arm-none-eabi/13.3.1/thumb/v7e-m+fp/hard/crtbegin.o
 .text          0x080001d0       0xa0 C:/ST/STM32CubeIDE_1.19.0/STM32CubeIDE/plugins/com.st.stm32cube.ide.mcu.externaltools.gnu-tools-for-stm32.13.3.rel1.win32_1.0.0.202411081344/tools/bin/../lib/gcc/arm-none-eabi/13.3.1/../../../../arm-none-eabi/lib/thumb/v7e-m+fp/hard\libc_nano.a(libc_a-memchr.o)
                0x080001d0                memchr
 .text          0x08000270       0x10 C:/ST/STM32CubeIDE_1.19.0/STM32CubeIDE/plugins/com.st.stm32cube.ide.mcu.externaltools.gnu-tools-for-stm32.13.3.rel1.win32_1.0.0.202411081344/tools/bin/../lib/gcc/arm-none-eabi/13.3.1/../../../../arm-none-eabi/lib/thumb/v7e-m+fp/hard\libc_nano.a(libc_a-strlen.o)
                0x08000270                strlen
 .text          0x08000280      0x378 C:/ST/STM32CubeIDE_1.19.0/STM32CubeIDE/plugins/com.st.stm32cube.ide.mcu.externaltools.gnu-tools-for-stm32.13.3.rel1.win32_1.0.0.202411081344/tools/bin/../lib/gcc/arm-none-eabi/13.3.1/thumb/v7e-m+fp/hard\libgcc.a(_arm_addsubdf3.o)
                0x08000280                __aeabi_drsub
                0x08000288                __aeabi_dsub
                0x08000288                __subdf3
                0x0800028c                __aeabi_dadd
                0x0800028c                __adddf3
                0x08000504                __floatunsidf
                0x08000504                __aeabi_ui2d
                0x08000524                __floatsidf
                0x08000524                __aeabi_i2d
                0x08000548                __aeabi_f2d
                0x08000548                __extendsfdf2
                0x0800058c                __floatundidf
                0x0800058c                __aeabi_ul2d
                0x0800059c                __floatdidf
                0x0800059c                __aeabi_l2d
 .text          0x080005f8      0x424 C:/ST/STM32CubeIDE_1.19.0/STM32CubeIDE/plugins/com.st.stm32cube.ide.mcu.externaltools.gnu-tools-for-stm32.13.3.rel1.win32_1.0.0.202411081344/tools/bin/../lib/gcc/arm-none-eabi/13.3.1/thumb/v7e-m+fp/hard\libgcc.a(_arm_muldivdf3.o)
                0x080005f8                __aeabi_dmul
                0x080005f8                __muldf3
                0x0800084c                __divdf3
                0x0800084c                __aeabi_ddiv
 .text          0x08000a1c      0x110 C:/ST/STM32CubeIDE_1.19.0/STM32CubeIDE/plugins/com.st.stm32cube.ide.mcu.externaltools.gnu-tools-for-stm32.13.3.rel1.win32_1.0.0.202411081344/tools/bin/../lib/gcc/arm-none-eabi/13.3.1/thumb/v7e-m+fp/hard\libgcc.a(_arm_cmpdf2.o)
                0x08000a1c                __gtdf2
                0x08000a1c                __gedf2
                0x08000a24                __ltdf2
                0x08000a24                __ledf2
                0x08000a2c                __nedf2
                0x08000a2c                __eqdf2
                0x08000a2c                __cmpdf2
                0x08000aa8                __aeabi_cdrcmple
                0x08000ab8                __aeabi_cdcmpeq
                0x08000ab8                __aeabi_cdcmple
                0x08000ac8                __aeabi_dcmpeq
                0x08000adc                __aeabi_dcmplt
                0x08000af0                __aeabi_dcmple
                0x08000b04                __aeabi_dcmpge
                0x08000b18                __aeabi_dcmpgt
 .text          0x08000b2c       0x2c C:/ST/STM32CubeIDE_1.19.0/STM32CubeIDE/plugins/com.st.stm32cube.ide.mcu.externaltools.gnu-tools-for-stm32.13.3.rel1.win32_1.0.0.202411081344/tools/bin/../lib/gcc/arm-none-eabi/13.3.1/thumb/v7e-m+fp/hard\libgcc.a(_arm_unorddf2.o)
                0x08000b2c                __unorddf2
                0x08000b2c                __aeabi_dcmpun
 .text          0x08000b58       0x50 C:/ST/STM32CubeIDE_1.19.0/STM32CubeIDE/plugins/com.st.stm32cube.ide.mcu.externaltools.gnu-tools-for-stm32.13.3.rel1.win32_1.0.0.202411081344/tools/bin/../lib/gcc/arm-none-eabi/13.3.1/thumb/v7e-m+fp/hard\libgcc.a(_arm_fixdfsi.o)
                0x08000b58                __aeabi_d2iz
                0x08000b58                __fixdfsi
 .text          0x08000ba8       0xa0 C:/ST/STM32CubeIDE_1.19.0/STM32CubeIDE/plugins/com.st.stm32cube.ide.mcu.externaltools.gnu-tools-for-stm32.13.3.rel1.win32_1.0.0.202411081344/tools/bin/../lib/gcc/arm-none-eabi/13.3.1/thumb/v7e-m+fp/hard\libgcc.a(_arm_truncdfsf2.o)
                0x08000ba8                __truncdfsf2
                0x08000ba8                __aeabi_d2f
 .text          0x08000c48       0x30 C:/ST/STM32CubeIDE_1.19.0/STM32CubeIDE/plugins/com.st.stm32cube.ide.mcu.externaltools.gnu-tools-for-stm32.13.3.rel1.win32_1.0.0.202411081344/tools/bin/../lib/gcc/arm-none-eabi/13.3.1/thumb/v7e-m+fp/hard\libgcc.a(_aeabi_uldivmod.o)
                0x08000c48                __aeabi_uldivmod
 .text          0x08000c78      0x2f8 C:/ST/STM32CubeIDE_1.19.0/STM32CubeIDE/plugins/com.st.stm32cube.ide.mcu.externaltools.gnu-tools-for-stm32.13.3.rel1.win32_1.0.0.202411081344/tools/bin/../lib/gcc/arm-none-eabi/13.3.1/thumb/v7e-m+fp/hard\libgcc.a(_udivmoddi4.o)
                0x08000c78                __udivmoddi4
 .text          0x08000f70        0x4 C:/ST/STM32CubeIDE_1.19.0/STM32CubeIDE/plugins/com.st.stm32cube.ide.mcu.externaltools.gnu-tools-for-stm32.13.3.rel1.win32_1.0.0.202411081344/tools/bin/../lib/gcc/arm-none-eabi/13.3.1/thumb/v7e-m+fp/hard\libgcc.a(_dvmd_tls.o)
                0x08000f70                __aeabi_idiv0
                0x08000f70                __aeabi_ldiv0
 *(.text*)
 .text.millis   0x08000f74       0x18 ./Core/Src/clock.o
                0x08000f74                millis
 .text.MiliSec_Run
                0x08000f8c       0x1c ./Core/Src/clock.o
                0x08000f8c                MiliSec_Run
 .text.ClockTimer_Init
                0x08000fa8       0x14 ./Core/Src/clock.o
                0x08000fa8                ClockTimer_Init
 .text.ClockTimer
                0x08000fbc       0x64 ./Core/Src/clock.o
                0x08000fbc                ClockTimer
 .text.IsSecondChange
                0x08001020       0x18 ./Core/Src/clock.o
                0x08001020                IsSecondChange
 .text.ClockTimer_Run
                0x08001038       0x88 ./Core/Src/clock.o
                0x08001038                ClockTimer_Run
 .text.ClockTimerIsr_Run
                0x080010c0       0x28 ./Core/Src/clock.o
                0x080010c0                ClockTimerIsr_Run
 .text.DS1302_SetRst
                0x080010e8       0x18 ./Core/Src/ds1302.o
                0x080010e8                DS1302_SetRst
 .text.DS1302_ResetRst
                0x08001100       0x18 ./Core/Src/ds1302.o
                0x08001100                DS1302_ResetRst
 .text.Ds1302_SetClk
                0x08001118       0x18 ./Core/Src/ds1302.o
                0x08001118                Ds1302_SetClk
 .text.DS1302_ResetClk
                0x08001130       0x18 ./Core/Src/ds1302.o
                0x08001130                DS1302_ResetClk
 .text.DS1302_SetClkCycle
                0x08001148       0x1c ./Core/Src/ds1302.o
                0x08001148                DS1302_SetClkCycle
 .text.DS1302_SetData
                0x08001164       0x18 ./Core/Src/ds1302.o
                0x08001164                DS1302_SetData
 .text.DS1302_ResetData
                0x0800117c       0x18 ./Core/Src/ds1302.o
                0x0800117c                DS1302_ResetData
 .text.DS1302_SetIdleState
                0x08001194       0x14 ./Core/Src/ds1302.o
                0x08001194                DS1302_SetIdleState
 .text.DS1302_Init
                0x080011a8        0xc ./Core/Src/ds1302.o
                0x080011a8                DS1302_Init
 .text.DS1302_SetReadModel
                0x080011b4       0x30 ./Core/Src/ds1302.o
                0x080011b4                DS1302_SetReadModel
 .text.DS1302_SetWriteMode
                0x080011e4       0x2c ./Core/Src/ds1302.o
                0x080011e4                DS1302_SetWriteMode
 .text.DS1302_WriteCmd
                0x08001210       0x48 ./Core/Src/ds1302.o
                0x08001210                DS1302_WriteCmd
 .text.DS1302_WriteData
                0x08001258       0x54 ./Core/Src/ds1302.o
                0x08001258                DS1302_WriteData
 .text.DS1302_ReadDataPin
                0x080012ac       0x18 ./Core/Src/ds1302.o
                0x080012ac                DS1302_ReadDataPin
 .text.DS1302_ReadData
                0x080012c4       0x68 ./Core/Src/ds1302.o
                0x080012c4                DS1302_ReadData
 .text.DS1302_GetTime
                0x0800132c      0x17c ./Core/Src/ds1302.o
                0x0800132c                DS1302_GetTime
 .text.DS1302_SetTime
                0x080014a8      0x1d8 ./Core/Src/ds1302.o
                0x080014a8                DS1302_SetTime
 .text.CyDelay_Init
                0x08001680       0x60 ./Core/Src/dwt_delay.o
                0x08001680                CyDelay_Init
 .text.CyDelayUs
                0x080016e0       0x4c ./Core/Src/dwt_delay.o
                0x080016e0                CyDelayUs
 .text.CyDelay  0x0800172c       0x16 ./Core/Src/dwt_delay.o
                0x0800172c                CyDelay
 .text.farcpy   0x08001742       0x3e ./Core/Src/global.o
                0x08001742                farcpy
 .text.cstrpos  0x08001780       0x72 ./Core/Src/global.o
                0x08001780                cstrpos
 .text.Frame_CalculateCRC
                0x080017f2       0x90 ./Core/Src/global.o
                0x080017f2                Frame_CalculateCRC
 .text.Frame_GeneralCheckSum
                0x08001882       0x42 ./Core/Src/global.o
                0x08001882                Frame_GeneralCheckSum
 .text.Frame_CalculationChecksum
                0x080018c4       0x48 ./Core/Src/global.o
                0x080018c4                Frame_CalculationChecksum
 .text.WriteBuffer
                0x0800190c       0x44 ./Core/Src/global.o
                0x0800190c                WriteBuffer
 .text.WriteChar_Buffer
                0x08001950       0x42 ./Core/Src/global.o
                0x08001950                WriteChar_Buffer
 .text.WriteInt16_Buffer
                0x08001992       0x58 ./Core/Src/global.o
                0x08001992                WriteInt16_Buffer
 .text.WriteInt32_Buffer
                0x080019ea       0x40 ./Core/Src/global.o
                0x080019ea                WriteInt32_Buffer
 *fill*         0x08001a2a        0x2 
 .text.main     0x08001a2c       0xd0 ./Core/Src/main.o
                0x08001a2c                main
 .text.SystemClock_Config
                0x08001afc       0xd8 ./Core/Src/main.o
                0x08001afc                SystemClock_Config
 .text.MX_ADC1_Init
                0x08001bd4       0xa4 ./Core/Src/main.o
 .text.MX_CAN1_Init
                0x08001c78       0x6c ./Core/Src/main.o
 .text.MX_IWDG_Init
                0x08001ce4       0x34 ./Core/Src/main.o
 .text.MX_SPI1_Init
                0x08001d18       0x6c ./Core/Src/main.o
 .text.MX_SPI2_Init
                0x08001d84       0x6c ./Core/Src/main.o
 .text.MX_TIM2_Init
                0x08001df0       0x98 ./Core/Src/main.o
 .text.MX_USART1_UART_Init
                0x08001e88       0x54 ./Core/Src/main.o
 .text.MX_USART2_UART_Init
                0x08001edc       0x54 ./Core/Src/main.o
 .text.MX_USART3_UART_Init
                0x08001f30       0x54 ./Core/Src/main.o
 .text.MX_USART6_UART_Init
                0x08001f84       0x54 ./Core/Src/main.o
 .text.MX_DMA_Init
                0x08001fd8       0x40 ./Core/Src/main.o
 .text.MX_GPIO_Init
                0x08002018      0x25c ./Core/Src/main.o
 .text.HAL_GPIO_EXTI_Callback
                0x08002274       0xc4 ./Core/Src/main.o
                0x08002274                HAL_GPIO_EXTI_Callback
 .text.Error_Handler
                0x08002338        0xc ./Core/Src/main.o
                0x08002338                Error_Handler
 .text.RealTime_Init
                0x08002344        0xc ./Core/Src/realtime.o
                0x08002344                RealTime_Init
 .text.ValidTime
                0x08002350       0xe8 ./Core/Src/realtime.o
                0x08002350                ValidTime
 .text.Realtime_Run
                0x08002438       0x68 ./Core/Src/realtime.o
                0x08002438                Realtime_Run
 .text.Realtime_UpdateNum
                0x080024a0       0x58 ./Core/Src/realtime.o
                0x080024a0                Realtime_UpdateNum
 .text.Realtime_UpdateWithDayOfWeek
                0x080024f8       0x5a ./Core/Src/realtime.o
                0x080024f8                Realtime_UpdateWithDayOfWeek
 *fill*         0x08002552        0x2 
 .text.HAL_MspInit
                0x08002554       0x50 ./Core/Src/stm32f4xx_hal_msp.o
                0x08002554                HAL_MspInit
 .text.HAL_ADC_MspInit
                0x080025a4       0x88 ./Core/Src/stm32f4xx_hal_msp.o
                0x080025a4                HAL_ADC_MspInit
 .text.HAL_CAN_MspInit
                0x0800262c       0xb0 ./Core/Src/stm32f4xx_hal_msp.o
                0x0800262c                HAL_CAN_MspInit
 .text.HAL_SPI_MspInit
                0x080026dc       0xfc ./Core/Src/stm32f4xx_hal_msp.o
                0x080026dc                HAL_SPI_MspInit
 .text.HAL_TIM_Base_MspInit
                0x080027d8       0x4c ./Core/Src/stm32f4xx_hal_msp.o
                0x080027d8                HAL_TIM_Base_MspInit
 .text.HAL_UART_MspInit
                0x08002824      0x25c ./Core/Src/stm32f4xx_hal_msp.o
                0x08002824                HAL_UART_MspInit
 .text.NMI_Handler
                0x08002a80        0x8 ./Core/Src/stm32f4xx_it.o
                0x08002a80                NMI_Handler
 .text.HardFault_Handler
                0x08002a88        0x8 ./Core/Src/stm32f4xx_it.o
                0x08002a88                HardFault_Handler
 .text.MemManage_Handler
                0x08002a90        0x8 ./Core/Src/stm32f4xx_it.o
                0x08002a90                MemManage_Handler
 .text.BusFault_Handler
                0x08002a98        0x8 ./Core/Src/stm32f4xx_it.o
                0x08002a98                BusFault_Handler
 .text.UsageFault_Handler
                0x08002aa0        0x8 ./Core/Src/stm32f4xx_it.o
                0x08002aa0                UsageFault_Handler
 .text.SVC_Handler
                0x08002aa8        0xe ./Core/Src/stm32f4xx_it.o
                0x08002aa8                SVC_Handler
 .text.DebugMon_Handler
                0x08002ab6        0xe ./Core/Src/stm32f4xx_it.o
                0x08002ab6                DebugMon_Handler
 .text.PendSV_Handler
                0x08002ac4        0xe ./Core/Src/stm32f4xx_it.o
                0x08002ac4                PendSV_Handler
 .text.SysTick_Handler
                0x08002ad2        0xc ./Core/Src/stm32f4xx_it.o
                0x08002ad2                SysTick_Handler
 *fill*         0x08002ade        0x2 
 .text.DMA1_Stream1_IRQHandler
                0x08002ae0       0x14 ./Core/Src/stm32f4xx_it.o
                0x08002ae0                DMA1_Stream1_IRQHandler
 .text.CAN1_RX0_IRQHandler
                0x08002af4       0x14 ./Core/Src/stm32f4xx_it.o
                0x08002af4                CAN1_RX0_IRQHandler
 .text.CAN1_RX1_IRQHandler
                0x08002b08       0x14 ./Core/Src/stm32f4xx_it.o
                0x08002b08                CAN1_RX1_IRQHandler
 .text.TIM2_IRQHandler
                0x08002b1c       0x18 ./Core/Src/stm32f4xx_it.o
                0x08002b1c                TIM2_IRQHandler
 .text.USART2_IRQHandler
                0x08002b34       0x18 ./Core/Src/stm32f4xx_it.o
                0x08002b34                USART2_IRQHandler
 .text.EXTI15_10_IRQHandler
                0x08002b4c       0x20 ./Core/Src/stm32f4xx_it.o
                0x08002b4c                EXTI15_10_IRQHandler
 .text.USART6_IRQHandler
                0x08002b6c       0x18 ./Core/Src/stm32f4xx_it.o
                0x08002b6c                USART6_IRQHandler
 .text._getpid  0x08002b84       0x10 ./Core/Src/syscalls.o
                0x08002b84                _getpid
 .text._kill    0x08002b94       0x20 ./Core/Src/syscalls.o
                0x08002b94                _kill
 .text._exit    0x08002bb4       0x16 ./Core/Src/syscalls.o
                0x08002bb4                _exit
 .text._read    0x08002bca       0x3a ./Core/Src/syscalls.o
                0x08002bca                _read
 .text._write   0x08002c04       0x38 ./Core/Src/syscalls.o
                0x08002c04                _write
 .text._close   0x08002c3c       0x18 ./Core/Src/syscalls.o
                0x08002c3c                _close
 .text._fstat   0x08002c54       0x20 ./Core/Src/syscalls.o
                0x08002c54                _fstat
 .text._isatty  0x08002c74       0x16 ./Core/Src/syscalls.o
                0x08002c74                _isatty
 .text._lseek   0x08002c8a       0x1a ./Core/Src/syscalls.o
                0x08002c8a                _lseek
 .text._sbrk    0x08002ca4       0x6c ./Core/Src/sysmem.o
                0x08002ca4                _sbrk
 .text.SystemInit
                0x08002d10       0x2c ./Core/Src/system_stm32f4xx.o
                0x08002d10                SystemInit
 .text.SystemUpdate_Init
                0x08002d3c       0x1c ./Core/Src/system_update.o
                0x08002d3c                SystemUpdate_Init
 .text.SystemUpdate_Require
                0x08002d58       0x2c ./Core/Src/system_update.o
                0x08002d58                SystemUpdate_Require
 .text.SystemUpdate_Run
                0x08002d84       0x7c ./Core/Src/system_update.o
                0x08002d84                SystemUpdate_Run
 .text.Wdt_Reset
                0x08002e00       0x14 ./Core/Src/wdt.o
                0x08002e00                Wdt_Reset
 .text.Reset_Handler
                0x08002e14       0x50 ./Core/Startup/startup_stm32f407vetx.o
                0x08002e14                Reset_Handler
 .text.Default_Handler
                0x08002e64        0x2 ./Core/Startup/startup_stm32f407vetx.o
                0x08002e64                RTC_Alarm_IRQHandler
                0x08002e64                HASH_RNG_IRQHandler
                0x08002e64                EXTI2_IRQHandler
                0x08002e64                TIM8_CC_IRQHandler
                0x08002e64                TIM1_CC_IRQHandler
                0x08002e64                DMA2_Stream5_IRQHandler
                0x08002e64                DMA1_Stream5_IRQHandler
                0x08002e64                PVD_IRQHandler
                0x08002e64                SDIO_IRQHandler
                0x08002e64                TAMP_STAMP_IRQHandler
                0x08002e64                CAN2_RX1_IRQHandler
                0x08002e64                EXTI3_IRQHandler
                0x08002e64                TIM8_TRG_COM_TIM14_IRQHandler
                0x08002e64                TIM1_UP_TIM10_IRQHandler
                0x08002e64                TIM8_UP_TIM13_IRQHandler
                0x08002e64                I2C3_ER_IRQHandler
                0x08002e64                EXTI0_IRQHandler
                0x08002e64                I2C2_EV_IRQHandler
                0x08002e64                DMA1_Stream2_IRQHandler
                0x08002e64                FPU_IRQHandler
                0x08002e64                OTG_HS_WKUP_IRQHandler
                0x08002e64                CAN2_SCE_IRQHandler
                0x08002e64                DMA2_Stream2_IRQHandler
                0x08002e64                SPI1_IRQHandler
                0x08002e64                TIM6_DAC_IRQHandler
                0x08002e64                TIM1_BRK_TIM9_IRQHandler
                0x08002e64                DCMI_IRQHandler
                0x08002e64                CAN2_RX0_IRQHandler
                0x08002e64                DMA2_Stream3_IRQHandler
                0x08002e64                USART3_IRQHandler
                0x08002e64                UART5_IRQHandler
                0x08002e64                DMA2_Stream0_IRQHandler
                0x08002e64                TIM4_IRQHandler
                0x08002e64                I2C1_EV_IRQHandler
                0x08002e64                DMA1_Stream6_IRQHandler
                0x08002e64                UART4_IRQHandler
                0x08002e64                TIM3_IRQHandler
                0x08002e64                RCC_IRQHandler
                0x08002e64                TIM8_BRK_TIM12_IRQHandler
                0x08002e64                Default_Handler
                0x08002e64                ADC_IRQHandler
                0x08002e64                DMA1_Stream7_IRQHandler
                0x08002e64                TIM7_IRQHandler
                0x08002e64                CAN2_TX_IRQHandler
                0x08002e64                TIM5_IRQHandler
                0x08002e64                DMA2_Stream7_IRQHandler
                0x08002e64                I2C3_EV_IRQHandler
                0x08002e64                EXTI9_5_IRQHandler
                0x08002e64                RTC_WKUP_IRQHandler
                0x08002e64                ETH_WKUP_IRQHandler
                0x08002e64                SPI2_IRQHandler
                0x08002e64                OTG_HS_EP1_IN_IRQHandler
                0x08002e64                DMA1_Stream0_IRQHandler
                0x08002e64                CAN1_TX_IRQHandler
                0x08002e64                EXTI4_IRQHandler
                0x08002e64                FSMC_IRQHandler
                0x08002e64                ETH_IRQHandler
                0x08002e64                OTG_HS_EP1_OUT_IRQHandler
                0x08002e64                WWDG_IRQHandler
                0x08002e64                OTG_FS_WKUP_IRQHandler
                0x08002e64                TIM1_TRG_COM_TIM11_IRQHandler
                0x08002e64                OTG_HS_IRQHandler
                0x08002e64                EXTI1_IRQHandler
                0x08002e64                I2C2_ER_IRQHandler
                0x08002e64                DMA2_Stream1_IRQHandler
                0x08002e64                CAN1_SCE_IRQHandler
                0x08002e64                FLASH_IRQHandler
                0x08002e64                DMA2_Stream4_IRQHandler
                0x08002e64                USART1_IRQHandler
                0x08002e64                OTG_FS_IRQHandler
                0x08002e64                SPI3_IRQHandler
                0x08002e64                DMA1_Stream4_IRQHandler
                0x08002e64                I2C1_ER_IRQHandler
                0x08002e64                DMA2_Stream6_IRQHandler
                0x08002e64                DMA1_Stream3_IRQHandler
 *fill*         0x08002e66        0x2 
 .text.HAL_Init
                0x08002e68       0x44 ./Drivers/STM32F4xx_HAL_Driver/Src/stm32f4xx_hal.o
                0x08002e68                HAL_Init
 .text.HAL_InitTick
                0x08002eac       0x60 ./Drivers/STM32F4xx_HAL_Driver/Src/stm32f4xx_hal.o
                0x08002eac                HAL_InitTick
 .text.HAL_IncTick
                0x08002f0c       0x28 ./Drivers/STM32F4xx_HAL_Driver/Src/stm32f4xx_hal.o
                0x08002f0c                HAL_IncTick
 .text.HAL_GetTick
                0x08002f34       0x18 ./Drivers/STM32F4xx_HAL_Driver/Src/stm32f4xx_hal.o
                0x08002f34                HAL_GetTick
 .text.HAL_Delay
                0x08002f4c       0x48 ./Drivers/STM32F4xx_HAL_Driver/Src/stm32f4xx_hal.o
                0x08002f4c                HAL_Delay
 .text.HAL_ADC_Init
                0x08002f94       0x86 ./Drivers/STM32F4xx_HAL_Driver/Src/stm32f4xx_hal_adc.o
                0x08002f94                HAL_ADC_Init
 *fill*         0x0800301a        0x2 
 .text.HAL_ADC_ConfigChannel
                0x0800301c      0x244 ./Drivers/STM32F4xx_HAL_Driver/Src/stm32f4xx_hal_adc.o
                0x0800301c                HAL_ADC_ConfigChannel
 .text.ADC_Init
                0x08003260      0x1f8 ./Drivers/STM32F4xx_HAL_Driver/Src/stm32f4xx_hal_adc.o
 .text.HAL_CAN_Init
                0x08003458      0x1f6 ./Drivers/STM32F4xx_HAL_Driver/Src/stm32f4xx_hal_can.o
                0x08003458                HAL_CAN_Init
 *fill*         0x0800364e        0x2 
 .text.HAL_CAN_ConfigFilter
                0x08003650      0x1bc ./Drivers/STM32F4xx_HAL_Driver/Src/stm32f4xx_hal_can.o
                0x08003650                HAL_CAN_ConfigFilter
 .text.HAL_CAN_Start
                0x0800380c       0x88 ./Drivers/STM32F4xx_HAL_Driver/Src/stm32f4xx_hal_can.o
                0x0800380c                HAL_CAN_Start
 .text.HAL_CAN_GetRxMessage
                0x08003894      0x244 ./Drivers/STM32F4xx_HAL_Driver/Src/stm32f4xx_hal_can.o
                0x08003894                HAL_CAN_GetRxMessage
 .text.HAL_CAN_GetRxFifoFillLevel
                0x08003ad8       0x50 ./Drivers/STM32F4xx_HAL_Driver/Src/stm32f4xx_hal_can.o
                0x08003ad8                HAL_CAN_GetRxFifoFillLevel
 .text.HAL_CAN_ActivateNotification
                0x08003b28       0x4c ./Drivers/STM32F4xx_HAL_Driver/Src/stm32f4xx_hal_can.o
                0x08003b28                HAL_CAN_ActivateNotification
 .text.HAL_CAN_IRQHandler
                0x08003b74      0x36e ./Drivers/STM32F4xx_HAL_Driver/Src/stm32f4xx_hal_can.o
                0x08003b74                HAL_CAN_IRQHandler
 .text.HAL_CAN_TxMailbox0CompleteCallback
                0x08003ee2       0x14 ./Drivers/STM32F4xx_HAL_Driver/Src/stm32f4xx_hal_can.o
                0x08003ee2                HAL_CAN_TxMailbox0CompleteCallback
 .text.HAL_CAN_TxMailbox1CompleteCallback
                0x08003ef6       0x14 ./Drivers/STM32F4xx_HAL_Driver/Src/stm32f4xx_hal_can.o
                0x08003ef6                HAL_CAN_TxMailbox1CompleteCallback
 .text.HAL_CAN_TxMailbox2CompleteCallback
                0x08003f0a       0x14 ./Drivers/STM32F4xx_HAL_Driver/Src/stm32f4xx_hal_can.o
                0x08003f0a                HAL_CAN_TxMailbox2CompleteCallback
 .text.HAL_CAN_TxMailbox0AbortCallback
                0x08003f1e       0x14 ./Drivers/STM32F4xx_HAL_Driver/Src/stm32f4xx_hal_can.o
                0x08003f1e                HAL_CAN_TxMailbox0AbortCallback
 .text.HAL_CAN_TxMailbox1AbortCallback
                0x08003f32       0x14 ./Drivers/STM32F4xx_HAL_Driver/Src/stm32f4xx_hal_can.o
                0x08003f32                HAL_CAN_TxMailbox1AbortCallback
 .text.HAL_CAN_TxMailbox2AbortCallback
                0x08003f46       0x14 ./Drivers/STM32F4xx_HAL_Driver/Src/stm32f4xx_hal_can.o
                0x08003f46                HAL_CAN_TxMailbox2AbortCallback
 .text.HAL_CAN_RxFifo0FullCallback
                0x08003f5a       0x14 ./Drivers/STM32F4xx_HAL_Driver/Src/stm32f4xx_hal_can.o
                0x08003f5a                HAL_CAN_RxFifo0FullCallback
 .text.HAL_CAN_RxFifo1FullCallback
                0x08003f6e       0x14 ./Drivers/STM32F4xx_HAL_Driver/Src/stm32f4xx_hal_can.o
                0x08003f6e                HAL_CAN_RxFifo1FullCallback
 .text.HAL_CAN_SleepCallback
                0x08003f82       0x14 ./Drivers/STM32F4xx_HAL_Driver/Src/stm32f4xx_hal_can.o
                0x08003f82                HAL_CAN_SleepCallback
 .text.HAL_CAN_WakeUpFromRxMsgCallback
                0x08003f96       0x14 ./Drivers/STM32F4xx_HAL_Driver/Src/stm32f4xx_hal_can.o
                0x08003f96                HAL_CAN_WakeUpFromRxMsgCallback
 .text.HAL_CAN_ErrorCallback
                0x08003faa       0x14 ./Drivers/STM32F4xx_HAL_Driver/Src/stm32f4xx_hal_can.o
                0x08003faa                HAL_CAN_ErrorCallback
 *fill*         0x08003fbe        0x2 
 .text.__NVIC_SetPriorityGrouping
                0x08003fc0       0x48 ./Drivers/STM32F4xx_HAL_Driver/Src/stm32f4xx_hal_cortex.o
 .text.__NVIC_GetPriorityGrouping
                0x08004008       0x1c ./Drivers/STM32F4xx_HAL_Driver/Src/stm32f4xx_hal_cortex.o
 .text.__NVIC_EnableIRQ
                0x08004024       0x3c ./Drivers/STM32F4xx_HAL_Driver/Src/stm32f4xx_hal_cortex.o
 .text.__NVIC_SetPriority
                0x08004060       0x54 ./Drivers/STM32F4xx_HAL_Driver/Src/stm32f4xx_hal_cortex.o
 .text.NVIC_EncodePriority
                0x080040b4       0x66 ./Drivers/STM32F4xx_HAL_Driver/Src/stm32f4xx_hal_cortex.o
 *fill*         0x0800411a        0x2 
 .text.__NVIC_SystemReset
                0x0800411c       0x2c ./Drivers/STM32F4xx_HAL_Driver/Src/stm32f4xx_hal_cortex.o
 .text.SysTick_Config
                0x08004148       0x44 ./Drivers/STM32F4xx_HAL_Driver/Src/stm32f4xx_hal_cortex.o
 .text.HAL_NVIC_SetPriorityGrouping
                0x0800418c       0x16 ./Drivers/STM32F4xx_HAL_Driver/Src/stm32f4xx_hal_cortex.o
                0x0800418c                HAL_NVIC_SetPriorityGrouping
 .text.HAL_NVIC_SetPriority
                0x080041a2       0x38 ./Drivers/STM32F4xx_HAL_Driver/Src/stm32f4xx_hal_cortex.o
                0x080041a2                HAL_NVIC_SetPriority
 .text.HAL_NVIC_EnableIRQ
                0x080041da       0x1c ./Drivers/STM32F4xx_HAL_Driver/Src/stm32f4xx_hal_cortex.o
                0x080041da                HAL_NVIC_EnableIRQ
 .text.HAL_NVIC_SystemReset
                0x080041f6        0x8 ./Drivers/STM32F4xx_HAL_Driver/Src/stm32f4xx_hal_cortex.o
                0x080041f6                HAL_NVIC_SystemReset
 .text.HAL_SYSTICK_Config
                0x080041fe       0x18 ./Drivers/STM32F4xx_HAL_Driver/Src/stm32f4xx_hal_cortex.o
                0x080041fe                HAL_SYSTICK_Config
 *fill*         0x08004216        0x2 
 .text.HAL_DMA_Init
                0x08004218      0x15c ./Drivers/STM32F4xx_HAL_Driver/Src/stm32f4xx_hal_dma.o
                0x08004218                HAL_DMA_Init
 .text.HAL_DMA_Abort
                0x08004374       0xe0 ./Drivers/STM32F4xx_HAL_Driver/Src/stm32f4xx_hal_dma.o
                0x08004374                HAL_DMA_Abort
 .text.HAL_DMA_Abort_IT
                0x08004454       0x44 ./Drivers/STM32F4xx_HAL_Driver/Src/stm32f4xx_hal_dma.o
                0x08004454                HAL_DMA_Abort_IT
 .text.HAL_DMA_IRQHandler
                0x08004498      0x314 ./Drivers/STM32F4xx_HAL_Driver/Src/stm32f4xx_hal_dma.o
                0x08004498                HAL_DMA_IRQHandler
 .text.DMA_CalcBaseAndBitshift
                0x080047ac       0x6c ./Drivers/STM32F4xx_HAL_Driver/Src/stm32f4xx_hal_dma.o
 .text.DMA_CheckFifoParam
                0x08004818       0xf8 ./Drivers/STM32F4xx_HAL_Driver/Src/stm32f4xx_hal_dma.o
 .text.HAL_GPIO_Init
                0x08004910      0x338 ./Drivers/STM32F4xx_HAL_Driver/Src/stm32f4xx_hal_gpio.o
                0x08004910                HAL_GPIO_Init
 .text.HAL_GPIO_ReadPin
                0x08004c48       0x30 ./Drivers/STM32F4xx_HAL_Driver/Src/stm32f4xx_hal_gpio.o
                0x08004c48                HAL_GPIO_ReadPin
 .text.HAL_GPIO_WritePin
                0x08004c78       0x32 ./Drivers/STM32F4xx_HAL_Driver/Src/stm32f4xx_hal_gpio.o
                0x08004c78                HAL_GPIO_WritePin
 *fill*         0x08004caa        0x2 
 .text.HAL_GPIO_EXTI_IRQHandler
                0x08004cac       0x30 ./Drivers/STM32F4xx_HAL_Driver/Src/stm32f4xx_hal_gpio.o
                0x08004cac                HAL_GPIO_EXTI_IRQHandler
 .text.HAL_IWDG_Init
                0x08004cdc       0x88 ./Drivers/STM32F4xx_HAL_Driver/Src/stm32f4xx_hal_iwdg.o
                0x08004cdc                HAL_IWDG_Init
 .text.HAL_IWDG_Refresh
                0x08004d64       0x20 ./Drivers/STM32F4xx_HAL_Driver/Src/stm32f4xx_hal_iwdg.o
                0x08004d64                HAL_IWDG_Refresh
 .text.HAL_RCC_OscConfig
                0x08004d84      0x4f0 ./Drivers/STM32F4xx_HAL_Driver/Src/stm32f4xx_hal_rcc.o
                0x08004d84                HAL_RCC_OscConfig
 .text.HAL_RCC_ClockConfig
                0x08005274      0x1cc ./Drivers/STM32F4xx_HAL_Driver/Src/stm32f4xx_hal_rcc.o
                0x08005274                HAL_RCC_ClockConfig
 .text.HAL_RCC_GetSysClockFreq
                0x08005440      0x208 ./Drivers/STM32F4xx_HAL_Driver/Src/stm32f4xx_hal_rcc.o
                0x08005440                HAL_RCC_GetSysClockFreq
 .text.HAL_RCC_GetHCLKFreq
                0x08005648       0x18 ./Drivers/STM32F4xx_HAL_Driver/Src/stm32f4xx_hal_rcc.o
                0x08005648                HAL_RCC_GetHCLKFreq
 .text.HAL_RCC_GetPCLK1Freq
                0x08005660       0x28 ./Drivers/STM32F4xx_HAL_Driver/Src/stm32f4xx_hal_rcc.o
                0x08005660                HAL_RCC_GetPCLK1Freq
 .text.HAL_RCC_GetPCLK2Freq
                0x08005688       0x28 ./Drivers/STM32F4xx_HAL_Driver/Src/stm32f4xx_hal_rcc.o
                0x08005688                HAL_RCC_GetPCLK2Freq
 .text.HAL_SPI_Init
                0x080056b0      0x112 ./Drivers/STM32F4xx_HAL_Driver/Src/stm32f4xx_hal_spi.o
                0x080056b0                HAL_SPI_Init
 .text.HAL_SPI_Transmit
                0x080057c2      0x288 ./Drivers/STM32F4xx_HAL_Driver/Src/stm32f4xx_hal_spi.o
                0x080057c2                HAL_SPI_Transmit
 .text.HAL_SPI_Receive
                0x08005a4a      0x232 ./Drivers/STM32F4xx_HAL_Driver/Src/stm32f4xx_hal_spi.o
                0x08005a4a                HAL_SPI_Receive
 .text.HAL_SPI_TransmitReceive
                0x08005c7c      0x352 ./Drivers/STM32F4xx_HAL_Driver/Src/stm32f4xx_hal_spi.o
                0x08005c7c                HAL_SPI_TransmitReceive
 *fill*         0x08005fce        0x2 
 .text.SPI_WaitFlagStateUntilTimeout
                0x08005fd0      0x110 ./Drivers/STM32F4xx_HAL_Driver/Src/stm32f4xx_hal_spi.o
 .text.SPI_EndRxTransaction
                0x080060e0       0xca ./Drivers/STM32F4xx_HAL_Driver/Src/stm32f4xx_hal_spi.o
 *fill*         0x080061aa        0x2 
 .text.SPI_EndRxTxTransaction
                0x080061ac       0xa8 ./Drivers/STM32F4xx_HAL_Driver/Src/stm32f4xx_hal_spi.o
 .text.HAL_TIM_Base_Init
                0x08006254       0x9e ./Drivers/STM32F4xx_HAL_Driver/Src/stm32f4xx_hal_tim.o
                0x08006254                HAL_TIM_Base_Init
 *fill*         0x080062f2        0x2 
 .text.HAL_TIM_Base_Start_IT
                0x080062f4       0xe0 ./Drivers/STM32F4xx_HAL_Driver/Src/stm32f4xx_hal_tim.o
                0x080062f4                HAL_TIM_Base_Start_IT
 .text.HAL_TIM_IRQHandler
                0x080063d4      0x1e0 ./Drivers/STM32F4xx_HAL_Driver/Src/stm32f4xx_hal_tim.o
                0x080063d4                HAL_TIM_IRQHandler
 .text.HAL_TIM_ConfigClockSource
                0x080065b4      0x18e ./Drivers/STM32F4xx_HAL_Driver/Src/stm32f4xx_hal_tim.o
                0x080065b4                HAL_TIM_ConfigClockSource
 .text.HAL_TIM_PeriodElapsedCallback
                0x08006742       0x14 ./Drivers/STM32F4xx_HAL_Driver/Src/stm32f4xx_hal_tim.o
                0x08006742                HAL_TIM_PeriodElapsedCallback
 .text.HAL_TIM_OC_DelayElapsedCallback
                0x08006756       0x14 ./Drivers/STM32F4xx_HAL_Driver/Src/stm32f4xx_hal_tim.o
                0x08006756                HAL_TIM_OC_DelayElapsedCallback
 .text.HAL_TIM_IC_CaptureCallback
                0x0800676a       0x14 ./Drivers/STM32F4xx_HAL_Driver/Src/stm32f4xx_hal_tim.o
                0x0800676a                HAL_TIM_IC_CaptureCallback
 .text.HAL_TIM_PWM_PulseFinishedCallback
                0x0800677e       0x14 ./Drivers/STM32F4xx_HAL_Driver/Src/stm32f4xx_hal_tim.o
                0x0800677e                HAL_TIM_PWM_PulseFinishedCallback
 .text.HAL_TIM_TriggerCallback
                0x08006792       0x14 ./Drivers/STM32F4xx_HAL_Driver/Src/stm32f4xx_hal_tim.o
                0x08006792                HAL_TIM_TriggerCallback
 *fill*         0x080067a6        0x2 
 .text.TIM_Base_SetConfig
                0x080067a8      0x14c ./Drivers/STM32F4xx_HAL_Driver/Src/stm32f4xx_hal_tim.o
                0x080067a8                TIM_Base_SetConfig
 .text.TIM_TI1_ConfigInputStage
                0x080068f4       0x5e ./Drivers/STM32F4xx_HAL_Driver/Src/stm32f4xx_hal_tim.o
 .text.TIM_TI2_ConfigInputStage
                0x08006952       0x60 ./Drivers/STM32F4xx_HAL_Driver/Src/stm32f4xx_hal_tim.o
 .text.TIM_ITRx_SetConfig
                0x080069b2       0x36 ./Drivers/STM32F4xx_HAL_Driver/Src/stm32f4xx_hal_tim.o
 .text.TIM_ETR_SetConfig
                0x080069e8       0x40 ./Drivers/STM32F4xx_HAL_Driver/Src/stm32f4xx_hal_tim.o
                0x080069e8                TIM_ETR_SetConfig
 .text.HAL_TIMEx_MasterConfigSynchronization
                0x08006a28       0xf8 ./Drivers/STM32F4xx_HAL_Driver/Src/stm32f4xx_hal_tim_ex.o
                0x08006a28                HAL_TIMEx_MasterConfigSynchronization
 .text.HAL_TIMEx_CommutCallback
                0x08006b20       0x14 ./Drivers/STM32F4xx_HAL_Driver/Src/stm32f4xx_hal_tim_ex.o
                0x08006b20                HAL_TIMEx_CommutCallback
 .text.HAL_TIMEx_BreakCallback
                0x08006b34       0x14 ./Drivers/STM32F4xx_HAL_Driver/Src/stm32f4xx_hal_tim_ex.o
                0x08006b34                HAL_TIMEx_BreakCallback
 .text.HAL_UART_Init
                0x08006b48       0xa0 ./Drivers/STM32F4xx_HAL_Driver/Src/stm32f4xx_hal_uart.o
                0x08006b48                HAL_UART_Init
 .text.HAL_UART_IRQHandler
                0x08006be8      0x554 ./Drivers/STM32F4xx_HAL_Driver/Src/stm32f4xx_hal_uart.o
                0x08006be8                HAL_UART_IRQHandler
 .text.HAL_UART_TxCpltCallback
                0x0800713c       0x14 ./Drivers/STM32F4xx_HAL_Driver/Src/stm32f4xx_hal_uart.o
                0x0800713c                HAL_UART_TxCpltCallback
 .text.HAL_UART_RxCpltCallback
                0x08007150       0x14 ./Drivers/STM32F4xx_HAL_Driver/Src/stm32f4xx_hal_uart.o
                0x08007150                HAL_UART_RxCpltCallback
 .text.HAL_UART_ErrorCallback
                0x08007164       0x14 ./Drivers/STM32F4xx_HAL_Driver/Src/stm32f4xx_hal_uart.o
                0x08007164                HAL_UART_ErrorCallback
 .text.HAL_UARTEx_RxEventCallback
                0x08007178       0x18 ./Drivers/STM32F4xx_HAL_Driver/Src/stm32f4xx_hal_uart.o
                0x08007178                HAL_UARTEx_RxEventCallback
 .text.UART_EndRxTransfer
                0x08007190       0xc6 ./Drivers/STM32F4xx_HAL_Driver/Src/stm32f4xx_hal_uart.o
 .text.UART_DMAAbortOnError
                0x08007256       0x22 ./Drivers/STM32F4xx_HAL_Driver/Src/stm32f4xx_hal_uart.o
 .text.UART_Transmit_IT
                0x08007278       0xa0 ./Drivers/STM32F4xx_HAL_Driver/Src/stm32f4xx_hal_uart.o
 .text.UART_EndTransmit_IT
                0x08007318       0x30 ./Drivers/STM32F4xx_HAL_Driver/Src/stm32f4xx_hal_uart.o
 .text.UART_Receive_IT
                0x08007348      0x17c ./Drivers/STM32F4xx_HAL_Driver/Src/stm32f4xx_hal_uart.o
 .text.UART_SetConfig
                0x080074c4      0x4e8 ./Drivers/STM32F4xx_HAL_Driver/Src/stm32f4xx_hal_uart.o
 .text.BMS_Jikong_Service
                0x080079ac       0xa8 ./Library_User/BMS_Jihong/jikong_can.o
                0x080079ac                BMS_Jikong_Service
 .text.BMS_Jikong_Init
                0x08007a54       0x4c ./Library_User/BMS_Jihong/jikong_can.o
                0x08007a54                BMS_Jikong_Init
 .text.HAL_CAN_RxFifo1MsgPendingCallback
                0x08007aa0       0x50 ./Library_User/BMS_Jihong/jikong_can.o
                0x08007aa0                HAL_CAN_RxFifo1MsgPendingCallback
 .text.BMS_Jikong_Process
                0x08007af0      0x80c ./Library_User/BMS_Jihong/jikong_can.o
                0x08007af0                BMS_Jikong_Process
 .text.Boat_Frame_Event
                0x080082fc       0xc2 ./Library_User/Boat/Frame/boat_frame.o
                0x080082fc                Boat_Frame_Event
 *fill*         0x080083be        0x2 
 .text.Boat_Frame_Ping_Complete
                0x080083c0       0xf4 ./Library_User/Boat/Frame/boat_frame.o
                0x080083c0                Boat_Frame_Ping_Complete
 .text.encode_temp_u8
                0x080084b4       0x26 ./Library_User/Boat/Frame/boat_frame.o
 *fill*         0x080084da        0x2 
 .text.build_driver_data
                0x080084dc      0x12c ./Library_User/Boat/Frame/boat_frame.o
 .text.build_sim_gps_data
                0x08008608       0xf4 ./Library_User/Boat/Frame/boat_frame.o
 .text.build_bms_data
                0x080086fc      0x52c ./Library_User/Boat/Frame/boat_frame.o
 .text.BoatEventLog_Init
                0x08008c28       0x74 ./Library_User/Boat/Log/boat_log.o
                0x08008c28                BoatEventLog_Init
 .text.BoatEventLog_Write
                0x08008c9c       0x94 ./Library_User/Boat/Log/boat_log.o
                0x08008c9c                BoatEventLog_Write
 .text.IsHaveMsgQueueBoatEventLog
                0x08008d30       0x28 ./Library_User/Boat/Log/boat_log.o
                0x08008d30                IsHaveMsgQueueBoatEventLog
 .text.BoatEventLog_Dequeue
                0x08008d58       0x30 ./Library_User/Boat/Log/boat_log.o
                0x08008d58                BoatEventLog_Dequeue
 .text.BoatEventUpdate
                0x08008d88      0x198 ./Library_User/Boat/Log/boat_log.o
                0x08008d88                BoatEventUpdate
 .text.q_init   0x08008f20       0x84 ./Library_User/Boat/Log/queue.o
                0x08008f20                q_init
 .text.q_kill   0x08008fa4       0x2c ./Library_User/Boat/Log/queue.o
                0x08008fa4                q_kill
 .text.q_flush  0x08008fd0       0x26 ./Library_User/Boat/Log/queue.o
                0x08008fd0                q_flush
 .text.q_push   0x08008ff6      0x102 ./Library_User/Boat/Log/queue.o
                0x08008ff6                q_push
 .text.q_pop    0x080090f8       0xf6 ./Library_User/Boat/Log/queue.o
                0x080090f8                q_pop
 *fill*         0x080091ee        0x2 
 .text.Can_Slider_Init
                0x080091f0       0x60 ./Library_User/Controller_Slider/Src/Can_Slider.o
                0x080091f0                Can_Slider_Init
 .text.HAL_CAN_RxFifo0MsgPendingCallback
                0x08009250       0x94 ./Library_User/Controller_Slider/Src/Can_Slider.o
                0x08009250                HAL_CAN_RxFifo0MsgPendingCallback
 .text.Can_Slider_Process
                0x080092e4       0x48 ./Library_User/Controller_Slider/Src/Can_Slider.o
                0x080092e4                Can_Slider_Process
 .text.Can_Slider_1_Process
                0x0800932c      0x1a4 ./Library_User/Controller_Slider/Src/Can_Slider.o
                0x0800932c                Can_Slider_1_Process
 .text.Can_Slider_2_Process
                0x080094d0       0xb8 ./Library_User/Controller_Slider/Src/Can_Slider.o
                0x080094d0                Can_Slider_2_Process
 .text.vcu_state_to_main_menu
                0x08009588       0x50 ./Library_User/Display/Src/Display_Curtis.o
 .text.is_detail_menu_allowed
                0x080095d8       0x2c ./Library_User/Display/Src/Display_Curtis.o
 .text.find_next_allowed_detail_menu
                0x08009604       0xbc ./Library_User/Display/Src/Display_Curtis.o
 .text.find_prev_allowed_detail_menu
                0x080096c0       0xc0 ./Library_User/Display/Src/Display_Curtis.o
 .text.display_can_info_1
                0x08009780      0x1d4 ./Library_User/Display/Src/Display_Curtis.o
                0x08009780                display_can_info_1
 .text.display_can_info_2
                0x08009954      0x2d4 ./Library_User/Display/Src/Display_Curtis.o
                0x08009954                display_can_info_2
 .text.display_throttle_control
                0x08009c28      0x55c ./Library_User/Display/Src/Display_Curtis.o
                0x08009c28                display_throttle_control
 .text.display_bms_info
                0x0800a184      0x190 ./Library_User/Display/Src/Display_Curtis.o
                0x0800a184                display_bms_info
 .text.display_alm_bms
                0x0800a314      0x4dc ./Library_User/Display/Src/Display_Curtis.o
                0x0800a314                display_alm_bms
 .text.display_io_info
                0x0800a7f0      0x428 ./Library_User/Display/Src/Display_Curtis.o
                0x0800a7f0                display_io_info
 .text.display_bms_batt_st2
                0x0800ac18       0xd4 ./Library_User/Display/Src/Display_Curtis.o
                0x0800ac18                display_bms_batt_st2
 .text.display_bms_all_temp
                0x0800acec      0x130 ./Library_User/Display/Src/Display_Curtis.o
                0x0800acec                display_bms_all_temp
 .text.display_bms_err_info
                0x0800ae1c      0x4b8 ./Library_User/Display/Src/Display_Curtis.o
                0x0800ae1c                display_bms_err_info
 .text.display_bms_info_sys
                0x0800b2d4       0xe0 ./Library_User/Display/Src/Display_Curtis.o
                0x0800b2d4                display_bms_info_sys
 .text.display_bms_sw_sta
                0x0800b3b4      0x19c ./Library_User/Display/Src/Display_Curtis.o
                0x0800b3b4                display_bms_sw_sta
 .text.draw_cellvol_page
                0x0800b550      0x140 ./Library_User/Display/Src/Display_Curtis.o
 .text.display_bms_cellvol
                0x0800b690        0xe ./Library_User/Display/Src/Display_Curtis.o
                0x0800b690                display_bms_cellvol
 .text.display_bms_cellvol_2
                0x0800b69e        0xe ./Library_User/Display/Src/Display_Curtis.o
                0x0800b69e                display_bms_cellvol_2
 .text.display_bms_chg_info
                0x0800b6ac       0xf8 ./Library_User/Display/Src/Display_Curtis.o
                0x0800b6ac                display_bms_chg_info
 .text.display_main_init
                0x0800b7a4      0x108 ./Library_User/Display/Src/Display_Curtis.o
                0x0800b7a4                display_main_init
 .text.display_main_can
                0x0800b8ac       0xec ./Library_User/Display/Src/Display_Curtis.o
                0x0800b8ac                display_main_can
 .text.display_main_physical
                0x0800b998      0x108 ./Library_User/Display/Src/Display_Curtis.o
                0x0800b998                display_main_physical
 .text.display_main_charge
                0x0800baa0      0x154 ./Library_User/Display/Src/Display_Curtis.o
                0x0800baa0                display_main_charge
 .text.display_main_error
                0x0800bbf4      0x130 ./Library_User/Display/Src/Display_Curtis.o
                0x0800bbf4                display_main_error
 .text.display_network
                0x0800bd24      0x228 ./Library_User/Display/Src/Display_Curtis.o
                0x0800bd24                display_network
 .text.display_modbus_rs485
                0x0800bf4c      0x1e4 ./Library_User/Display/Src/Display_Curtis.o
                0x0800bf4c                display_modbus_rs485
 .text.process_button
                0x0800c130      0x930 ./Library_User/Display/Src/Display_Curtis.o
                0x0800c130                process_button
 .text.process_menu
                0x0800ca60      0x25c ./Library_User/Display/Src/Display_Curtis.o
                0x0800ca60                process_menu
 .text.ST7565_updateBoundingBox
                0x0800ccbc       0x78 ./Library_User/Display/Src/ST7565.o
 .text.ST7565_drawstring_anywhere
                0x0800cd34       0x4a ./Library_User/Display/Src/ST7565.o
                0x0800cd34                ST7565_drawstring_anywhere
 *fill*         0x0800cd7e        0x2 
 .text.ST7565_drawchar_anywhere
                0x0800cd80       0xa4 ./Library_User/Display/Src/ST7565.o
                0x0800cd80                ST7565_drawchar_anywhere
 .text.ST7565_drawrect
                0x0800ce24       0xbc ./Library_User/Display/Src/ST7565.o
                0x0800ce24                ST7565_drawrect
 .text.updateDisplay
                0x0800cee0       0x80 ./Library_User/Display/Src/ST7565.o
                0x0800cee0                updateDisplay
 .text.ST7565_setpixel
                0x0800cf60       0x88 ./Library_User/Display/Src/ST7565.o
                0x0800cf60                ST7565_setpixel
 .text.ST7565_init
                0x0800cfe8       0xe0 ./Library_User/Display/Src/ST7565.o
                0x0800cfe8                ST7565_init
 .text.ST7565_command
                0x0800d0c8       0x64 ./Library_User/Display/Src/ST7565.o
                0x0800d0c8                ST7565_command
 .text.ST7565_data
                0x0800d12c       0x64 ./Library_User/Display/Src/ST7565.o
                0x0800d12c                ST7565_data
 .text.ST7565_set_brightness
                0x0800d190       0x26 ./Library_User/Display/Src/ST7565.o
                0x0800d190                ST7565_set_brightness
 .text.ST7565_clear
                0x0800d1b6       0x68 ./Library_User/Display/Src/ST7565.o
                0x0800d1b6                ST7565_clear
 *fill*         0x0800d21e        0x2 
 .text.collect_errors
                0x0800d220      0x1a0 ./Library_User/Led_Error/Led_Error.o
 .text.blink_led
                0x0800d3c0       0xaa ./Library_User/Led_Error/Led_Error.o
 *fill*         0x0800d46a        0x2 
 .text.led_process
                0x0800d46c      0x260 ./Library_User/Led_Error/Led_Error.o
                0x0800d46c                led_process
 .text.u16_clamp_u32
                0x0800d6cc       0x26 ./Library_User/ModbusRTU/modbus_msg_handle.o
 *fill*         0x0800d6f2        0x2 
 .text.u16_from_float_scale
                0x0800d6f4       0x74 ./Library_User/ModbusRTU/modbus_msg_handle.o
 .text.u16_from_s16
                0x0800d768       0x18 ./Library_User/ModbusRTU/modbus_msg_handle.o
 .text.u16_from_float_s16_scale
                0x0800d780       0x94 ./Library_User/ModbusRTU/modbus_msg_handle.o
 .text.Modbus_MapInputRegs
                0x0800d814      0x2b0 ./Library_User/ModbusRTU/modbus_msg_handle.o
 .text.Modbus_MapCoils
                0x0800dac4      0x388 ./Library_User/ModbusRTU/modbus_msg_handle.o
 .text.SlaverSerial_MessageReadHoldingHandle
                0x0800de4c       0x2c ./Library_User/ModbusRTU/modbus_msg_handle.o
 .text.SlaverSerial_MessageReadInputHandle
                0x0800de78       0x14 ./Library_User/ModbusRTU/modbus_msg_handle.o
 .text.SlaverSerial_MessagePresetMutilHandle
                0x0800de8c       0x2c ./Library_User/ModbusRTU/modbus_msg_handle.o
 .text.SlaverSerial_MessageHandle
                0x0800deb8       0xf8 ./Library_User/ModbusRTU/modbus_msg_handle.o
                0x0800deb8                SlaverSerial_MessageHandle
 .text.SlaverSerial_Update
                0x0800dfb0       0x38 ./Library_User/ModbusRTU/modbus_msg_handle.o
                0x0800dfb0                SlaverSerial_Update
 .text.ModbusRTU_UartInit
                0x0800dfe8       0x44 ./Library_User/ModbusRTU/modbus_rtu_interface.o
                0x0800dfe8                ModbusRTU_UartInit
 .text.ModbusRTU_UartWriteByte
                0x0800e02c       0x64 ./Library_User/ModbusRTU/modbus_rtu_interface.o
                0x0800e02c                ModbusRTU_UartWriteByte
 .text.ModbusRTU_UartPutArray
                0x0800e090       0x36 ./Library_User/ModbusRTU/modbus_rtu_interface.o
                0x0800e090                ModbusRTU_UartPutArray
 *fill*         0x0800e0c6        0x2 
 .text.ModbusRTU_UartIsrHandle
                0x0800e0c8       0xbc ./Library_User/ModbusRTU/modbus_rtu_interface.o
                0x0800e0c8                ModbusRTU_UartIsrHandle
 .text.ModbusSlaver_GetFuntion
                0x0800e184       0x1a ./Library_User/ModbusRTU/modbus_slave_base.o
                0x0800e184                ModbusSlaver_GetFuntion
 .text.ModbusSlaver_GetAddress
                0x0800e19e       0x36 ./Library_User/ModbusRTU/modbus_slave_base.o
                0x0800e19e                ModbusSlaver_GetAddress
 .text.ModbusSlaver_GetData
                0x0800e1d4       0x36 ./Library_User/ModbusRTU/modbus_slave_base.o
                0x0800e1d4                ModbusSlaver_GetData
 .text.ModbusSlaver_DecodeMsg
                0x0800e20a       0x72 ./Library_User/ModbusRTU/modbus_slave_base.o
                0x0800e20a                ModbusSlaver_DecodeMsg
 .text.Slaver_Do
                0x0800e27c       0xa4 ./Library_User/ModbusRTU/modbus_slave_base.o
                0x0800e27c                Slaver_Do
 .text.Slaver_PrepareRespond
                0x0800e320      0x124 ./Library_User/ModbusRTU/modbus_slave_base.o
                0x0800e320                Slaver_PrepareRespond
 .text.ModbusSlaver_WriteSingleCoil
                0x0800e444       0x50 ./Library_User/ModbusRTU/modbus_slave_base.o
                0x0800e444                ModbusSlaver_WriteSingleCoil
 .text.ModbusSlaver_WriteMultipleCoils
                0x0800e494      0x104 ./Library_User/ModbusRTU/modbus_slave_base.o
                0x0800e494                ModbusSlaver_WriteMultipleCoils
 .text.ModbusSlaver_PresetSingleRegister
                0x0800e598       0x40 ./Library_User/ModbusRTU/modbus_slave_base.o
                0x0800e598                ModbusSlaver_PresetSingleRegister
 .text.ModbusSlaver_WriteMultiRegister
                0x0800e5d8       0xa4 ./Library_User/ModbusRTU/modbus_slave_base.o
                0x0800e5d8                ModbusSlaver_WriteMultiRegister
 .text.ModbusSlaver_ReadCoils
                0x0800e67c      0x1ec ./Library_User/ModbusRTU/modbus_slave_base.o
                0x0800e67c                ModbusSlaver_ReadCoils
 .text.ModbusSlaver_ReadInpuState
                0x0800e868      0x1ec ./Library_User/ModbusRTU/modbus_slave_base.o
                0x0800e868                ModbusSlaver_ReadInpuState
 .text.ModbusSlaver_ReadHoldingReg
                0x0800ea54      0x108 ./Library_User/ModbusRTU/modbus_slave_base.o
                0x0800ea54                ModbusSlaver_ReadHoldingReg
 .text.ModbusSlaver_ReadInputReg
                0x0800eb5c      0x108 ./Library_User/ModbusRTU/modbus_slave_base.o
                0x0800eb5c                ModbusSlaver_ReadInputReg
 .text.ModbusSlaver_CalculateCRC
                0x0800ec64       0x92 ./Library_User/ModbusRTU/modbus_slave_base.o
                0x0800ec64                ModbusSlaver_CalculateCRC
 .text.ModbusSlaver_CheckCRC
                0x0800ecf6       0x54 ./Library_User/ModbusRTU/modbus_slave_base.o
                0x0800ecf6                ModbusSlaver_CheckCRC
 *fill*         0x0800ed4a        0x2 
 .text.ModbusSlaveComp_GetStatus
                0x0800ed4c       0x18 ./Library_User/ModbusRTU/modbus_slave_comp.o
                0x0800ed4c                ModbusSlaveComp_GetStatus
 .text.PacketComp_Init
                0x0800ed64       0x4c ./Library_User/ModbusRTU/modbus_slave_comp.o
                0x0800ed64                PacketComp_Init
 .text.ModbusSlaveComp_Init
                0x0800edb0       0x18 ./Library_User/ModbusRTU/modbus_slave_comp.o
                0x0800edb0                ModbusSlaveComp_Init
 .text.ModbusSlaveComp_DecodeMessage
                0x0800edc8       0xc8 ./Library_User/ModbusRTU/modbus_slave_comp.o
                0x0800edc8                ModbusSlaveComp_DecodeMessage
 .text.ModbusComp_checkIfEndOfMessage
                0x0800ee90       0x90 ./Library_User/ModbusRTU/modbus_slave_comp.o
                0x0800ee90                ModbusComp_checkIfEndOfMessage
 .text.ModbusSlaverComp_SendData
                0x0800ef20       0x1a ./Library_User/ModbusRTU/modbus_slave_comp.o
                0x0800ef20                ModbusSlaverComp_SendData
 *fill*         0x0800ef3a        0x2 
 .text.ModbusSlaveComp_Run
                0x0800ef3c       0x8c ./Library_User/ModbusRTU/modbus_slave_comp.o
                0x0800ef3c                ModbusSlaveComp_Run
 .text.SendPuback
                0x0800efc8       0x40 ./Library_User/Network/Mqtt/mqtt_client.o
                0x0800efc8                SendPuback
 .text.Mqtt_DecodePacket
                0x0800f008      0x1e4 ./Library_User/Network/Mqtt/mqtt_client.o
                0x0800f008                Mqtt_DecodePacket
 .text.Mqtt_Encode_Publish
                0x0800f1ec       0xb4 ./Library_User/Network/Mqtt/mqtt_client.o
                0x0800f1ec                Mqtt_Encode_Publish
 .text.Client_ConnectBroker
                0x0800f2a0       0xb0 ./Library_User/Network/Mqtt/mqtt_client.o
                0x0800f2a0                Client_ConnectBroker
 .text.Client_SubTopic_FirmwareUpdate
                0x0800f350       0xa0 ./Library_User/Network/Mqtt/mqtt_client.o
                0x0800f350                Client_SubTopic_FirmwareUpdate
 .text.Client_SubTopic_Boat
                0x0800f3f0       0xa0 ./Library_User/Network/Mqtt/mqtt_client.o
                0x0800f3f0                Client_SubTopic_Boat
 .text.Client_Ping_Boat
                0x0800f490       0x70 ./Library_User/Network/Mqtt/mqtt_client.o
                0x0800f490                Client_Ping_Boat
 .text.Client_PublishBoat_ResponseRemote
                0x0800f500       0x68 ./Library_User/Network/Mqtt/mqtt_client.o
                0x0800f500                Client_PublishBoat_ResponseRemote
 .text.Client_PublishFirm_ResponseRemote
                0x0800f568       0x68 ./Library_User/Network/Mqtt/mqtt_client.o
                0x0800f568                Client_PublishFirm_ResponseRemote
 .text.Client_PublishBoat_Event
                0x0800f5d0       0x80 ./Library_User/Network/Mqtt/mqtt_client.o
                0x0800f5d0                Client_PublishBoat_Event
 .text.IsFindNewID
                0x0800f650       0x20 ./Library_User/Network/Mqtt/mqtt_client.o
                0x0800f650                IsFindNewID
 .text.lwmqtt_encode_connect
                0x0800f670      0x398 ./Library_User/Network/Mqtt/mqtt_connect.o
                0x0800f670                lwmqtt_encode_connect
 .text.lwmqtt_decode_connack
                0x0800fa08      0x144 ./Library_User/Network/Mqtt/mqtt_connect.o
                0x0800fa08                lwmqtt_decode_connack
 .text.lwmqtt_read_bits
                0x0800fb4c       0x3c ./Library_User/Network/Mqtt/mqtt_funtion.o
                0x0800fb4c                lwmqtt_read_bits
 .text.lwmqtt_read_varnum
                0x0800fb88       0x8c ./Library_User/Network/Mqtt/mqtt_funtion.o
                0x0800fb88                lwmqtt_read_varnum
 .text.lwmqtt_read_byte
                0x0800fc14       0x46 ./Library_User/Network/Mqtt/mqtt_funtion.o
                0x0800fc14                lwmqtt_read_byte
 .text.lwmqtt_read_num
                0x0800fc5a       0x56 ./Library_User/Network/Mqtt/mqtt_funtion.o
                0x0800fc5a                lwmqtt_read_num
 .text.lwmqtt_read_data
                0x0800fcb0       0x54 ./Library_User/Network/Mqtt/mqtt_funtion.o
                0x0800fcb0                lwmqtt_read_data
 .text.lwmqtt_read_string
                0x0800fd04       0x5c ./Library_User/Network/Mqtt/mqtt_funtion.o
                0x0800fd04                lwmqtt_read_string
 .text.lwmqtt_write_bits
                0x0800fd60       0x50 ./Library_User/Network/Mqtt/mqtt_funtion.o
                0x0800fd60                lwmqtt_write_bits
 .text.lwmqtt_write_byte
                0x0800fdb0       0x40 ./Library_User/Network/Mqtt/mqtt_funtion.o
                0x0800fdb0                lwmqtt_write_byte
 .text.lwmqtt_write_data
                0x0800fdf0       0x50 ./Library_User/Network/Mqtt/mqtt_funtion.o
                0x0800fdf0                lwmqtt_write_data
 .text.lwmqtt_write_num
                0x0800fe40       0x52 ./Library_User/Network/Mqtt/mqtt_funtion.o
                0x0800fe40                lwmqtt_write_num
 .text.lwmqtt_write_string
                0x0800fe92       0x56 ./Library_User/Network/Mqtt/mqtt_funtion.o
                0x0800fe92                lwmqtt_write_string
 .text.lwmqtt_write_varnum
                0x0800fee8       0x80 ./Library_User/Network/Mqtt/mqtt_funtion.o
                0x0800fee8                lwmqtt_write_varnum
 .text.lwmqtt_string
                0x0800ff68       0x50 ./Library_User/Network/Mqtt/mqtt_funtion.o
                0x0800ff68                lwmqtt_string
 .text.lwmqtt_varnum_length
                0x0800ffb8       0x6c ./Library_User/Network/Mqtt/mqtt_funtion.o
                0x0800ffb8                lwmqtt_varnum_length
 .text.lwmqtt_encode_publish
                0x08010024      0x154 ./Library_User/Network/Mqtt/mqtt_publish.o
                0x08010024                lwmqtt_encode_publish
 .text.MQTT_decodePublish
                0x08010178      0x198 ./Library_User/Network/Mqtt/mqtt_publish.o
                0x08010178                MQTT_decodePublish
 .text.MQTT_decodePuback
                0x08010310       0xd0 ./Library_User/Network/Mqtt/mqtt_publish.o
                0x08010310                MQTT_decodePuback
 .text.lwmqtt_encode_subscribe
                0x080103e0      0x15c ./Library_User/Network/Mqtt/mqtt_subscrice.o
                0x080103e0                lwmqtt_encode_subscribe
 .text.lwmqtt_decode_suback
                0x0801053c      0x146 ./Library_User/Network/Mqtt/mqtt_subscrice.o
                0x0801053c                lwmqtt_decode_suback
 *fill*         0x08010682        0x2 
 .text.Sim_Init
                0x08010684       0xa4 ./Library_User/Network/Sim/sim.o
                0x08010684                Sim_Init
 .text.Sim_Work
                0x08010728       0xf8 ./Library_User/Network/Sim/sim.o
                0x08010728                Sim_Work
 .text.Sim_MqttMsgHandle
                0x08010820       0xa8 ./Library_User/Network/Sim/sim.o
                0x08010820                Sim_MqttMsgHandle
 .text.UART_SIM_WriteByte
                0x080108c8       0x64 ./Library_User/Network/Sim/sim.o
                0x080108c8                UART_SIM_WriteByte
 .text.UART_SIM_PutArray
                0x0801092c       0x36 ./Library_User/Network/Sim/sim.o
                0x0801092c                UART_SIM_PutArray
 .text.UART_SIM_PutString
                0x08010962       0x2a ./Library_User/Network/Sim/sim.o
                0x08010962                UART_SIM_PutString
 .text.SendData_ThowGprs
                0x0801098c       0x1e ./Library_User/Network/Sim/sim.o
                0x0801098c                SendData_ThowGprs
 *fill*         0x080109aa        0x2 
 .text.Sim_CheckMsgMqtt
                0x080109ac       0x38 ./Library_User/Network/Sim/sim.o
                0x080109ac                Sim_CheckMsgMqtt
 .text.Stepto   0x080109e4       0x2c ./Library_User/Network/Sim/sim.o
                0x080109e4                Stepto
 .text.NextStep
                0x08010a10       0x40 ./Library_User/Network/Sim/sim.o
                0x08010a10                NextStep
 .text.Sim_ResetConversation
                0x08010a50       0x2c ./Library_User/Network/Sim/sim.o
                0x08010a50                Sim_ResetConversation
 .text.Sim1_CountToStepTo
                0x08010a7c       0x38 ./Library_User/Network/Sim/sim.o
                0x08010a7c                Sim1_CountToStepTo
 .text.Sim_UartIsrHandle
                0x08010ab4      0x104 ./Library_User/Network/Sim/sim.o
                0x08010ab4                Sim_UartIsrHandle
 .text.IsOnMessageMqtt
                0x08010bb8       0x30 ./Library_User/Network/Sim/sim.o
                0x08010bb8                IsOnMessageMqtt
 .text.UartSimBufferSize
                0x08010be8       0x18 ./Library_User/Network/Sim/sim.o
                0x08010be8                UartSimBufferSize
 .text.GPRS_Ask
                0x08010c00       0x1e ./Library_User/Network/Sim/sim.o
                0x08010c00                GPRS_Ask
 *fill*         0x08010c1e        0x2 
 .text.Wait     0x08010c20       0x50 ./Library_User/Network/Sim/sim.o
                0x08010c20                Wait
 .text.WaitAnswer
                0x08010c70       0x28 ./Library_User/Network/Sim/sim.o
                0x08010c70                WaitAnswer
 .text.PWRKEY_Off
                0x08010c98        0xe ./Library_User/Network/Sim/sim.o
                0x08010c98                PWRKEY_Off
 .text.PWRKEY_On
                0x08010ca6        0xe ./Library_User/Network/Sim/sim.o
                0x08010ca6                PWRKEY_On
 .text.Sim_SignalQuanlityPercent
                0x08010cb4       0x18 ./Library_User/Network/Sim/sim.o
                0x08010cb4                Sim_SignalQuanlityPercent
 .text.Sim_PWOn
                0x08010ccc      0x158 ./Library_User/Network/Sim/sim.o
                0x08010ccc                Sim_PWOn
 .text.Sim_StartUp
                0x08010e24      0x208 ./Library_User/Network/Sim/sim.o
                0x08010e24                Sim_StartUp
 .text.Sim_SetUp
                0x0801102c      0x1ac ./Library_User/Network/Sim/sim.o
                0x0801102c                Sim_SetUp
 .text.Sim_ConnectServer
                0x080111d8      0x178 ./Library_User/Network/Sim/sim.o
                0x080111d8                Sim_ConnectServer
 .text.Sim_Disconnect
                0x08011350      0x100 ./Library_User/Network/Sim/sim.o
                0x08011350                Sim_Disconnect
 .text.Sim_MqttEstablish
                0x08011450      0x124 ./Library_User/Network/Sim/sim.o
                0x08011450                Sim_MqttEstablish
 .text.Sim_MqttDecodeMsg
                0x08011574       0x34 ./Library_User/Network/Sim/sim.o
                0x08011574                Sim_MqttDecodeMsg
 .text.Sim_MqttComunication
                0x080115a8      0x1a0 ./Library_User/Network/Sim/sim.o
                0x080115a8                Sim_MqttComunication
 .text.Sim_Sleep
                0x08011748       0xac ./Library_User/Network/Sim/sim.o
                0x08011748                Sim_Sleep
 .text.Sim1_CheckConnectServer
                0x080117f4       0x48 ./Library_User/Network/Sim/sim.o
                0x080117f4                Sim1_CheckConnectServer
 .text.Sim_WakeUp
                0x0801183c       0x2c ./Library_User/Network/Sim/sim.o
                0x0801183c                Sim_WakeUp
 .text.Sim_RequireSendImmediate
                0x08011868       0x18 ./Library_User/Network/Sim/sim.o
                0x08011868                Sim_RequireSendImmediate
 .text.PWRKEY_Write
                0x08011880       0x24 ./Library_User/Network/Sim/sim_io.o
                0x08011880                PWRKEY_Write
 .text.Sim_CalculatorSignal
                0x080118a4       0xb0 ./Library_User/Network/Sim/sim_utils.o
                0x080118a4                Sim_CalculatorSignal
 .text.Network_Init
                0x08011954       0x38 ./Library_User/Network/network.o
                0x08011954                Network_Init
 .text.Network_CheckInterfaceStatus
                0x0801198c       0x3c ./Library_User/Network/network.o
                0x0801198c                Network_CheckInterfaceStatus
 .text.Network_TaskSendImmediate
                0x080119c8       0x20 ./Library_User/Network/network.o
                0x080119c8                Network_TaskSendImmediate
 .text.Network_Supervision
                0x080119e8       0x2c ./Library_User/Network/network.o
                0x080119e8                Network_Supervision
 .text.Network_WriteConfig
                0x08011a14       0x30 ./Library_User/Network/network.o
                0x08011a14                Network_WriteConfig
 .text.System_UpdateRTC
                0x08011a44       0x8e ./Library_User/Network/remote_boat.o
                0x08011a44                System_UpdateRTC
 *fill*         0x08011ad2        0x2 
 .text.IsOnMsg_BoatResponseRemote
                0x08011ad4       0x28 ./Library_User/Network/remote_boat.o
                0x08011ad4                IsOnMsg_BoatResponseRemote
 .text.WriteBoat_Response_Remote
                0x08011afc       0xc0 ./Library_User/Network/remote_boat.o
                0x08011afc                WriteBoat_Response_Remote
 .text.RemoteBoat_ExcuteCommand
                0x08011bbc      0x1c4 ./Library_User/Network/remote_boat.o
                0x08011bbc                RemoteBoat_ExcuteCommand
 .text.IsOnMsg_FirmResponseRemote
                0x08011d80       0x28 ./Library_User/Network/remote_firmware.o
                0x08011d80                IsOnMsg_FirmResponseRemote
 .text.FirmWrite_Response_Remote
                0x08011da8       0xc0 ./Library_User/Network/remote_firmware.o
                0x08011da8                FirmWrite_Response_Remote
 .text.RemoteFirm_ExcuteCommand
                0x08011e68      0x2b4 ./Library_User/Network/remote_firmware.o
                0x08011e68                RemoteFirm_ExcuteCommand
 .text.EEPRom24C_Init
                0x0801211c        0xc ./Library_User/Storage/24Cxx.o
                0x0801211c                EEPRom24C_Init
 .text.EEPRom24C_ReadBuffer
                0x08012128       0xf6 ./Library_User/Storage/24Cxx.o
                0x08012128                EEPRom24C_ReadBuffer
 .text.EEPRom24C_ReadBytes
                0x0801221e       0xa4 ./Library_User/Storage/24Cxx.o
                0x0801221e                EEPRom24C_ReadBytes
 .text.EEPRom24C_WriteBuffer
                0x080122c2       0xc6 ./Library_User/Storage/24Cxx.o
                0x080122c2                EEPRom24C_WriteBuffer
 .text.EEPRom24C_WriteBytes
                0x08012388       0xea ./Library_User/Storage/24Cxx.o
                0x08012388                EEPRom24C_WriteBytes
 *fill*         0x08012472        0x2 
 .text.Flash_Init
                0x08012474       0x20 ./Library_User/Storage/extern_flash.o
                0x08012474                Flash_Init
 .text.Flash_EraseSector
                0x08012494       0x1c ./Library_User/Storage/extern_flash.o
                0x08012494                Flash_EraseSector
 .text.Flash_WritePage
                0x080124b0       0x2c ./Library_User/Storage/extern_flash.o
                0x080124b0                Flash_WritePage
 .text.Flash_WritePageAndCheck
                0x080124dc       0x80 ./Library_User/Storage/extern_flash.o
                0x080124dc                Flash_WritePageAndCheck
 .text.ExRom_Init
                0x0801255c        0xc ./Library_User/Storage/extern_rom.o
                0x0801255c                ExRom_Init
 .text.ExRom_CalculatorCRC
                0x08012568       0x76 ./Library_User/Storage/extern_rom.o
                0x08012568                ExRom_CalculatorCRC
 .text.ExRom_SaveParam_WithCRC16
                0x080125de       0x6e ./Library_User/Storage/extern_rom.o
                0x080125de                ExRom_SaveParam_WithCRC16
 .text.ExRom_ReadParam_WithCRC16
                0x0801264c       0x7c ./Library_User/Storage/extern_rom.o
                0x0801264c                ExRom_ReadParam_WithCRC16
 .text.SoftWire1_i2cDelay
                0x080126c8        0xe ./Library_User/Storage/soft_i2c_1.o
                0x080126c8                SoftWire1_i2cDelay
 *fill*         0x080126d6        0x2 
 .text.SoftWire1_sclHi
                0x080126d8       0x38 ./Library_User/Storage/soft_i2c_1.o
                0x080126d8                SoftWire1_sclHi
 .text.SoftWire1_sdaHi
                0x08012710       0x38 ./Library_User/Storage/soft_i2c_1.o
                0x08012710                SoftWire1_sdaHi
 .text.SoftWire1_sclLo
                0x08012748       0x34 ./Library_User/Storage/soft_i2c_1.o
                0x08012748                SoftWire1_sclLo
 .text.SoftWire1_sdaLo
                0x0801277c       0x34 ./Library_User/Storage/soft_i2c_1.o
                0x0801277c                SoftWire1_sdaLo
 .text.SoftI2C_Sda_1_Read
                0x080127b0       0x18 ./Library_User/Storage/soft_i2c_1.o
                0x080127b0                SoftI2C_Sda_1_Read
 .text.SoftWire1_Init
                0x080127c8       0x10 ./Library_User/Storage/soft_i2c_1.o
                0x080127c8                SoftWire1_Init
 .text.SoftWire1_Start
                0x080127d8       0x24 ./Library_User/Storage/soft_i2c_1.o
                0x080127d8                SoftWire1_Start
 .text.SoftWire1_Stop
                0x080127fc       0x24 ./Library_User/Storage/soft_i2c_1.o
                0x080127fc                SoftWire1_Stop
 .text.SoftWire1_ReadAck
                0x08012820       0x6a ./Library_User/Storage/soft_i2c_1.o
                0x08012820                SoftWire1_ReadAck
 .text.SoftWire1_WriteByte
                0x0801288a       0x58 ./Library_User/Storage/soft_i2c_1.o
                0x0801288a                SoftWire1_WriteByte
 .text.SoftWire1_SendAck
                0x080128e2       0x20 ./Library_User/Storage/soft_i2c_1.o
                0x080128e2                SoftWire1_SendAck
 .text.SoftWire1_sendNack
                0x08012902       0x24 ./Library_User/Storage/soft_i2c_1.o
                0x08012902                SoftWire1_sendNack
 .text.SoftWire1_readByte
                0x08012926       0x74 ./Library_User/Storage/soft_i2c_1.o
                0x08012926                SoftWire1_readByte
 .text.SoftWire1_SendStart
                0x0801299a       0x4e ./Library_User/Storage/soft_i2c_1.o
                0x0801299a                SoftWire1_SendStart
 .text.SPIF_Delay
                0x080129e8       0x16 ./Library_User/Storage/spif.o
                0x080129e8                SPIF_Delay
 .text.SPIF_Lock
                0x080129fe       0x26 ./Library_User/Storage/spif.o
                0x080129fe                SPIF_Lock
 .text.SPIF_UnLock
                0x08012a24       0x1a ./Library_User/Storage/spif.o
                0x08012a24                SPIF_UnLock
 .text.SPIF_CsPin
                0x08012a3e       0x2c ./Library_User/Storage/spif.o
                0x08012a3e                SPIF_CsPin
 .text.SPIF_TransmitReceive
                0x08012a6a       0x3c ./Library_User/Storage/spif.o
                0x08012a6a                SPIF_TransmitReceive
 .text.SPIF_Transmit
                0x08012aa6       0x36 ./Library_User/Storage/spif.o
                0x08012aa6                SPIF_Transmit
 .text.SPIF_Receive
                0x08012adc       0x36 ./Library_User/Storage/spif.o
                0x08012adc                SPIF_Receive
 .text.SPIF_WriteEnable
                0x08012b12       0x48 ./Library_User/Storage/spif.o
                0x08012b12                SPIF_WriteEnable
 .text.SPIF_WriteDisable
                0x08012b5a       0x48 ./Library_User/Storage/spif.o
                0x08012b5a                SPIF_WriteDisable
 .text.SPIF_ReadReg1
                0x08012ba2       0x4a ./Library_User/Storage/spif.o
                0x08012ba2                SPIF_ReadReg1
 .text.SPIF_WaitForWriting
                0x08012bec       0x4c ./Library_User/Storage/spif.o
                0x08012bec                SPIF_WaitForWriting
 .text.SPIF_FindChip
                0x08012c38      0x330 ./Library_User/Storage/spif.o
                0x08012c38                SPIF_FindChip
 .text.SPIF_WriteFn
                0x08012f68      0x150 ./Library_User/Storage/spif.o
                0x08012f68                SPIF_WriteFn
 .text.SPIF_ReadFn
                0x080130b8       0xe2 ./Library_User/Storage/spif.o
                0x080130b8                SPIF_ReadFn
 .text.SPIF_Init
                0x0801319a       0x98 ./Library_User/Storage/spif.o
                0x0801319a                SPIF_Init
 .text.SPIF_EraseSector
                0x08013232      0x106 ./Library_User/Storage/spif.o
                0x08013232                SPIF_EraseSector
 .text.SPIF_WritePage
                0x08013338       0x3c ./Library_User/Storage/spif.o
                0x08013338                SPIF_WritePage
 .text.SPIF_ReadPage
                0x08013374       0x56 ./Library_User/Storage/spif.o
                0x08013374                SPIF_ReadPage
 *fill*         0x080133ca        0x2 
 .text.VCU_StateInit
                0x080133cc       0x58 ./Library_User/VCU_State/VCU_State.o
                0x080133cc                VCU_StateInit
 .text.VCU_LoadDriverFaultThresholds
                0x08013424       0x50 ./Library_User/VCU_State/VCU_State.o
 .text.VCU_ApplyDriverFaultOverride
                0x08013474      0x19c ./Library_User/VCU_State/VCU_State.o
 .text.VCU_StateTask
                0x08013610       0xe4 ./Library_User/VCU_State/VCU_State.o
                0x08013610                VCU_StateTask
 .text.VCU_StateGet
                0x080136f4       0x18 ./Library_User/VCU_State/VCU_State.o
                0x080136f4                VCU_StateGet
 .text.VCU_StateOutputs
                0x0801370c       0x14 ./Library_User/VCU_State/VCU_State.o
                0x0801370c                VCU_StateOutputs
 .text.VCU_StateSetMotorStatus
                0x08013720       0x2c ./Library_User/VCU_State/VCU_State.o
                0x08013720                VCU_StateSetMotorStatus
 .text.VCU_UpdateInputs
                0x0801374c      0x2c4 ./Library_User/VCU_State/VCU_State.o
 .text.VCU_HasCriticalFault
                0x08013a10       0x48 ./Library_User/VCU_State/VCU_State.o
 .text.VCU_SliderCriticalError
                0x08013a58       0x70 ./Library_User/VCU_State/VCU_State.o
 .text.VCU_BMSCriticalError
                0x08013ac8       0x70 ./Library_User/VCU_State/VCU_State.o
 .text.VCU_ApplyOutputs
                0x08013b38       0x2c ./Library_User/VCU_State/VCU_State.o
 .text.VCU_UpdateOutput
                0x08013b64       0x3c ./Library_User/VCU_State/VCU_State.o
 .text.VCU_OnEnterState
                0x08013ba0       0x30 ./Library_User/VCU_State/VCU_State.o
 .text.VCU_TransitionTo
                0x08013bd0       0x24 ./Library_User/VCU_State/VCU_State.o
 .text.VCU_StateHandleInit
                0x08013bf4       0x90 ./Library_User/VCU_State/VCU_State.o
 .text.VCU_StateHandleCan
                0x08013c84       0x38 ./Library_User/VCU_State/VCU_State.o
 .text.VCU_StateHandlePhysical
                0x08013cbc       0x38 ./Library_User/VCU_State/VCU_State.o
 .text.VCU_StateHandleCharge
                0x08013cf4       0x58 ./Library_User/VCU_State/VCU_State.o
 .text.VCU_StateHandleError
                0x08013d4c       0x50 ./Library_User/VCU_State/VCU_State.o
 .text.VCU_ChargerModeEnter
                0x08013d9c       0x18 ./Library_User/VCU_State/VCU_State.o
 .text.VCU_ErrorModeEnter
                0x08013db4       0x18 ./Library_User/VCU_State/VCU_State.o
 .text.VCU_InitModeEnter
                0x08013dcc       0x18 ./Library_User/VCU_State/VCU_State.o
 .text.VCU_GetAllowedDetailMenuMask
                0x08013de4       0x70 ./Library_User/VCU_State/VCU_State.o
                0x08013de4                VCU_GetAllowedDetailMenuMask
 .text.malloc   0x08013e54       0x10 C:/ST/STM32CubeIDE_1.19.0/STM32CubeIDE/plugins/com.st.stm32cube.ide.mcu.externaltools.gnu-tools-for-stm32.13.3.rel1.win32_1.0.0.202411081344/tools/bin/../lib/gcc/arm-none-eabi/13.3.1/../../../../arm-none-eabi/lib/thumb/v7e-m+fp/hard\libc_nano.a(libc_a-malloc.o)
                0x08013e54                malloc
 .text.free     0x08013e64       0x10 C:/ST/STM32CubeIDE_1.19.0/STM32CubeIDE/plugins/com.st.stm32cube.ide.mcu.externaltools.gnu-tools-for-stm32.13.3.rel1.win32_1.0.0.202411081344/tools/bin/../lib/gcc/arm-none-eabi/13.3.1/../../../../arm-none-eabi/lib/thumb/v7e-m+fp/hard\libc_nano.a(libc_a-malloc.o)
                0x08013e64                free
 .text.sbrk_aligned
                0x08013e74       0x44 C:/ST/STM32CubeIDE_1.19.0/STM32CubeIDE/plugins/com.st.stm32cube.ide.mcu.externaltools.gnu-tools-for-stm32.13.3.rel1.win32_1.0.0.202411081344/tools/bin/../lib/gcc/arm-none-eabi/13.3.1/../../../../arm-none-eabi/lib/thumb/v7e-m+fp/hard\libc_nano.a(libc_a-mallocr.o)
 .text._malloc_r
                0x08013eb8      0x100 C:/ST/STM32CubeIDE_1.19.0/STM32CubeIDE/plugins/com.st.stm32cube.ide.mcu.externaltools.gnu-tools-for-stm32.13.3.rel1.win32_1.0.0.202411081344/tools/bin/../lib/gcc/arm-none-eabi/13.3.1/../../../../arm-none-eabi/lib/thumb/v7e-m+fp/hard\libc_nano.a(libc_a-mallocr.o)
                0x08013eb8                _malloc_r
 .text.__malloc_lock
                0x08013fb8        0xc C:/ST/STM32CubeIDE_1.19.0/STM32CubeIDE/plugins/com.st.stm32cube.ide.mcu.externaltools.gnu-tools-for-stm32.13.3.rel1.win32_1.0.0.202411081344/tools/bin/../lib/gcc/arm-none-eabi/13.3.1/../../../../arm-none-eabi/lib/thumb/v7e-m+fp/hard\libc_nano.a(libc_a-mlock.o)
                0x08013fb8                __malloc_lock
 .text.__malloc_unlock
                0x08013fc4        0xc C:/ST/STM32CubeIDE_1.19.0/STM32CubeIDE/plugins/com.st.stm32cube.ide.mcu.externaltools.gnu-tools-for-stm32.13.3.rel1.win32_1.0.0.202411081344/tools/bin/../lib/gcc/arm-none-eabi/13.3.1/../../../../arm-none-eabi/lib/thumb/v7e-m+fp/hard\libc_nano.a(libc_a-mlock.o)
                0x08013fc4                __malloc_unlock
 .text.rand     0x08013fd0       0x7c C:/ST/STM32CubeIDE_1.19.0/STM32CubeIDE/plugins/com.st.stm32cube.ide.mcu.externaltools.gnu-tools-for-stm32.13.3.rel1.win32_1.0.0.202411081344/tools/bin/../lib/gcc/arm-none-eabi/13.3.1/../../../../arm-none-eabi/lib/thumb/v7e-m+fp/hard\libc_nano.a(libc_a-rand.o)
                0x08013fd0                rand
 .text.__cvt    0x0801404c       0xca C:/ST/STM32CubeIDE_1.19.0/STM32CubeIDE/plugins/com.st.stm32cube.ide.mcu.externaltools.gnu-tools-for-stm32.13.3.rel1.win32_1.0.0.202411081344/tools/bin/../lib/gcc/arm-none-eabi/13.3.1/../../../../arm-none-eabi/lib/thumb/v7e-m+fp/hard\libc_nano.a(libc_a-nano-vfprintf_float.o)
                0x0801404c                __cvt
 .text.__exponent
                0x08014116       0x74 C:/ST/STM32CubeIDE_1.19.0/STM32CubeIDE/plugins/com.st.stm32cube.ide.mcu.externaltools.gnu-tools-for-stm32.13.3.rel1.win32_1.0.0.202411081344/tools/bin/../lib/gcc/arm-none-eabi/13.3.1/../../../../arm-none-eabi/lib/thumb/v7e-m+fp/hard\libc_nano.a(libc_a-nano-vfprintf_float.o)
                0x08014116                __exponent
 *fill*         0x0801418a        0x2 
 .text._printf_float
                0x0801418c      0x454 C:/ST/STM32CubeIDE_1.19.0/STM32CubeIDE/plugins/com.st.stm32cube.ide.mcu.externaltools.gnu-tools-for-stm32.13.3.rel1.win32_1.0.0.202411081344/tools/bin/../lib/gcc/arm-none-eabi/13.3.1/../../../../arm-none-eabi/lib/thumb/v7e-m+fp/hard\libc_nano.a(libc_a-nano-vfprintf_float.o)
                0x0801418c                _printf_float
 .text._printf_common
                0x080145e0       0xda C:/ST/STM32CubeIDE_1.19.0/STM32CubeIDE/plugins/com.st.stm32cube.ide.mcu.externaltools.gnu-tools-for-stm32.13.3.rel1.win32_1.0.0.202411081344/tools/bin/../lib/gcc/arm-none-eabi/13.3.1/../../../../arm-none-eabi/lib/thumb/v7e-m+fp/hard\libc_nano.a(libc_a-nano-vfprintf_i.o)
                0x080145e0                _printf_common
 *fill*         0x080146ba        0x2 
 .text._printf_i
                0x080146bc      0x23c C:/ST/STM32CubeIDE_1.19.0/STM32CubeIDE/plugins/com.st.stm32cube.ide.mcu.externaltools.gnu-tools-for-stm32.13.3.rel1.win32_1.0.0.202411081344/tools/bin/../lib/gcc/arm-none-eabi/13.3.1/../../../../arm-none-eabi/lib/thumb/v7e-m+fp/hard\libc_nano.a(libc_a-nano-vfprintf_i.o)
                0x080146bc                _printf_i
 .text.std      0x080148f8       0x6c C:/ST/STM32CubeIDE_1.19.0/STM32CubeIDE/plugins/com.st.stm32cube.ide.mcu.externaltools.gnu-tools-for-stm32.13.3.rel1.win32_1.0.0.202411081344/tools/bin/../lib/gcc/arm-none-eabi/13.3.1/../../../../arm-none-eabi/lib/thumb/v7e-m+fp/hard\libc_nano.a(libc_a-findfp.o)
 .text.stdio_exit_handler
                0x08014964       0x18 C:/ST/STM32CubeIDE_1.19.0/STM32CubeIDE/plugins/com.st.stm32cube.ide.mcu.externaltools.gnu-tools-for-stm32.13.3.rel1.win32_1.0.0.202411081344/tools/bin/../lib/gcc/arm-none-eabi/13.3.1/../../../../arm-none-eabi/lib/thumb/v7e-m+fp/hard\libc_nano.a(libc_a-findfp.o)
 .text.cleanup_stdio
                0x0801497c       0x40 C:/ST/STM32CubeIDE_1.19.0/STM32CubeIDE/plugins/com.st.stm32cube.ide.mcu.externaltools.gnu-tools-for-stm32.13.3.rel1.win32_1.0.0.202411081344/tools/bin/../lib/gcc/arm-none-eabi/13.3.1/../../../../arm-none-eabi/lib/thumb/v7e-m+fp/hard\libc_nano.a(libc_a-findfp.o)
 .text.global_stdio_init.part.0
                0x080149bc       0x3c C:/ST/STM32CubeIDE_1.19.0/STM32CubeIDE/plugins/com.st.stm32cube.ide.mcu.externaltools.gnu-tools-for-stm32.13.3.rel1.win32_1.0.0.202411081344/tools/bin/../lib/gcc/arm-none-eabi/13.3.1/../../../../arm-none-eabi/lib/thumb/v7e-m+fp/hard\libc_nano.a(libc_a-findfp.o)
 .text.__sfp_lock_acquire
                0x080149f8        0xc C:/ST/STM32CubeIDE_1.19.0/STM32CubeIDE/plugins/com.st.stm32cube.ide.mcu.externaltools.gnu-tools-for-stm32.13.3.rel1.win32_1.0.0.202411081344/tools/bin/../lib/gcc/arm-none-eabi/13.3.1/../../../../arm-none-eabi/lib/thumb/v7e-m+fp/hard\libc_nano.a(libc_a-findfp.o)
                0x080149f8                __sfp_lock_acquire
 .text.__sfp_lock_release
                0x08014a04        0xc C:/ST/STM32CubeIDE_1.19.0/STM32CubeIDE/plugins/com.st.stm32cube.ide.mcu.externaltools.gnu-tools-for-stm32.13.3.rel1.win32_1.0.0.202411081344/tools/bin/../lib/gcc/arm-none-eabi/13.3.1/../../../../arm-none-eabi/lib/thumb/v7e-m+fp/hard\libc_nano.a(libc_a-findfp.o)
                0x08014a04                __sfp_lock_release
 .text.__sinit  0x08014a10       0x30 C:/ST/STM32CubeIDE_1.19.0/STM32CubeIDE/plugins/com.st.stm32cube.ide.mcu.externaltools.gnu-tools-for-stm32.13.3.rel1.win32_1.0.0.202411081344/tools/bin/../lib/gcc/arm-none-eabi/13.3.1/../../../../arm-none-eabi/lib/thumb/v7e-m+fp/hard\libc_nano.a(libc_a-findfp.o)
                0x08014a10                __sinit
 .text._fwalk_sglue
                0x08014a40       0x3c C:/ST/STM32CubeIDE_1.19.0/STM32CubeIDE/plugins/com.st.stm32cube.ide.mcu.externaltools.gnu-tools-for-stm32.13.3.rel1.win32_1.0.0.202411081344/tools/bin/../lib/gcc/arm-none-eabi/13.3.1/../../../../arm-none-eabi/lib/thumb/v7e-m+fp/hard\libc_nano.a(libc_a-fwalk.o)
                0x08014a40                _fwalk_sglue
 .text.snprintf
                0x08014a7c       0x6c C:/ST/STM32CubeIDE_1.19.0/STM32CubeIDE/plugins/com.st.stm32cube.ide.mcu.externaltools.gnu-tools-for-stm32.13.3.rel1.win32_1.0.0.202411081344/tools/bin/../lib/gcc/arm-none-eabi/13.3.1/../../../../arm-none-eabi/lib/thumb/v7e-m+fp/hard\libc_nano.a(libc_a-snprintf.o)
                0x08014a7c                sniprintf
                0x08014a7c                snprintf
 .text.sprintf  0x08014ae8       0x44 C:/ST/STM32CubeIDE_1.19.0/STM32CubeIDE/plugins/com.st.stm32cube.ide.mcu.externaltools.gnu-tools-for-stm32.13.3.rel1.win32_1.0.0.202411081344/tools/bin/../lib/gcc/arm-none-eabi/13.3.1/../../../../arm-none-eabi/lib/thumb/v7e-m+fp/hard\libc_nano.a(libc_a-sprintf.o)
                0x08014ae8                siprintf
                0x08014ae8                sprintf