../Library_User/IMD/imd.c:62:13:IMD_SetRelayOutputs	16	static
../Library_User/IMD/imd.c:68:13:IMD_ClearChannel	16	static
../Library_User/IMD/imd.c:79:13:IMD_ClearResults	8	static
../Library_User/IMD/imd.c:89:14:IMD_GetAverageIsoVoltage	24	static
../Library_User/IMD/imd.c:105:14:IMD_ReconstructSignedPoleVoltage	24	static
../Library_User/IMD/imd.c:112:17:IMD_ClampResistance	16	static
../Library_User/IMD/imd.c:122:13:IMD_RefreshRiso	56	static
../Library_User/IMD/imd.c:180:13:IMD_UpdateChannelSample	24	static
../Library_User/IMD/imd.c:203:13:IMD_UpdateMeasureFaultByCycle	16	static
../Library_User/IMD/imd.c:218:6:IMD_Init	16	static
../Library_User/IMD/imd.c:231:6:IMD_Task	16	static
../Library_User/IMD/imd.c:296:10:IMD_GetRisoPosOhm	4	static
../Library_User/IMD/imd.c:301:10:IMD_GetRisoNegOhm	4	static
../Library_User/IMD/imd.c:306:6:IMD_IsPosFault	4	static
../Library_User/IMD/imd.c:311:6:IMD_IsNegFault	4	static
../Library_User/IMD/imd.c:316:6:IMD_IsBothFault	8	static
../Library_User/IMD/imd.c:321:6:IMD_IsMeasureFault	4	static
../Library_User/IMD/imd.c:326:6:IMD_GetStatus	16	static
