../Library_User/Boat/Log/boat_log.c:26:6:BoatEventLog_Init	40	static
../Library_User/Boat/Log/boat_log.c:54:10:BoatEventLog_GetCurrentPos	4	static
../Library_User/Boat/Log/boat_log.c:59:6:BoatEventLog_Write	32	static
../Library_User/Boat/Log/boat_log.c:83:9:IsHaveMsgQueueBoatEventLog	16	static
../Library_User/Boat/Log/boat_log.c:89:9:IsHaveMsgInRomBoatEventLog	4	static
../Library_User/Boat/Log/boat_log.c:95:13:BoatEventLog_DeleteFromRom	40	static
../Library_User/Boat/Log/boat_log.c:120:9:BoatEventLog_Dequeue	24	static
../Library_User/Boat/Log/boat_log.c:132:6:BoatEventLog_LoadFromRomToQueue	40	static
../Library_User/Boat/Log/boat_log.c:174:10:BoatEventLog_ReadPacket	24	static
../Library_User/Boat/Log/boat_log.c:185:6:BoatEventLog_Read	64	static
../Library_User/Boat/Log/boat_log.c:208:6:BoatEventUpdate	8	static
