../Library_User/Boat/Log/boat_log.c:27:6:BoatEventLog_Init	40	static
../Library_User/Boat/Log/boat_log.c:55:10:BoatEventLog_GetCurrentPos	4	static
../Library_User/Boat/Log/boat_log.c:60:6:BoatEventLog_Write	32	static
../Library_User/Boat/Log/boat_log.c:84:9:IsHaveMsgQueueBoatEventLog	16	static
../Library_User/Boat/Log/boat_log.c:90:9:IsHaveMsgInRomBoatEventLog	4	static
../Library_User/Boat/Log/boat_log.c:96:13:BoatEventLog_DeleteFromRom	40	static
../Library_User/Boat/Log/boat_log.c:121:9:BoatEventLog_Dequeue	24	static
../Library_User/Boat/Log/boat_log.c:133:6:BoatEventLog_LoadFromRomToQueue	40	static
../Library_User/Boat/Log/boat_log.c:175:10:BoatEventLog_ReadPacket	24	static
../Library_User/Boat/Log/boat_log.c:186:6:BoatEventLog_Read	64	static
../Library_User/Boat/Log/boat_log.c:209:6:BoatEventUpdate	8	static
