../Library_User/VCU_State/VCU_State.c:94:6:VCU_StateInit	8	static
../Library_User/VCU_State/VCU_State.c:116:13:VCU_ApplyDriverFaultOverride	80	static
../Library_User/VCU_State/VCU_State.c:201:6:VCU_StateTask	16	static
../Library_User/VCU_State/VCU_State.c:272:13:VCU_StateGet	4	static
../Library_User/VCU_State/VCU_State.c:281:28:VCU_StateOutputs	4	static
../Library_User/VCU_State/VCU_State.c:290:6:VCU_StateSetMotorStatus	16	static
../Library_User/VCU_State/VCU_State.c:299:16:VCU_StateGetMotorStatus	4	static
../Library_User/VCU_State/VCU_State.c:307:13:VCU_StateToString	16	static
../Library_User/VCU_State/VCU_State.c:324:6:VCU_HasCriticalFaultActive	4	static
../Library_User/VCU_State/VCU_State.c:329:6:VCU_HasSystemFaultActive	4	static
../Library_User/VCU_State/VCU_State.c:334:6:VCU_IsManualMotorControlAllowed	4	static
../Library_User/VCU_State/VCU_State.c:344:13:VCU_UpdateInputs	64	static
../Library_User/VCU_State/VCU_State.c:512:13:VCU_RefreshFaultStatus	8	static
../Library_User/VCU_State/VCU_State.c:521:13:VCU_HasCriticalFault	16	static
../Library_User/VCU_State/VCU_State.c:531:13:VCU_HasSystemFault	4	static
../Library_User/VCU_State/VCU_State.c:536:13:VCU_SliderCriticalError	16	static
../Library_User/VCU_State/VCU_State.c:563:13:VCU_BMSCriticalError	16	static
../Library_User/VCU_State/VCU_State.c:588:13:VCU_ApplyOutputs	8	static
../Library_User/VCU_State/VCU_State.c:604:13:VCU_UpdateOutput	4	static
../Library_User/VCU_State/VCU_State.c:620:13:VCU_OnEnterState	16	static
../Library_User/VCU_State/VCU_State.c:636:13:VCU_OnExitState	16	static
../Library_User/VCU_State/VCU_State.c:653:13:VCU_TransitionTo	16	static
../Library_User/VCU_State/VCU_State.c:676:20:VCU_StateHandleInit	8	static
../Library_User/VCU_State/VCU_State.c:754:20:VCU_StateHandleCan	4	static
../Library_User/VCU_State/VCU_State.c:792:20:VCU_StateHandlePhysical	4	static
../Library_User/VCU_State/VCU_State.c:824:20:VCU_StateHandleCharge	4	static
../Library_User/VCU_State/VCU_State.c:861:20:VCU_StateHandleError	4	static
../Library_User/VCU_State/VCU_State.c:896:13:VCU_ChargerModeEnter	4	static
../Library_User/VCU_State/VCU_State.c:902:13:VCU_ErrorModeEnter	4	static
../Library_User/VCU_State/VCU_State.c:909:13:VCU_InitModeEnter	4	static
../Library_User/VCU_State/VCU_State.c:922:13:VCU_ChargerModeExit	4	static
../Library_User/VCU_State/VCU_State.c:928:13:VCU_ErrorModeExit	4	static
../Library_User/VCU_State/VCU_State.c:933:13:VCU_InitModeExit	4	static
../Library_User/VCU_State/VCU_State.c:946:13:VCU_GetAllowedDetailMenuMask	16	static
