../Library_User/VCU_State/VCU_State.c:71:6:VCU_StateInit	8	static
../Library_User/VCU_State/VCU_State.c:87:13:VCU_LoadDriverFaultThresholds	8	static
../Library_User/VCU_State/VCU_State.c:105:13:VCU_ApplyDriverFaultOverride	48	static
../Library_User/VCU_State/VCU_State.c:168:6:VCU_StateTask	16	static
../Library_User/VCU_State/VCU_State.c:229:13:VCU_StateGet	4	static
../Library_User/VCU_State/VCU_State.c:238:28:VCU_StateOutputs	4	static
../Library_User/VCU_State/VCU_State.c:247:6:VCU_StateSetMotorStatus	16	static
../Library_User/VCU_State/VCU_State.c:252:16:VCU_StateGetMotorStatus	4	static
../Library_User/VCU_State/VCU_State.c:260:13:VCU_StateToString	16	static
../Library_User/VCU_State/VCU_State.c:277:13:VCU_UpdateInputs	56	static
../Library_User/VCU_State/VCU_State.c:378:13:VCU_HasCriticalFault	16	static
../Library_User/VCU_State/VCU_State.c:387:13:VCU_SliderCriticalError	16	static
../Library_User/VCU_State/VCU_State.c:409:13:VCU_BMSCriticalError	16	static
../Library_User/VCU_State/VCU_State.c:434:13:VCU_ApplyOutputs	8	static
../Library_User/VCU_State/VCU_State.c:450:13:VCU_UpdateOutput	4	static
../Library_User/VCU_State/VCU_State.c:466:13:VCU_OnEnterState	16	static
../Library_User/VCU_State/VCU_State.c:482:13:VCU_OnExitState	16	static
../Library_User/VCU_State/VCU_State.c:499:13:VCU_TransitionTo	16	static
../Library_User/VCU_State/VCU_State.c:522:20:VCU_StateHandleInit	8	static
../Library_User/VCU_State/VCU_State.c:571:20:VCU_StateHandleCan	8	static
../Library_User/VCU_State/VCU_State.c:603:20:VCU_StateHandlePhysical	8	static
../Library_User/VCU_State/VCU_State.c:629:20:VCU_StateHandleCharge	8	static
../Library_User/VCU_State/VCU_State.c:660:20:VCU_StateHandleError	8	static
../Library_User/VCU_State/VCU_State.c:686:13:VCU_ChargerModeEnter	4	static
../Library_User/VCU_State/VCU_State.c:692:13:VCU_ErrorModeEnter	4	static
../Library_User/VCU_State/VCU_State.c:697:13:VCU_InitModeEnter	4	static
../Library_User/VCU_State/VCU_State.c:710:13:VCU_ChargerModeExit	4	static
../Library_User/VCU_State/VCU_State.c:716:13:VCU_ErrorModeExit	4	static
../Library_User/VCU_State/VCU_State.c:721:13:VCU_InitModeExit	4	static
../Library_User/VCU_State/VCU_State.c:734:13:VCU_GetAllowedDetailMenuMask	16	static
