../Library_User/VCU_State/VCU_State.c:60:6:VCU_StateInit	8	static
../Library_User/VCU_State/VCU_State.c:76:13:VCU_ApplyDriverFaultOverride	80	static
../Library_User/VCU_State/VCU_State.c:161:6:VCU_StateTask	16	static
../Library_User/VCU_State/VCU_State.c:222:13:VCU_StateGet	4	static
../Library_User/VCU_State/VCU_State.c:231:28:VCU_StateOutputs	4	static
../Library_User/VCU_State/VCU_State.c:240:6:VCU_StateSetMotorStatus	16	static
../Library_User/VCU_State/VCU_State.c:245:16:VCU_StateGetMotorStatus	4	static
../Library_User/VCU_State/VCU_State.c:253:13:VCU_StateToString	16	static
../Library_User/VCU_State/VCU_State.c:270:13:VCU_UpdateInputs	56	static
../Library_User/VCU_State/VCU_State.c:371:13:VCU_HasCriticalFault	16	static
../Library_User/VCU_State/VCU_State.c:380:13:VCU_SliderCriticalError	16	static
../Library_User/VCU_State/VCU_State.c:402:13:VCU_BMSCriticalError	16	static
../Library_User/VCU_State/VCU_State.c:427:13:VCU_ApplyOutputs	8	static
../Library_User/VCU_State/VCU_State.c:443:13:VCU_UpdateOutput	4	static
../Library_User/VCU_State/VCU_State.c:459:13:VCU_OnEnterState	16	static
../Library_User/VCU_State/VCU_State.c:475:13:VCU_OnExitState	16	static
../Library_User/VCU_State/VCU_State.c:492:13:VCU_TransitionTo	16	static
../Library_User/VCU_State/VCU_State.c:515:20:VCU_StateHandleInit	8	static
../Library_User/VCU_State/VCU_State.c:564:20:VCU_StateHandleCan	8	static
../Library_User/VCU_State/VCU_State.c:596:20:VCU_StateHandlePhysical	8	static
../Library_User/VCU_State/VCU_State.c:622:20:VCU_StateHandleCharge	8	static
../Library_User/VCU_State/VCU_State.c:653:20:VCU_StateHandleError	8	static
../Library_User/VCU_State/VCU_State.c:679:13:VCU_ChargerModeEnter	4	static
../Library_User/VCU_State/VCU_State.c:685:13:VCU_ErrorModeEnter	4	static
../Library_User/VCU_State/VCU_State.c:690:13:VCU_InitModeEnter	4	static
../Library_User/VCU_State/VCU_State.c:703:13:VCU_ChargerModeExit	4	static
../Library_User/VCU_State/VCU_State.c:709:13:VCU_ErrorModeExit	4	static
../Library_User/VCU_State/VCU_State.c:714:13:VCU_InitModeExit	4	static
../Library_User/VCU_State/VCU_State.c:727:13:VCU_GetAllowedDetailMenuMask	16	static
