../Library_User/VCU_State/VCU_State.c:44:6:VCU_StateInit	8	static
../Library_User/VCU_State/VCU_State.c:77:6:VCU_StateTask	16	static
../Library_User/VCU_State/VCU_State.c:128:13:VCU_StateGet	4	static
../Library_User/VCU_State/VCU_State.c:141:28:VCU_StateOutputs	4	static
../Library_User/VCU_State/VCU_State.c:154:13:VCU_StateToString	16	static
../Library_User/VCU_State/VCU_State.c:175:13:VCU_UpdateInputs	40	static
../Library_User/VCU_State/VCU_State.c:212:13:VCU_HasCriticalFault	4	static
../Library_User/VCU_State/VCU_State.c:232:13:VCU_ApplyOutputs	8	static
../Library_User/VCU_State/VCU_State.c:252:13:VCU_UpdateSelectModeOutput	4	static
../Library_User/VCU_State/VCU_State.c:273:13:VCU_OnEnterState	16	static
../Library_User/VCU_State/VCU_State.c:290:13:VCU_OnExitState	16	static
../Library_User/VCU_State/VCU_State.c:308:13:VCU_TransitionTo	16	static
../Library_User/VCU_State/VCU_State.c:334:20:VCU_StateHandleInit	8	static
../Library_User/VCU_State/VCU_State.c:383:20:VCU_StateHandleWaiting	4	static
../Library_User/VCU_State/VCU_State.c:414:20:VCU_StateHandleCan	8	static
../Library_User/VCU_State/VCU_State.c:458:20:VCU_StateHandlePhysical	8	static
../Library_User/VCU_State/VCU_State.c:502:20:VCU_StateHandleCharge	8	static
../Library_User/VCU_State/VCU_State.c:541:20:VCU_StateHandleIdle	8	static
../Library_User/VCU_State/VCU_State.c:583:20:VCU_StateHandleError	8	static
../Library_User/VCU_State/VCU_State.c:608:13:VCU_ChargerModeEnter	4	static
../Library_User/VCU_State/VCU_State.c:624:13:VCU_ChargerModeProcess	4	static
../Library_User/VCU_State/VCU_State.c:639:13:VCU_ChargerModeExit	4	static
../Library_User/VCU_State/VCU_State.c:652:13:VCU_GetAllowedDetailMenuMask	16	static
