../Core/Src/ds1302.c:51:6:DS1302_SetRst	8	static
../Core/Src/ds1302.c:62:6:DS1302_ResetRst	8	static
../Core/Src/ds1302.c:73:6:Ds1302_SetClk	8	static
../Core/Src/ds1302.c:84:6:DS1302_ResetClk	8	static
../Core/Src/ds1302.c:94:6:DS1302_SetClkCycle	8	static
../Core/Src/ds1302.c:107:6:DS1302_SetData	8	static
../Core/Src/ds1302.c:118:6:DS1302_ResetData	8	static
../Core/Src/ds1302.c:128:6:DS1302_SetIdleState	8	static
../Core/Src/ds1302.c:141:6:DS1302_Init	8	static
../Core/Src/ds1302.c:147:6:DS1302_SetReadModel	32	static
../Core/Src/ds1302.c:157:6:DS1302_SetWriteMode	32	static
../Core/Src/ds1302.c:166:6:DS1302_WriteCmd	24	static
../Core/Src/ds1302.c:179:6:DS1302_WriteData	24	static
../Core/Src/ds1302.c:194:15:DS1302_ReadDataPin	8	static
../Core/Src/ds1302.c:199:9:DS1302_ReadData	24	static
../Core/Src/ds1302.c:237:6:DS1302_GetTime	32	static
../Core/Src/ds1302.c:256:6:DS1302_SetTime	24	static
../Core/Src/ds1302.c:299:6:DS1302_WriteRam	16	static
../Core/Src/ds1302.c:318:9:DS1302_ReadRam	16	static
../Core/Src/ds1302.c:332:6:DS1302_ClearRam	16	static
../Core/Src/ds1302.c:346:13:DS1302_GetClockSystem	8	static
../Core/Src/ds1302.c:357:13:DS1302_GetClockPeriod	8	static
../Core/Src/ds1302.c:371:6:DS1302_ReadBurst	24	static
../Core/Src/ds1302.c:411:13:DS1302_WriteBurst	24	static
../Core/Src/ds1302.c:435:6:DS1302_WriteRamBurst	16	static
../Core/Src/ds1302.c:454:6:DS1302_ReadRamBurst	16	static
