../Core/Src/global.c:12:6:NumberFloatLimit	24	static
../Core/Src/global.c:21:5:BCDToInt	16	static
../Core/Src/global.c:26:5:IntToBCD	16	static
../Core/Src/global.c:30:6:reboot	4	static
../Core/Src/global.c:34:15:validBCD	16	static
../Core/Src/global.c:41:6:farcpy	32	static
../Core/Src/global.c:48:6:farset	32	static
../Core/Src/global.c:55:15:cstrpos	32	static
../Core/Src/global.c:72:9:ComparePercent	24	static
../Core/Src/global.c:82:9:BitsToBytes	24	static
../Core/Src/global.c:92:6:Swap	24	static
../Core/Src/global.c:99:6:SortAsc	32	static
../Core/Src/global.c:119:7:StringToFloat	40	static
../Core/Src/global.c:162:7:Radian_Convert	32	static
../Core/Src/global.c:183:7:Corn_Convert	16	static
../Core/Src/global.c:188:9:LABS	16	static
../Core/Src/global.c:192:9:DeltaAbs	16	static
../Core/Src/global.c:199:9:Delta	16	static
../Core/Src/global.c:204:10:Frame_CalculateCRC	32	static
../Core/Src/global.c:228:9:Frame_GeneralCheckSum	24	static
../Core/Src/global.c:237:9:ArrayUin16ToByte	24	static
../Core/Src/global.c:251:9:BufferCompare	32	static
../Core/Src/global.c:263:9:Frame_CalculationChecksum	32	static
../Core/Src/global.c:276:9:ConvertTime_To_Sec	24	static
../Core/Src/global.c:282:10:NumberMax	16	static
../Core/Src/global.c:290:9:DeltaPercent	24	static
../Core/Src/global.c:298:10:WriteBuffer	24	static
../Core/Src/global.c:307:10:WriteChar_Buffer	24	static
../Core/Src/global.c:315:10:WriteInt16_Buffer	24	static
../Core/Src/global.c:325:10:WriteInt32_Buffer	24	static
../Core/Src/global.c:334:10:ReadChar_Buffer	24	static
../Core/Src/global.c:342:10:ReadInt16_Buffer	24	static
../Core/Src/global.c:350:10:ReadInt32_Buffer	24	static
../Core/Src/global.c:358:10:ReadArray_Buffer	24	static
