../Core/Src/main.c:88:6:debug_print	16	static
../Core/Src/main.c:98:5:main	8	static
../Core/Src/main.c:180:6:SystemClock_Config	88	static
../Core/Src/main.c:227:13:MX_CAN1_Init	8	static
../Core/Src/main.c:264:13:MX_IWDG_Init	8	static
../Core/Src/main.c:292:13:MX_SPI1_Init	8	static
../Core/Src/main.c:330:13:MX_SPI2_Init	8	static
../Core/Src/main.c:368:13:MX_TIM2_Init	32	static
../Core/Src/main.c:413:13:MX_USART6_UART_Init	8	static
../Core/Src/main.c:446:13:MX_GPIO_Init	56	static
../Core/Src/main.c:570:6:HAL_GPIO_EXTI_Callback	24	static
../Core/Src/main.c:619:6:Error_Handler	4	static,ignoring_inline_asm
