../Core/Src/main.c:79:6:debug_print	16	static
../Core/Src/main.c:89:5:main	8	static
../Core/Src/main.c:154:6:SystemClock_Config	88	static
../Core/Src/main.c:200:13:MX_CAN1_Init	8	static
../Core/Src/main.c:237:13:MX_SPI2_Init	8	static
../Core/Src/main.c:275:13:MX_USART6_UART_Init	8	static
../Core/Src/main.c:308:13:MX_GPIO_Init	48	static
../Core/Src/main.c:369:6:HAL_GPIO_EXTI_Callback	24	static
../Core/Src/main.c:413:6:process_button	8	static
../Core/Src/main.c:594:6:process_menu	8	static
../Core/Src/main.c:618:6:Error_Handler	4	static,ignoring_inline_asm
