../Library_User/Network/Mqtt/mqtt_funtion.c:7:9:lwmqtt_read_bits	24	static
../Library_User/Network/Mqtt/mqtt_funtion.c:11:14:lwmqtt_read_varnum	32	static
../Library_User/Network/Mqtt/mqtt_funtion.c:55:14:lwmqtt_read_byte	24	static
../Library_User/Network/Mqtt/mqtt_funtion.c:70:14:lwmqtt_read_num	24	static
../Library_User/Network/Mqtt/mqtt_funtion.c:86:14:lwmqtt_read_data	24	static
../Library_User/Network/Mqtt/mqtt_funtion.c:108:14:lwmqtt_read_string	32	static
../Library_User/Network/Mqtt/mqtt_funtion.c:131:6:lwmqtt_write_bits	24	static
../Library_User/Network/Mqtt/mqtt_funtion.c:135:14:lwmqtt_write_byte	24	static
../Library_User/Network/Mqtt/mqtt_funtion.c:150:14:lwmqtt_write_data	24	static
../Library_User/Network/Mqtt/mqtt_funtion.c:170:14:lwmqtt_write_num	24	static
../Library_User/Network/Mqtt/mqtt_funtion.c:186:14:lwmqtt_write_string	32	static
../Library_User/Network/Mqtt/mqtt_funtion.c:202:14:lwmqtt_write_varnum	32	static
../Library_User/Network/Mqtt/mqtt_funtion.c:240:17:lwmqtt_string	48	static
../Library_User/Network/Mqtt/mqtt_funtion.c:257:14:lwmqtt_varnum_length	16	static
