../Library_User/Network/Sim/sim.c:81:6:Sim_Init	4	static
../Library_User/Network/Sim/sim.c:106:6:Sim_Work	16	static
../Library_User/Network/Sim/sim.c:163:6:Sim_MqttMsgHandle	16	static
../Library_User/Network/Sim/sim.c:198:6:UART_SIM_WriteByte	24	static
../Library_User/Network/Sim/sim.c:209:6:UART_SIM_PutArray	24	static
../Library_User/Network/Sim/sim.c:217:6:UART_SIM_PutString	16	static
../Library_User/Network/Sim/sim.c:226:10:SendData_ThowGprs	16	static
../Library_User/Network/Sim/sim.c:232:10:Sim_CheckMsgMqtt	16	static
../Library_User/Network/Sim/sim.c:242:6:Stepto	16	static
../Library_User/Network/Sim/sim.c:247:6:Sim1CountTo	16	static
../Library_User/Network/Sim/sim.c:251:6:NextStep	4	static
../Library_User/Network/Sim/sim.c:256:6:NextCmdStep	4	static
../Library_User/Network/Sim/sim.c:262:6:PreviousStep	4	static
../Library_User/Network/Sim/sim.c:267:6:Sim_ResetConversation	4	static
../Library_User/Network/Sim/sim.c:273:6:Sim1_CountToStepTo	16	static
../Library_User/Network/Sim/sim.c:282:6:Sim_UartIsrHandle	24	static
../Library_User/Network/Sim/sim.c:330:9:IsOnMessageMqtt	8	static
../Library_User/Network/Sim/sim.c:341:15:UartSimBufferSize_OverFlow	4	static
../Library_User/Network/Sim/sim.c:345:10:UartSimBufferSize	4	static
../Library_User/Network/Sim/sim.c:349:6:GPRS_Ask	16	static
../Library_User/Network/Sim/sim.c:355:6:Wait	16	static
../Library_User/Network/Sim/sim.c:368:6:SimWait2_Reset	8	static
../Library_User/Network/Sim/sim.c:372:6:SimWait3_Reset	8	static
../Library_User/Network/Sim/sim.c:376:6:SimCmdTimer_Reset	8	static
../Library_User/Network/Sim/sim.c:381:9:SimWait2	16	static
../Library_User/Network/Sim/sim.c:391:9:SimWait3	16	static
../Library_User/Network/Sim/sim.c:401:15:WaitAnswer	16	static
../Library_User/Network/Sim/sim.c:405:6:PWRKEY_Off	8	static
../Library_User/Network/Sim/sim.c:409:6:PWRKEY_On	8	static
../Library_User/Network/Sim/sim.c:415:9:Sim_SignalQuanlityPercent	4	static
../Library_User/Network/Sim/sim.c:425:5:Sim_PWOn	8	static
../Library_User/Network/Sim/sim.c:489:5:Sim_SelectSim	8	static
../Library_User/Network/Sim/sim.c:554:5:Sim_StartUp	16	static
../Library_User/Network/Sim/sim.c:665:5:Sim_SetUp	8	static
../Library_User/Network/Sim/sim.c:805:5:Sim_ConnectServer	112	static
../Library_User/Network/Sim/sim.c:868:5:Sim_Disconnect	8	static
../Library_User/Network/Sim/sim.c:921:5:Sim_MqttEstablish	8	static
../Library_User/Network/Sim/sim.c:992:6:Sim_MqttDecodeMsg	8	static
../Library_User/Network/Sim/sim.c:1004:5:Sim_MqttComunication	8	static
../Library_User/Network/Sim/sim.c:1072:6:Sim_MqttSendBoatCmdStep	16	static
../Library_User/Network/Sim/sim.c:1085:5:Sim_Sleep	8	static
../Library_User/Network/Sim/sim.c:1120:6:Sim1_CheckConnectServer	8	static
../Library_User/Network/Sim/sim.c:1141:6:Sim_SwitchModeSecurity	4	static
../Library_User/Network/Sim/sim.c:1146:6:Sim_WakeUp	8	static
../Library_User/Network/Sim/sim.c:1158:9:Sim_GetModeSecurity	4	static
../Library_User/Network/Sim/sim.c:1162:9:IsSimConnectedServer	4	static
../Library_User/Network/Sim/sim.c:1167:6:Sim_RequireSendImmediate	4	static
