../Library_User/Network/Sim/sim.c:82:6:Sim_Init	4	static
../Library_User/Network/Sim/sim.c:107:6:Sim_Work	16	static
../Library_User/Network/Sim/sim.c:164:6:Sim_MqttMsgHandle	16	static
../Library_User/Network/Sim/sim.c:200:6:UART_SIM_WriteByte	24	static
../Library_User/Network/Sim/sim.c:211:6:UART_SIM_PutArray	24	static
../Library_User/Network/Sim/sim.c:219:6:UART_SIM_PutString	16	static
../Library_User/Network/Sim/sim.c:228:10:SendData_ThowGprs	16	static
../Library_User/Network/Sim/sim.c:234:10:Sim_CheckMsgMqtt	16	static
../Library_User/Network/Sim/sim.c:244:6:Stepto	16	static
../Library_User/Network/Sim/sim.c:249:6:Sim1CountTo	16	static
../Library_User/Network/Sim/sim.c:253:6:NextStep	16	static
../Library_User/Network/Sim/sim.c:259:6:NextCmdStep	4	static
../Library_User/Network/Sim/sim.c:265:6:PreviousStep	4	static
../Library_User/Network/Sim/sim.c:270:6:Sim_ResetConversation	4	static
../Library_User/Network/Sim/sim.c:276:6:Sim1_CountToStepTo	16	static
../Library_User/Network/Sim/sim.c:285:6:Sim_UartIsrHandle	24	static
../Library_User/Network/Sim/sim.c:333:9:IsOnMessageMqtt	8	static
../Library_User/Network/Sim/sim.c:344:15:UartSimBufferSize_OverFlow	4	static
../Library_User/Network/Sim/sim.c:348:10:UartSimBufferSize	4	static
../Library_User/Network/Sim/sim.c:352:6:GPRS_Ask	16	static
../Library_User/Network/Sim/sim.c:358:6:Wait	16	static
../Library_User/Network/Sim/sim.c:371:6:SimWait2_Reset	8	static
../Library_User/Network/Sim/sim.c:375:6:SimWait3_Reset	8	static
../Library_User/Network/Sim/sim.c:380:9:SimWait2	16	static
../Library_User/Network/Sim/sim.c:390:9:SimWait3	16	static
../Library_User/Network/Sim/sim.c:400:15:WaitAnswer	16	static
../Library_User/Network/Sim/sim.c:404:6:PWRKEY_Off	8	static
../Library_User/Network/Sim/sim.c:408:6:PWRKEY_On	8	static
../Library_User/Network/Sim/sim.c:414:9:Sim_SignalQuanlityPercent	4	static
../Library_User/Network/Sim/sim.c:424:5:Sim_PWOn	8	static
../Library_User/Network/Sim/sim.c:508:5:Sim_SelectSim	8	static
../Library_User/Network/Sim/sim.c:573:5:Sim_StartUp	16	static
../Library_User/Network/Sim/sim.c:666:5:Sim_SetUp	8	static
../Library_User/Network/Sim/sim.c:790:5:Sim_ConnectServer	112	static
../Library_User/Network/Sim/sim.c:853:5:Sim_Disconnect	8	static
../Library_User/Network/Sim/sim.c:906:5:Sim_MqttEstablish	8	static
../Library_User/Network/Sim/sim.c:976:6:Sim_MqttDecodeMsg	8	static
../Library_User/Network/Sim/sim.c:988:5:Sim_MqttComunication	8	static
../Library_User/Network/Sim/sim.c:1064:5:Sim_Sleep	8	static
../Library_User/Network/Sim/sim.c:1099:6:Sim1_CheckConnectServer	8	static
../Library_User/Network/Sim/sim.c:1120:6:Sim_SwitchModeSecurity	4	static
../Library_User/Network/Sim/sim.c:1125:6:Sim_WakeUp	8	static
../Library_User/Network/Sim/sim.c:1137:9:Sim_GetModeSecurity	4	static
../Library_User/Network/Sim/sim.c:1141:9:IsSimConnectedServer	4	static
../Library_User/Network/Sim/sim.c:1146:6:Sim_RequireSendImmediate	4	static
