../Library_User/Network/Sim/sim.c:82:6:Sim_Init	4	static
../Library_User/Network/Sim/sim.c:107:6:Sim_Work	16	static
../Library_User/Network/Sim/sim.c:168:6:Sim_MqttMsgHandle	16	static
../Library_User/Network/Sim/sim.c:204:6:UART_SIM_WriteByte	24	static
../Library_User/Network/Sim/sim.c:215:6:UART_SIM_PutArray	24	static
../Library_User/Network/Sim/sim.c:223:6:UART_SIM_PutString	16	static
../Library_User/Network/Sim/sim.c:232:10:SendData_ThowGprs	16	static
../Library_User/Network/Sim/sim.c:238:10:Sim_CheckMsgMqtt	16	static
../Library_User/Network/Sim/sim.c:248:6:Stepto	16	static
../Library_User/Network/Sim/sim.c:253:6:Sim1CountTo	16	static
../Library_User/Network/Sim/sim.c:257:6:NextStep	16	static
../Library_User/Network/Sim/sim.c:263:6:NextCmdStep	4	static
../Library_User/Network/Sim/sim.c:269:6:PreviousStep	4	static
../Library_User/Network/Sim/sim.c:274:6:Sim_ResetConversation	4	static
../Library_User/Network/Sim/sim.c:280:6:Sim1_CountToStepTo	16	static
../Library_User/Network/Sim/sim.c:289:6:Sim_UartIsrHandle	24	static
../Library_User/Network/Sim/sim.c:337:9:IsOnMessageMqtt	8	static
../Library_User/Network/Sim/sim.c:348:15:UartSimBufferSize_OverFlow	4	static
../Library_User/Network/Sim/sim.c:352:10:UartSimBufferSize	4	static
../Library_User/Network/Sim/sim.c:356:6:GPRS_Ask	16	static
../Library_User/Network/Sim/sim.c:362:6:Wait	16	static
../Library_User/Network/Sim/sim.c:375:6:SimWait2_Reset	8	static
../Library_User/Network/Sim/sim.c:379:6:SimWait3_Reset	8	static
../Library_User/Network/Sim/sim.c:384:9:SimWait2	16	static
../Library_User/Network/Sim/sim.c:394:9:SimWait3	16	static
../Library_User/Network/Sim/sim.c:404:15:WaitAnswer	16	static
../Library_User/Network/Sim/sim.c:408:6:PWRKEY_Off	8	static
../Library_User/Network/Sim/sim.c:412:6:PWRKEY_On	8	static
../Library_User/Network/Sim/sim.c:418:9:Sim_SignalQuanlityPercent	4	static
../Library_User/Network/Sim/sim.c:428:5:Sim_PWOn	8	static
../Library_User/Network/Sim/sim.c:512:5:Sim_GPS	8	static
../Library_User/Network/Sim/sim.c:545:5:Sim_SelectSim	8	static
../Library_User/Network/Sim/sim.c:610:5:Sim_StartUp	16	static
../Library_User/Network/Sim/sim.c:706:5:Sim_SetUp	8	static
../Library_User/Network/Sim/sim.c:823:5:Sim_ConnectServer	112	static
../Library_User/Network/Sim/sim.c:886:5:Sim_Disconnect	8	static
../Library_User/Network/Sim/sim.c:939:5:Sim_MqttEstablish	8	static
../Library_User/Network/Sim/sim.c:1009:6:Sim_MqttDecodeMsg	8	static
../Library_User/Network/Sim/sim.c:1021:5:Sim_MqttComunication	8	static
../Library_User/Network/Sim/sim.c:1098:5:Sim_Sleep	8	static
../Library_User/Network/Sim/sim.c:1133:6:Sim1_CheckConnectServer	8	static
../Library_User/Network/Sim/sim.c:1154:6:Sim_SwitchModeSecurity	4	static
../Library_User/Network/Sim/sim.c:1159:6:Sim_WakeUp	8	static
../Library_User/Network/Sim/sim.c:1171:9:Sim_GetModeSecurity	4	static
../Library_User/Network/Sim/sim.c:1175:9:IsSimConnectedServer	4	static
../Library_User/Network/Sim/sim.c:1180:6:Sim_RequireSendImmediate	4	static
