../Library_User/ModbusRTU/modbus_msg_handle.c:11:24:u16_clamp_u32	16	static
../Library_User/ModbusRTU/modbus_msg_handle.c:16:24:u16_from_float_scale	24	static
../Library_User/ModbusRTU/modbus_msg_handle.c:24:24:u16_from_s16	16	static
../Library_User/ModbusRTU/modbus_msg_handle.c:29:24:u16_from_float_s16_scale	24	static
../Library_User/ModbusRTU/modbus_msg_handle.c:42:13:Modbus_InitDriverThresholdPending	16	static
../Library_User/ModbusRTU/modbus_msg_handle.c:52:13:Modbus_MapHoldingRegs	8	static
../Library_User/ModbusRTU/modbus_msg_handle.c:67:13:Modbus_RefreshDriverThresholdStatus	8	static
../Library_User/ModbusRTU/modbus_msg_handle.c:79:13:Modbus_HandleDriverThresholdHoldingWrite	24	static
../Library_User/ModbusRTU/modbus_msg_handle.c:147:13:Modbus_MapInputRegs	48	static
../Library_User/ModbusRTU/modbus_msg_handle.c:236:13:Modbus_MapCoils	32	static
../Library_User/ModbusRTU/modbus_msg_handle.c:292:13:SlaverSerial_MessageReadHoldingHandle	24	static
../Library_User/ModbusRTU/modbus_msg_handle.c:299:13:SlaverSerial_MessageReadInputHandle	16	static
../Library_User/ModbusRTU/modbus_msg_handle.c:304:13:SlaverSerial_MessagePresetMutilHandle	24	static
../Library_User/ModbusRTU/modbus_msg_handle.c:311:6:SlaverSerial_MessageHandle	24	static
../Library_User/ModbusRTU/modbus_msg_handle.c:366:6:SlaverSerial_Update	16	static
