../Library_User/ModbusRTU/modbus_msg_handle.c:13:24:u16_clamp_u32	16	static
../Library_User/ModbusRTU/modbus_msg_handle.c:18:24:u16_from_float_scale	24	static
../Library_User/ModbusRTU/modbus_msg_handle.c:26:24:u16_from_s16	16	static
../Library_User/ModbusRTU/modbus_msg_handle.c:31:24:u16_from_float_s16_scale	24	static
../Library_User/ModbusRTU/modbus_msg_handle.c:44:13:Modbus_InitDriverThresholdPending	16	static
../Library_User/ModbusRTU/modbus_msg_handle.c:54:13:Modbus_MapHoldingRegs	8	static
../Library_User/ModbusRTU/modbus_msg_handle.c:69:13:Modbus_RefreshDriverThresholdStatus	8	static
../Library_User/ModbusRTU/modbus_msg_handle.c:81:13:Modbus_HandleDriverThresholdHoldingWrite	24	static
../Library_User/ModbusRTU/modbus_msg_handle.c:149:13:Modbus_MapInputRegs	56	static
../Library_User/ModbusRTU/modbus_msg_handle.c:249:13:Modbus_MapCoils	32	static
../Library_User/ModbusRTU/modbus_msg_handle.c:311:13:SlaverSerial_MessageReadHoldingHandle	24	static
../Library_User/ModbusRTU/modbus_msg_handle.c:318:13:SlaverSerial_MessageReadInputHandle	16	static
../Library_User/ModbusRTU/modbus_msg_handle.c:323:13:SlaverSerial_MessagePresetMutilHandle	24	static
../Library_User/ModbusRTU/modbus_msg_handle.c:330:6:SlaverSerial_MessageHandle	24	static
../Library_User/ModbusRTU/modbus_msg_handle.c:385:6:SlaverSerial_Update	16	static
