../Library_User/ModbusRTU/modbus_slave_base.c:32:9:ModbusSlaver_GetFuntion	16	static
../Library_User/ModbusRTU/modbus_slave_base.c:37:10:ModbusSlaver_GetAddress	24	static
../Library_User/ModbusRTU/modbus_slave_base.c:44:10:ModbusSlaver_GetData	24	static
../Library_User/ModbusRTU/modbus_slave_base.c:51:9:ModbusSlaver_DecodeMsg	32	static
../Library_User/ModbusRTU/modbus_slave_base.c:71:6:Slaver_Do	16	static
../Library_User/ModbusRTU/modbus_slave_base.c:99:6:Slaver_PrepareRespond	24	static
../Library_User/ModbusRTU/modbus_slave_base.c:140:6:ModbusSlaver_WriteSingleCoil	24	static
../Library_User/ModbusRTU/modbus_slave_base.c:160:6:ModbusSlaver_WriteMultipleCoils	40	static
../Library_User/ModbusRTU/modbus_slave_base.c:221:6:ModbusSlaver_PresetSingleRegister	24	static
../Library_User/ModbusRTU/modbus_slave_base.c:232:6:ModbusSlaver_WriteMultiRegister	48	static
../Library_User/ModbusRTU/modbus_slave_base.c:254:6:ModbusSlaver_ReadCoils	48	static
../Library_User/ModbusRTU/modbus_slave_base.c:327:6:ModbusSlaver_ReadInpuState	48	static
../Library_User/ModbusRTU/modbus_slave_base.c:396:6:ModbusSlaver_ReadHoldingReg	40	static
../Library_User/ModbusRTU/modbus_slave_base.c:440:6:ModbusSlaver_ReadInputReg	40	static
../Library_User/ModbusRTU/modbus_slave_base.c:481:10:ModbusSlaver_CalculateCRC	32	static
../Library_User/ModbusRTU/modbus_slave_base.c:504:9:ModbusSlaver_CheckCRC	24	static
