../Library_User/Display/Src/Display_Curtis.c:35:20:vcu_state_to_main_menu	16	static
../Library_User/Display/Src/Display_Curtis.c:58:13:is_detail_menu_allowed	24	static
../Library_User/Display/Src/Display_Curtis.c:66:22:find_next_allowed_detail_menu	80	static
../Library_User/Display/Src/Display_Curtis.c:104:22:find_prev_allowed_detail_menu	80	static
../Library_User/Display/Src/Display_Curtis.c:154:6:display_can_info_1	112	static
../Library_User/Display/Src/Display_Curtis.c:202:6:display_can_info_2	168	static
../Library_User/Display/Src/Display_Curtis.c:246:6:display_throttle_control	152	static
../Library_User/Display/Src/Display_Curtis.c:358:6:display_bms_info	192	static
../Library_User/Display/Src/Display_Curtis.c:411:6:display_alm_bms	168	static
../Library_User/Display/Src/Display_Curtis.c:495:6:display_io_info	104	static
../Library_User/Display/Src/Display_Curtis.c:593:6:display_bms_batt_st2	128	static
../Library_User/Display/Src/Display_Curtis.c:624:6:display_bms_all_temp	96	static
../Library_User/Display/Src/Display_Curtis.c:663:6:display_bms_err_info	56	static
../Library_User/Display/Src/Display_Curtis.c:722:6:display_bms_info_sys	112	static
../Library_User/Display/Src/Display_Curtis.c:751:6:display_bms_sw_sta	136	static
../Library_User/Display/Src/Display_Curtis.c:792:13:draw_cellvol_page	88	static
../Library_User/Display/Src/Display_Curtis.c:822:6:display_bms_cellvol	8	static
../Library_User/Display/Src/Display_Curtis.c:826:6:display_bms_cellvol_2	8	static
../Library_User/Display/Src/Display_Curtis.c:830:6:display_bms_chg_info	128	static
../Library_User/Display/Src/Display_Curtis.c:867:6:display_main_init	128	static
../Library_User/Display/Src/Display_Curtis.c:896:6:display_main_waiting	112	static
../Library_User/Display/Src/Display_Curtis.c:929:6:display_main_can	88	static
../Library_User/Display/Src/Display_Curtis.c:953:6:display_main_physical	112	static
../Library_User/Display/Src/Display_Curtis.c:982:6:display_main_charge	152	static
../Library_User/Display/Src/Display_Curtis.c:1015:6:display_main_idle	88	static
../Library_User/Display/Src/Display_Curtis.c:1040:6:display_main_error	88	static
../Library_User/Display/Src/Display_Curtis.c:1065:6:display_network	88	static
../Library_User/Display/Src/Display_Curtis.c:1137:6:process_button	8	static
../Library_User/Display/Src/Display_Curtis.c:1441:6:process_menu	16	static
