../Library_User/Display/Src/Display_Curtis.c:36:20:vcu_state_to_main_menu	16	static
../Library_User/Display/Src/Display_Curtis.c:59:13:is_detail_menu_allowed	24	static
../Library_User/Display/Src/Display_Curtis.c:67:22:find_next_allowed_detail_menu	72	static
../Library_User/Display/Src/Display_Curtis.c:105:22:find_prev_allowed_detail_menu	72	static
../Library_User/Display/Src/Display_Curtis.c:155:6:display_can_info_1	112	static
../Library_User/Display/Src/Display_Curtis.c:203:6:display_can_info_2	168	static
../Library_User/Display/Src/Display_Curtis.c:247:6:display_throttle_control	152	static
../Library_User/Display/Src/Display_Curtis.c:359:6:display_bms_info	192	static
../Library_User/Display/Src/Display_Curtis.c:412:6:display_alm_bms	168	static
../Library_User/Display/Src/Display_Curtis.c:496:6:display_io_info	104	static
../Library_User/Display/Src/Display_Curtis.c:594:6:display_bms_batt_st2	128	static
../Library_User/Display/Src/Display_Curtis.c:625:6:display_bms_all_temp	96	static
../Library_User/Display/Src/Display_Curtis.c:664:6:display_bms_err_info	56	static
../Library_User/Display/Src/Display_Curtis.c:723:6:display_bms_info_sys	112	static
../Library_User/Display/Src/Display_Curtis.c:752:6:display_bms_sw_sta	136	static
../Library_User/Display/Src/Display_Curtis.c:793:13:draw_cellvol_page	88	static
../Library_User/Display/Src/Display_Curtis.c:823:6:display_bms_cellvol	8	static
../Library_User/Display/Src/Display_Curtis.c:827:6:display_bms_cellvol_2	8	static
../Library_User/Display/Src/Display_Curtis.c:831:6:display_bms_chg_info	128	static
../Library_User/Display/Src/Display_Curtis.c:868:6:display_main_init	128	static
../Library_User/Display/Src/Display_Curtis.c:897:6:display_main_waiting	112	static
../Library_User/Display/Src/Display_Curtis.c:930:6:display_main_can	88	static
../Library_User/Display/Src/Display_Curtis.c:954:6:display_main_physical	112	static
../Library_User/Display/Src/Display_Curtis.c:983:6:display_main_charge	152	static
../Library_User/Display/Src/Display_Curtis.c:1016:6:display_main_idle	88	static
../Library_User/Display/Src/Display_Curtis.c:1041:6:display_main_error	88	static
../Library_User/Display/Src/Display_Curtis.c:1063:6:process_button	8	static
../Library_User/Display/Src/Display_Curtis.c:1367:6:process_menu	16	static
