../Library_User/Display/Src/Display_Curtis.c:35:20:vcu_state_to_main_menu	16	static
../Library_User/Display/Src/Display_Curtis.c:54:13:is_detail_menu_allowed	24	static
../Library_User/Display/Src/Display_Curtis.c:62:22:find_next_allowed_detail_menu	80	static
../Library_User/Display/Src/Display_Curtis.c:100:22:find_prev_allowed_detail_menu	80	static
../Library_User/Display/Src/Display_Curtis.c:150:6:display_can_info_1	112	static
../Library_User/Display/Src/Display_Curtis.c:198:6:display_can_info_2	168	static
../Library_User/Display/Src/Display_Curtis.c:242:6:display_throttle_control	152	static
../Library_User/Display/Src/Display_Curtis.c:354:6:display_bms_info	192	static
../Library_User/Display/Src/Display_Curtis.c:407:6:display_alm_bms	168	static
../Library_User/Display/Src/Display_Curtis.c:491:6:display_io_info	104	static
../Library_User/Display/Src/Display_Curtis.c:589:6:display_bms_batt_st2	128	static
../Library_User/Display/Src/Display_Curtis.c:620:6:display_bms_all_temp	96	static
../Library_User/Display/Src/Display_Curtis.c:659:6:display_bms_err_info	56	static
../Library_User/Display/Src/Display_Curtis.c:718:6:display_bms_info_sys	112	static
../Library_User/Display/Src/Display_Curtis.c:747:6:display_bms_sw_sta	136	static
../Library_User/Display/Src/Display_Curtis.c:788:13:draw_cellvol_page	88	static
../Library_User/Display/Src/Display_Curtis.c:818:6:display_bms_cellvol	8	static
../Library_User/Display/Src/Display_Curtis.c:822:6:display_bms_cellvol_2	8	static
../Library_User/Display/Src/Display_Curtis.c:826:6:display_bms_chg_info	128	static
../Library_User/Display/Src/Display_Curtis.c:863:6:display_main_init	128	static
../Library_User/Display/Src/Display_Curtis.c:892:6:display_main_waiting	112	static
../Library_User/Display/Src/Display_Curtis.c:925:6:display_main_can	88	static
../Library_User/Display/Src/Display_Curtis.c:949:6:display_main_physical	96	static
../Library_User/Display/Src/Display_Curtis.c:974:6:display_main_charge	152	static
../Library_User/Display/Src/Display_Curtis.c:1007:6:display_main_idle	88	static
../Library_User/Display/Src/Display_Curtis.c:1032:6:display_main_error	88	static
../Library_User/Display/Src/Display_Curtis.c:1056:6:display_network	88	static
../Library_User/Display/Src/Display_Curtis.c:1128:6:process_button	8	static
../Library_User/Display/Src/Display_Curtis.c:1432:6:process_menu	16	static
