../Library_User/Display/Src/Display_Curtis.c:37:6:display_can_info_1	112	static
../Library_User/Display/Src/Display_Curtis.c:85:6:display_can_info_2	168	static
../Library_User/Display/Src/Display_Curtis.c:129:6:display_throttle_control	152	static
../Library_User/Display/Src/Display_Curtis.c:241:6:display_bms_info	192	static
../Library_User/Display/Src/Display_Curtis.c:294:6:display_alm_bms	168	static
../Library_User/Display/Src/Display_Curtis.c:378:6:display_io_info	104	static
../Library_User/Display/Src/Display_Curtis.c:476:6:display_bms_batt_st2	128	static
../Library_User/Display/Src/Display_Curtis.c:507:6:display_bms_all_temp	96	static
../Library_User/Display/Src/Display_Curtis.c:546:6:display_bms_err_info	56	static
../Library_User/Display/Src/Display_Curtis.c:605:6:display_bms_info_sys	112	static
../Library_User/Display/Src/Display_Curtis.c:634:6:display_bms_sw_sta	136	static
../Library_User/Display/Src/Display_Curtis.c:675:13:draw_cellvol_page	88	static
../Library_User/Display/Src/Display_Curtis.c:705:6:display_bms_cellvol	8	static
../Library_User/Display/Src/Display_Curtis.c:709:6:display_bms_cellvol_2	8	static
../Library_User/Display/Src/Display_Curtis.c:713:6:display_bms_chg_info	128	static
../Library_User/Display/Src/Display_Curtis.c:744:6:process_button	8	static
../Library_User/Display/Src/Display_Curtis.c:1017:6:process_menu	8	static
