../Library_User/Display/Src/Display_Curtis.c:37:6:display_can_info_1	112	static
../Library_User/Display/Src/Display_Curtis.c:85:6:display_can_info_2	168	static
../Library_User/Display/Src/Display_Curtis.c:129:6:display_throttle_control	152	static
../Library_User/Display/Src/Display_Curtis.c:241:6:display_bms_info	192	static
../Library_User/Display/Src/Display_Curtis.c:294:6:display_alm_bms	168	static
../Library_User/Display/Src/Display_Curtis.c:374:6:display_io_info	104	static
../Library_User/Display/Src/Display_Curtis.c:472:6:process_button	8	static
../Library_User/Display/Src/Display_Curtis.c:745:6:process_menu	8	static
