../Library_User/Display/Src/Display_Curtis.c:35:20:vcu_state_to_main_menu	16	static
../Library_User/Display/Src/Display_Curtis.c:54:13:is_detail_menu_allowed	24	static
../Library_User/Display/Src/Display_Curtis.c:62:22:find_next_allowed_detail_menu	80	static
../Library_User/Display/Src/Display_Curtis.c:101:22:find_prev_allowed_detail_menu	80	static
../Library_User/Display/Src/Display_Curtis.c:152:6:display_can_info_1	112	static
../Library_User/Display/Src/Display_Curtis.c:200:6:display_can_info_2	168	static
../Library_User/Display/Src/Display_Curtis.c:246:6:display_throttle_control	152	static
../Library_User/Display/Src/Display_Curtis.c:358:6:display_bms_info	192	static
../Library_User/Display/Src/Display_Curtis.c:411:6:display_alm_bms	168	static
../Library_User/Display/Src/Display_Curtis.c:495:6:display_io_info	104	static
../Library_User/Display/Src/Display_Curtis.c:593:6:display_bms_batt_st2	128	static
../Library_User/Display/Src/Display_Curtis.c:624:6:display_bms_all_temp	96	static
../Library_User/Display/Src/Display_Curtis.c:663:6:display_bms_err_info	56	static
../Library_User/Display/Src/Display_Curtis.c:716:6:display_bms_info_sys	112	static
../Library_User/Display/Src/Display_Curtis.c:745:6:display_bms_sw_sta	136	static
../Library_User/Display/Src/Display_Curtis.c:786:13:draw_cellvol_page	88	static
../Library_User/Display/Src/Display_Curtis.c:816:6:display_bms_cellvol	8	static
../Library_User/Display/Src/Display_Curtis.c:820:6:display_bms_cellvol_2	8	static
../Library_User/Display/Src/Display_Curtis.c:824:6:display_bms_chg_info	128	static
../Library_User/Display/Src/Display_Curtis.c:861:6:display_main_init	120	static
../Library_User/Display/Src/Display_Curtis.c:890:6:display_main_waiting	112	static
../Library_User/Display/Src/Display_Curtis.c:923:6:display_main_can	88	static
../Library_User/Display/Src/Display_Curtis.c:947:6:display_main_physical	96	static
../Library_User/Display/Src/Display_Curtis.c:972:6:display_main_charge	152	static
../Library_User/Display/Src/Display_Curtis.c:1005:6:display_main_idle	88	static
../Library_User/Display/Src/Display_Curtis.c:1030:6:display_main_error	88	static
../Library_User/Display/Src/Display_Curtis.c:1054:6:display_network	88	static
../Library_User/Display/Src/Display_Curtis.c:1135:6:display_modbus_rs485	96	static
../Library_User/Display/Src/Display_Curtis.c:1200:6:process_button	8	static
../Library_User/Display/Src/Display_Curtis.c:1504:6:process_menu	16	static
