../Library_User/Display/Src/Display_Curtis.c:12:16:display_center_x	24	static
../Library_User/Display/Src/Display_Curtis.c:46:20:vcu_state_to_main_menu	16	static
../Library_User/Display/Src/Display_Curtis.c:65:13:is_detail_menu_allowed	24	static
../Library_User/Display/Src/Display_Curtis.c:73:22:find_next_allowed_detail_menu	80	static
../Library_User/Display/Src/Display_Curtis.c:112:22:find_prev_allowed_detail_menu	80	static
../Library_User/Display/Src/Display_Curtis.c:163:6:display_can_info_1	136	static
../Library_User/Display/Src/Display_Curtis.c:211:6:display_can_info_2	216	static
../Library_User/Display/Src/Display_Curtis.c:257:6:display_throttle_control	152	static
../Library_User/Display/Src/Display_Curtis.c:369:6:display_bms_info	184	static
../Library_User/Display/Src/Display_Curtis.c:419:6:display_alm_bms	168	static
../Library_User/Display/Src/Display_Curtis.c:503:6:display_io_info	104	static
../Library_User/Display/Src/Display_Curtis.c:601:6:display_bms_batt_st2	128	static
../Library_User/Display/Src/Display_Curtis.c:632:6:display_bms_all_temp	96	static
../Library_User/Display/Src/Display_Curtis.c:671:6:display_bms_err_info	56	static
../Library_User/Display/Src/Display_Curtis.c:724:6:display_bms_info_sys	112	static
../Library_User/Display/Src/Display_Curtis.c:753:6:display_bms_sw_sta	136	static
../Library_User/Display/Src/Display_Curtis.c:794:13:draw_cellvol_page	88	static
../Library_User/Display/Src/Display_Curtis.c:824:6:display_bms_cellvol	8	static
../Library_User/Display/Src/Display_Curtis.c:828:6:display_bms_cellvol_2	8	static
../Library_User/Display/Src/Display_Curtis.c:832:6:display_bms_chg_info	128	static
../Library_User/Display/Src/Display_Curtis.c:869:6:display_main_init	120	static
../Library_User/Display/Src/Display_Curtis.c:898:6:display_main_waiting	112	static
../Library_User/Display/Src/Display_Curtis.c:931:6:display_main_can	88	static
../Library_User/Display/Src/Display_Curtis.c:955:6:display_main_physical	96	static
../Library_User/Display/Src/Display_Curtis.c:980:6:display_main_charge	152	static
../Library_User/Display/Src/Display_Curtis.c:1013:6:display_main_idle	88	static
../Library_User/Display/Src/Display_Curtis.c:1038:6:display_main_error	88	static
../Library_User/Display/Src/Display_Curtis.c:1080:6:display_network	88	static
../Library_User/Display/Src/Display_Curtis.c:1161:6:display_modbus_rs485	96	static
../Library_User/Display/Src/Display_Curtis.c:1226:6:process_button	8	static
../Library_User/Display/Src/Display_Curtis.c:1530:6:process_menu	16	static
