../Library_User/Display/Src/ST7565.c:52:13:ST7565_updateBoundingBox	16	static
../Library_User/Display/Src/ST7565.c:62:6:ST7565_drawbitmap	40	static
../Library_User/Display/Src/ST7565.c:89:6:ST7565_drawstring	16	static
../Library_User/Display/Src/ST7565.c:106:7:ST7565_drawchar	24	static
../Library_User/Display/Src/ST7565.c:117:6:ST7565_drawstring_anywhere	24	static
../Library_User/Display/Src/ST7565.c:128:6:ST7565_drawchar_anywhere	24	static
../Library_User/Display/Src/ST7565.c:148:6:ST7565_drawline	40	static
../Library_User/Display/Src/ST7565.c:186:6:ST7565_fillrect	32	static
../Library_User/Display/Src/ST7565.c:201:6:ST7565_drawrect	32	static
../Library_User/Display/Src/ST7565.c:218:6:ST7565_drawcircle	32	static
../Library_User/Display/Src/ST7565.c:256:6:ST7565_fillcircle	32	static
../Library_User/Display/Src/ST7565.c:294:6:updateDisplay	16	static
../Library_User/Display/Src/ST7565.c:314:6:ST7565_setpixel	24	static
../Library_User/Display/Src/ST7565.c:328:6:ST7565_init	8	static
../Library_User/Display/Src/ST7565.c:384:9:ST7565_command	32	static
../Library_User/Display/Src/ST7565.c:396:9:ST7565_data	32	static
../Library_User/Display/Src/ST7565.c:407:6:ST7565_set_brightness	16	static
../Library_User/Display/Src/ST7565.c:413:6:ST7565_clear	16	static
