../Library_User/Storage/extern_flash.c:19:6:Flash_Init	8	static
../Library_User/Storage/extern_flash.c:24:6:Flash_EraseSector	16	static
../Library_User/Storage/extern_flash.c:29:9:Flash_WritePage	32	static
../Library_User/Storage/extern_flash.c:34:9:Flash_WritePageAndCheck	40	static
../Library_User/Storage/extern_flash.c:56:6:Flash_TestReadWrite	16	static
../Library_User/Storage/extern_flash.c:62:10:Flash_CalculatorCRC	32	static
../Library_User/Storage/extern_flash.c:80:10:Flash_SaveParam_WithCRC16	56	static
../Library_User/Storage/extern_flash.c:109:10:Flash_ReadParam_WithCRC16	32	static
