../Library_User/Storage/soft_i2c_1.c:10:6:SoftWire1_i2cDelay	8	static
../Library_User/Storage/soft_i2c_1.c:14:6:SoftWire1_sclHi	32	static
../Library_User/Storage/soft_i2c_1.c:28:6:SoftWire1_sdaHi	32	static
../Library_User/Storage/soft_i2c_1.c:41:6:SoftWire1_sclLo	32	static
../Library_User/Storage/soft_i2c_1.c:54:6:SoftWire1_sdaLo	32	static
../Library_User/Storage/soft_i2c_1.c:66:9:SoftI2C_Sda_1_Read	8	static
../Library_User/Storage/soft_i2c_1.c:71:6:SoftWire1_Init	8	static
../Library_User/Storage/soft_i2c_1.c:77:6:SoftWire1_Start	8	static
../Library_User/Storage/soft_i2c_1.c:88:6:SoftWire1_Stop	8	static
../Library_User/Storage/soft_i2c_1.c:99:17:SoftWire1_ReadAck	24	static
../Library_User/Storage/soft_i2c_1.c:124:17:SoftWire1_WriteByte	24	static
../Library_User/Storage/soft_i2c_1.c:143:6:SoftWire1_SendAck	8	static
../Library_User/Storage/soft_i2c_1.c:153:6:SoftWire1_sendNack	8	static
../Library_User/Storage/soft_i2c_1.c:164:9:SoftWire1_readByte	24	static
../Library_User/Storage/soft_i2c_1.c:188:17:SoftWire1_SendStart	16	static
