../Library_User/Storage/spif.c:119:6:SPIF_Delay	16	static
../Library_User/Storage/spif.c:138:6:SPIF_Lock	16	static
../Library_User/Storage/spif.c:149:6:SPIF_UnLock	16	static
../Library_User/Storage/spif.c:156:6:SPIF_CsPin	16	static
../Library_User/Storage/spif.c:164:6:SPIF_TransmitReceive	40	static
../Library_User/Storage/spif.c:206:6:SPIF_Transmit	32	static
../Library_User/Storage/spif.c:248:6:SPIF_Receive	32	static
../Library_User/Storage/spif.c:290:6:SPIF_WriteEnable	24	static
../Library_User/Storage/spif.c:306:6:SPIF_WriteDisable	24	static
../Library_User/Storage/spif.c:322:9:SPIF_ReadReg1	32	static
../Library_User/Storage/spif.c:338:9:SPIF_ReadReg2	32	static
../Library_User/Storage/spif.c:354:9:SPIF_ReadReg3	32	static
../Library_User/Storage/spif.c:370:6:SPIF_WriteReg1	24	static
../Library_User/Storage/spif.c:400:6:SPIF_WriteReg2	24	static
../Library_User/Storage/spif.c:430:6:SPIF_WriteReg3	24	static
../Library_User/Storage/spif.c:460:6:SPIF_WaitForWriting	24	static
../Library_User/Storage/spif.c:483:6:SPIF_FindChip	40	static
../Library_User/Storage/spif.c:626:6:SPIF_WriteFn	48	static
../Library_User/Storage/spif.c:714:6:SPIF_ReadFn	32	static
../Library_User/Storage/spif.c:791:6:SPIF_Init	32	static
../Library_User/Storage/spif.c:837:6:SPIF_EraseChip	24	static
../Library_User/Storage/spif.c:883:6:SPIF_EraseSector	32	static
../Library_User/Storage/spif.c:955:6:SPIF_EraseBlock	32	static
../Library_User/Storage/spif.c:1030:6:SPIF_WriteAddress	64	static
../Library_User/Storage/spif.c:1084:6:SPIF_WritePage	40	static
../Library_User/Storage/spif.c:1108:6:SPIF_WriteSector	56	static
../Library_User/Storage/spif.c:1161:6:SPIF_WriteBlock	56	static
../Library_User/Storage/spif.c:1214:6:SPIF_ReadAddress	32	static
../Library_User/Storage/spif.c:1237:6:SPIF_ReadPage	40	static
../Library_User/Storage/spif.c:1266:6:SPIF_ReadSector	40	static
../Library_User/Storage/spif.c:1295:6:SPIF_ReadBlock	40	static
